Archive member included because of file (symbol)

D:\WIZnet\__Purple\___LPCXpresso_Workspace\wiznet_evb_w5500evb_board\Debug\libwiznet_evb_w5500evb_board.a(board.o)
                              ./src/main.o (Board_LED_Set)
D:\WIZnet\__Purple\___LPCXpresso_Workspace\wiznet_evb_w5500evb_board\Debug\libwiznet_evb_w5500evb_board.a(board_sysinit.o)
                              ./src/sysinit.o (Board_SystemInit)
D:\WIZnet\__Purple\___LPCXpresso_Workspace\wiznet_evb_w5500evb_board\Debug\libwiznet_evb_w5500evb_board.a(w5500_spi.o)
                              ./src/main.o (SPI_Init)
D:\WIZnet\__Purple\___LPCXpresso_Workspace\lpc_chip_11exx\Debug\liblpc_chip_11exx.a(chip_11xx.o)
                              ./src/main.o (SystemCoreClock)
D:\WIZnet\__Purple\___LPCXpresso_Workspace\lpc_chip_11exx\Debug\liblpc_chip_11exx.a(clock_11xx.o)
                              D:\WIZnet\__Purple\___LPCXpresso_Workspace\wiznet_evb_w5500evb_board\Debug\libwiznet_evb_w5500evb_board.a(board_sysinit.o) (Chip_Clock_SetSystemPLLSource)
D:\WIZnet\__Purple\___LPCXpresso_Workspace\lpc_chip_11exx\Debug\liblpc_chip_11exx.a(gpio_11xx_1.o)
                              D:\WIZnet\__Purple\___LPCXpresso_Workspace\wiznet_evb_w5500evb_board\Debug\libwiznet_evb_w5500evb_board.a(board.o) (Chip_GPIO_Init)
D:\WIZnet\__Purple\___LPCXpresso_Workspace\lpc_chip_11exx\Debug\liblpc_chip_11exx.a(iocon_11xx.o)
                              D:\WIZnet\__Purple\___LPCXpresso_Workspace\wiznet_evb_w5500evb_board\Debug\libwiznet_evb_w5500evb_board.a(board.o) (Chip_IOCON_PinMuxSet)
D:\WIZnet\__Purple\___LPCXpresso_Workspace\lpc_chip_11exx\Debug\liblpc_chip_11exx.a(ssp_11xx.o)
                              D:\WIZnet\__Purple\___LPCXpresso_Workspace\wiznet_evb_w5500evb_board\Debug\libwiznet_evb_w5500evb_board.a(w5500_spi.o) (Chip_SSP_WriteFrames_Blocking)
D:\WIZnet\__Purple\___LPCXpresso_Workspace\lpc_chip_11exx\Debug\liblpc_chip_11exx.a(sysctl_11xx.o)
                              D:\WIZnet\__Purple\___LPCXpresso_Workspace\wiznet_evb_w5500evb_board\Debug\libwiznet_evb_w5500evb_board.a(board_sysinit.o) (Chip_SYSCTL_PowerDown)
D:\WIZnet\__Purple\___LPCXpresso_Workspace\lpc_chip_11exx\Debug\liblpc_chip_11exx.a(timer_11xx.o)
                              ./src/main.o (Chip_TIMER_Init)
D:\WIZnet\__Purple\___LPCXpresso_Workspace\lpc_chip_11exx\Debug\liblpc_chip_11exx.a(uart_11xx.o)
                              D:\WIZnet\__Purple\___LPCXpresso_Workspace\wiznet_evb_w5500evb_board\Debug\libwiznet_evb_w5500evb_board.a(board.o) (Chip_UART_Init)
D:\WIZnet\__Purple\___LPCXpresso_Workspace\lpc_chip_11exx\Debug\liblpc_chip_11exx.a(ring_buffer.o)
                              D:\WIZnet\__Purple\___LPCXpresso_Workspace\lpc_chip_11exx\Debug\liblpc_chip_11exx.a(uart_11xx.o) (RingBuffer_Insert)
D:\WIZnet\__Purple\___LPCXpresso_Workspace\ioLibrary\Debug\libioLibrary.a(dhcp.o)
                              ./src/main.o (reg_dhcp_cbfunc)
D:\WIZnet\__Purple\___LPCXpresso_Workspace\ioLibrary\Debug\libioLibrary.a(w5500.o)
                              D:\WIZnet\__Purple\___LPCXpresso_Workspace\ioLibrary\Debug\libioLibrary.a(dhcp.o) (WIZCHIP_READ)
D:\WIZnet\__Purple\___LPCXpresso_Workspace\ioLibrary\Debug\libioLibrary.a(socket.o)
                              D:\WIZnet\__Purple\___LPCXpresso_Workspace\ioLibrary\Debug\libioLibrary.a(dhcp.o) (socket)
D:\WIZnet\__Purple\___LPCXpresso_Workspace\ioLibrary\Debug\libioLibrary.a(wizchip_conf.o)
                              D:\WIZnet\__Purple\___LPCXpresso_Workspace\ioLibrary\Debug\libioLibrary.a(w5500.o) (WIZCHIP)
D:\WIZnet\__Purple\___LPCXpresso_Workspace\ioLibrary\Debug\libioLibrary.a(loopback.o)
                              ./src/main.o (loopback_tcps)
c:/nxp/lpcxpresso_7.0.0_92/lpcxpresso/tools/bin/../lib/gcc/arm-none-eabi/4.8.3/../../../../arm-none-eabi/lib/armv6-m\libcr_nohost.a(_cr__main.o)
                              ./src/cr_startup_lpc11exx.o (__main)
c:/nxp/lpcxpresso_7.0.0_92/lpcxpresso/tools/bin/../lib/gcc/arm-none-eabi/4.8.3/../../../../arm-none-eabi/lib/armv6-m\libcr_c.a(memcpy.o)
                              D:\WIZnet\__Purple\___LPCXpresso_Workspace\wiznet_evb_w5500evb_board\Debug\libwiznet_evb_w5500evb_board.a(w5500_spi.o) (memcpy)
c:/nxp/lpcxpresso_7.0.0_92/lpcxpresso/tools/bin/../lib/gcc/arm-none-eabi/4.8.3/../../../../arm-none-eabi/lib/armv6-m\libcr_c.a(fpprintf.o)
                              ./src/main.o (printf)
c:/nxp/lpcxpresso_7.0.0_92/lpcxpresso/tools/bin/../lib/gcc/arm-none-eabi/4.8.3/../../../../arm-none-eabi/lib/armv6-m\libcr_c.a(initio.o)
                              c:/nxp/lpcxpresso_7.0.0_92/lpcxpresso/tools/bin/../lib/gcc/arm-none-eabi/4.8.3/../../../../arm-none-eabi/lib/armv6-m\libcr_nohost.a(_cr__main.o) (_initio)
c:/nxp/lpcxpresso_7.0.0_92/lpcxpresso/tools/bin/../lib/gcc/arm-none-eabi/4.8.3/../../../../arm-none-eabi/lib/armv6-m\libcr_c.a(printf.o)
[...]
Memory Configuration

Name             Origin             Length             Attributes
MFlash96         0x00000000         0x00018000         xr
RamLoc8          0x10000000         0x00002000         xrw
RamPeriph2       0x20000000         0x00000800         xrw
SRAM1_2          0x20004000         0x00000800         xrw
*default*        0x00000000         0xffffffff

Linker script and memory map

LOAD ./src/aeabi_romdiv_patch.o
LOAD ./src/cr_startup_lpc11exx.o
LOAD ./src/crp.o
LOAD ./src/main.o
LOAD ./src/sysinit.o
LOAD D:\WIZnet\__Purple\___LPCXpresso_Workspace\wiznet_evb_w5500evb_board\Debug\libwiznet_evb_w5500evb_board.a
LOAD D:\WIZnet\__Purple\___LPCXpresso_Workspace\lpc_chip_11exx\Debug\liblpc_chip_11exx.a
LOAD D:\WIZnet\__Purple\___LPCXpresso_Workspace\ioLibrary\Debug\libioLibrary.a
START GROUP
LOAD c:/nxp/lpcxpresso_7.0.0_92/lpcxpresso/tools/bin/../lib/gcc/arm-none-eabi/4.8.3/../../../../arm-none-eabi/lib/armv6-m\libcr_nohost.a
LOAD c:/nxp/lpcxpresso_7.0.0_92/lpcxpresso/tools/bin/../lib/gcc/arm-none-eabi/4.8.3/../../../../arm-none-eabi/lib/armv6-m\libcr_c.a
LOAD c:/nxp/lpcxpresso_7.0.0_92/lpcxpresso/tools/bin/../lib/gcc/arm-none-eabi/4.8.3/armv6-m\libcr_eabihelpers.a
END GROUP
                0x00018000                __top_MFlash96 = 0x18000
                0x10002000                __top_RamLoc8 = 0x10002000
                0x20000800                __top_RamPeriph2 = 0x20000800
                0x20004800                __top_SRAM1_2 = 0x20004800

.text           0x00000000     0x8cc8
 FILL mask 0xff
                0x00000000                __vectors_start__ = ABSOLUTE (.)
 *(.isr_vector)
 .isr_vector    0x00000000       0xc0 ./src/cr_startup_lpc11exx.o
                0x00000000                g_pfnVectors
                0x000000c0                . = ALIGN (0x4)
                0x000000c0                __section_table_start = .
                0x000000c0                __data_section_table = .
                0x000000c0        0x4 LONG 0x8cc8 LOADADDR (.data)
                0x000000c4        0x4 LONG 0x10000000 ADDR (.data)
                0x000000c8        0x4 LONG 0x5c SIZEOF (.data)
                0x000000cc        0x4 LONG 0x8cc8 LOADADDR (.data_RAM2)
                0x000000d0        0x4 LONG 0x20000000 ADDR (.data_RAM2)
                0x000000d4        0x4 LONG 0x0 SIZEOF (.data_RAM2)
                0x000000d8        0x4 LONG 0x8cc8 LOADADDR (.data_RAM3)
                0x000000dc        0x4 LONG 0x20004000 ADDR (.data_RAM3)
                0x000000e0        0x4 LONG 0x0 SIZEOF (.data_RAM3)
                0x000000e4                __data_section_table_end = .
                0x000000e4                __bss_section_table = .
                0x000000e4        0x4 LONG 0x1000005c ADDR (.bss)
                0x000000e8        0x4 LONG 0x9c0 SIZEOF (.bss)
                0x000000ec        0x4 LONG 0x20000000 ADDR (.bss_RAM2)
                0x000000f0        0x4 LONG 0x0 SIZEOF (.bss_RAM2)
                0x000000f4        0x4 LONG 0x20004000 ADDR (.bss_RAM3)
                0x000000f8        0x4 LONG 0x0 SIZEOF (.bss_RAM3)
                0x000000fc                __bss_section_table_end = .
                0x000000fc                __section_table_end = .
 *(.after_vectors*)
 .after_vectors
                0x000000fc       0xa0 ./src/cr_startup_lpc11exx.o
                0x000000fc                NMI_Handler
                0x000000fe                HardFault_Handler
                0x00000100                SVC_Handler
                0x00000102                PendSV_Handler
                0x00000106                UART_IRQHandler
                0x00000106                FLEX_INT7_IRQHandler
                0x00000106                FMC_IRQHandler
                0x00000106                TIMER32_1_IRQHandler
                0x00000106                FLEX_INT1_IRQHandler
                0x00000106                IntDefaultHandler
                0x00000106                SSP0_IRQHandler
                0x00000106                FLEX_INT6_IRQHandler
                0x00000106                FLEX_INT0_IRQHandler
                0x00000106                FLEX_INT2_IRQHandler
                0x00000106                TIMER16_1_IRQHandler
                0x00000106                FLEX_INT5_IRQHandler
                0x00000106                ADC_IRQHandler
                0x00000106                SSP1_IRQHandler
                0x00000106                FLEX_INT3_IRQHandler
                0x00000106                BOD_IRQHandler
                0x00000106                I2C_IRQHandler
                0x00000106                WDT_IRQHandler
                0x00000106                TIMER16_0_IRQHandler
                0x00000106                GINT0_IRQHandler
                0x00000106                FLEX_INT4_IRQHandler
                0x00000106                GINT1_IRQHandler
                0x00000108                data_init
                0x0000011a                bss_init
                0x0000012a                ResetISR
                0x000002fc                . = 0x2fc
 *fill*         0x0000019c      0x160 ff
                0x000002fc                PROVIDE (__CRP_WORD_START__, .)
 *(.crp)
 .crp           0x000002fc        0x4 ./src/crp.o
                0x000002fc                CRP_WORD
                0x00000300                PROVIDE (__CRP_WORD_END__, .)
                0x00000001                ASSERT (! ((__CRP_WORD_START__ == __CRP_WORD_END__)), Linker CRP Enabled, but no CRP_WORD provided within application)
 *(.text*)
 .text.__aeabi_idiv
                0x00000300       0x10 ./src/aeabi_romdiv_patch.o
                0x00000300                __aeabi_idivmod
                0x00000300                __aeabi_idiv
 .text.__aeabi_uidiv
                0x00000310       0x10 ./src/aeabi_romdiv_patch.o
                0x00000310                __aeabi_uidivmod
                0x00000310                __aeabi_uidiv
 .text.NVIC_EnableIRQ
                0x00000320       0x2c ./src/main.o
 .text.NVIC_ClearPendingIRQ
                0x0000034c       0x34 ./src/main.o
 .text.NVIC_SetPriority
                0x00000380       0xe0 ./src/main.o
 .text.SysTick_Config
                0x00000460       0x48 ./src/main.o
 .text.Chip_TIMER_MatchPending
                0x000004a8       0x34 ./src/main.o
 .text.Chip_TIMER_ClearMatch
                0x000004dc       0x28 ./src/main.o
 .text.Chip_TIMER_Enable
                0x00000504       0x1c ./src/main.o
 .text.Chip_TIMER_SetMatch
                0x00000520       0x2c ./src/main.o
 .text.Chip_TIMER_MatchEnableInt
                0x0000054c       0x34 ./src/main.o
 .text.Chip_TIMER_ResetOnMatchEnable
                0x00000580       0x38 ./src/main.o
 .text.main     0x000005b8      0x198 ./src/main.o
                0x000005b8                main
 .text.Net_Conf
                0x00000750       0x18 ./src/main.o
 .text.Display_Net_Conf
                0x00000768       0xfc ./src/main.o
 .text.PHYStatus_Check
                0x00000864       0x4c ./src/main.o
 .text.SysTick_Handler
                0x000008b0       0xa0 ./src/main.o
                0x000008b0                SysTick_Handler
 .text.TIMER32_0_IRQHandler
                0x00000950       0x2c ./src/main.o
                0x00000950                TIMER32_0_IRQHandler
 .text.Timer32_0_Init
                0x0000097c       0x68 ./src/main.o
                0x0000097c                Timer32_0_Init
 .text.my_ip_assign
                0x000009e4       0x6c ./src/main.o
                0x000009e4                my_ip_assign
 .text.my_ip_conflict
                0x00000a50       0x14 ./src/main.o
                0x00000a50                my_ip_conflict
 .text.SystemInit
                0x00000a64        0xc ./src/sysinit.o
                0x00000a64                SystemInit
 .text.Chip_UART_TXEnable
                0x00000a70       0x14 D:\WIZnet\__Purple\___LPCXpresso_Workspace\wiznet_evb_w5500evb_board\Debug\libwiznet_evb_w5500evb_board.a(board.o)
 .text.Chip_UART_SetupFIFOS
                0x00000a84       0x18 D:\WIZnet\__Purple\___LPCXpresso_Workspace\wiznet_evb_w5500evb_board\Debug\libwiznet_evb_w5500evb_board.a(board.o)
 .text.Chip_UART_ConfigData
                0x00000a9c       0x18 D:\WIZnet\__Purple\___LPCXpresso_Workspace\wiznet_evb_w5500evb_board\Debug\libwiznet_evb_w5500evb_board.a(board.o)
 .text.Chip_GPIO_SetPinState
                0x00000ab4       0x34 D:\WIZnet\__Purple\___LPCXpresso_Workspace\wiznet_evb_w5500evb_board\Debug\libwiznet_evb_w5500evb_board.a(board.o)
 .text.Chip_GPIO_SetPinDIROutput
                0x00000ae8       0x44 D:\WIZnet\__Purple\___LPCXpresso_Workspace\wiznet_evb_w5500evb_board\Debug\libwiznet_evb_w5500evb_board.a(board.o)
 .text.Chip_GPIO_SetPinToggle
                0x00000b2c       0x34 D:\WIZnet\__Purple\___LPCXpresso_Workspace\wiznet_evb_w5500evb_board\Debug\libwiznet_evb_w5500evb_board.a(board.o)
 .text.__sys_write
                0x00000b60       0x38 D:\WIZnet\__Purple\___LPCXpresso_Workspace\wiznet_evb_w5500evb_board\Debug\libwiznet_evb_w5500evb_board.a(board.o)
                0x00000b60                __sys_write
 .text.Board_UARTPutChar
                0x00000b98       0x24 D:\WIZnet\__Purple\___LPCXpresso_Workspace\wiznet_evb_w5500evb_board\Debug\libwiznet_evb_w5500evb_board.a(board.o)
                0x00000b98                Board_UARTPutChar
 .text.Board_Debug_Init
                0x00000bbc       0x60 D:\WIZnet\__Purple\___LPCXpresso_Workspace\wiznet_evb_w5500evb_board\Debug\libwiznet_evb_w5500evb_board.a(board.o)
                0x00000bbc                Board_Debug_Init
 .text.Board_LED_Init
                0x00000c1c       0x64 D:\WIZnet\__Purple\___LPCXpresso_Workspace\wiznet_evb_w5500evb_board\Debug\libwiznet_evb_w5500evb_board.a(board.o)
 .text.Board_LED_Set
                0x00000c80       0x58 D:\WIZnet\__Purple\___LPCXpresso_Workspace\wiznet_evb_w5500evb_board\Debug\libwiznet_evb_w5500evb_board.a(board.o)
                0x00000c80                Board_LED_Set
 .text.Board_LED_Toggle
                0x00000cd8       0x40 D:\WIZnet\__Purple\___LPCXpresso_Workspace\wiznet_evb_w5500evb_board\Debug\libwiznet_evb_w5500evb_board.a(board.o)
                0x00000cd8                Board_LED_Toggle
 .text.Board_Init
                0x00000d18       0x34 D:\WIZnet\__Purple\___LPCXpresso_Workspace\wiznet_evb_w5500evb_board\Debug\libwiznet_evb_w5500evb_board.a(board.o)
                0x00000d18                Board_Init
 .text.Chip_FMC_SetFLASHAccess
                0x00000d4c       0x2c D:\WIZnet\__Purple\___LPCXpresso_Workspace\wiznet_evb_w5500evb_board\Debug\libwiznet_evb_w5500evb_board.a(board_sysinit.o)
 .text.Chip_Clock_SetupSystemPLL
                0x00000d78       0x34 D:\WIZnet\__Purple\___LPCXpresso_Workspace\wiznet_evb_w5500evb_board\Debug\libwiznet_evb_w5500evb_board.a(board_sysinit.o)
 .text.Chip_Clock_IsSystemPLLLocked
                0x00000dac       0x1c D:\WIZnet\__Purple\___LPCXpresso_Workspace\wiznet_evb_w5500evb_board\Debug\libwiznet_evb_w5500evb_board.a(board_sysinit.o)
 .text.Chip_Clock_SetSysClockDiv
                0x00000dc8       0x18 D:\WIZnet\__Purple\___LPCXpresso_Workspace\wiznet_evb_w5500evb_board\Debug\libwiznet_evb_w5500evb_board.a(board_sysinit.o)
 .text.Chip_Clock_EnablePeriphClock
                0x00000de0       0x30 D:\WIZnet\__Purple\___LPCXpresso_Workspace\wiznet_evb_w5500evb_board\Debug\libwiznet_evb_w5500evb_board.a(board_sysinit.o)
 .text.SystemSetupClocking
                0x00000e10       0x64 D:\WIZnet\__Purple\___LPCXpresso_Workspace\wiznet_evb_w5500evb_board\Debug\libwiznet_evb_w5500evb_board.a(board_sysinit.o)
 .text.SystemSetupMuxing
                0x00000e74       0x50 D:\WIZnet\__Purple\___LPCXpresso_Workspace\wiznet_evb_w5500evb_board\Debug\libwiznet_evb_w5500evb_board.a(board_sysinit.o)
 .text.Board_SystemInit
                0x00000ec4       0x18 D:\WIZnet\__Purple\___LPCXpresso_Workspace\wiznet_evb_w5500evb_board\Debug\libwiznet_evb_w5500evb_board.a(board_sysinit.o)
                0x00000ec4                Board_SystemInit
 .text.Chip_SSP_Enable
                0x00000edc       0x1c D:\WIZnet\__Purple\___LPCXpresso_Workspace\wiznet_evb_w5500evb_board\Debug\libwiznet_evb_w5500evb_board.a(w5500_spi.o)
 .text.Chip_SSP_SetFormat
                0x00000ef8       0x30 D:\WIZnet\__Purple\___LPCXpresso_Workspace\wiznet_evb_w5500evb_board\Debug\libwiznet_evb_w5500evb_board.a(w5500_spi.o)
 .text.Chip_GPIO_SetPinState
                0x00000f28       0x34 D:\WIZnet\__Purple\___LPCXpresso_Workspace\wiznet_evb_w5500evb_board\Debug\libwiznet_evb_w5500evb_board.a(w5500_spi.o)
 .text.Chip_GPIO_SetPinDIROutput
                0x00000f5c       0x44 D:\WIZnet\__Purple\___LPCXpresso_Workspace\wiznet_evb_w5500evb_board\Debug\libwiznet_evb_w5500evb_board.a(w5500_spi.o)
 .text.Init_SSP_PinMux
                0x00000fa0       0x60 D:\WIZnet\__Purple\___LPCXpresso_Workspace\wiznet_evb_w5500evb_board\Debug\libwiznet_evb_w5500evb_board.a(w5500_spi.o)
                0x00000fa0                Init_SSP_PinMux
 .text.wizchip_select
                0x00001000       0x18 D:\WIZnet\__Purple\___LPCXpresso_Workspace\wiznet_evb_w5500evb_board\Debug\libwiznet_evb_w5500evb_board.a(w5500_spi.o)
                0x00001000                wizchip_select
 .text.wizchip_deselect
                0x00001018       0x18 D:\WIZnet\__Purple\___LPCXpresso_Workspace\wiznet_evb_w5500evb_board\Debug\libwiznet_evb_w5500evb_board.a(w5500_spi.o)
                0x00001018                wizchip_deselect
 .text.wizchip_read
                0x00001030       0x24 D:\WIZnet\__Purple\___LPCXpresso_Workspace\wiznet_evb_w5500evb_board\Debug\libwiznet_evb_w5500evb_board.a(w5500_spi.o)
                0x00001030                wizchip_read
 .text.wizchip_write
                0x00001054       0x24 D:\WIZnet\__Purple\___LPCXpresso_Workspace\wiznet_evb_w5500evb_board\Debug\libwiznet_evb_w5500evb_board.a(w5500_spi.o)
                0x00001054                wizchip_write
 .text.SPI_Init
                0x00001078       0x48 D:\WIZnet\__Purple\___LPCXpresso_Workspace\wiznet_evb_w5500evb_board\Debug\libwiznet_evb_w5500evb_board.a(w5500_spi.o)
                0x00001078                SPI_Init
 .text.W5500_Init
                0x000010c0       0xb8 D:\WIZnet\__Purple\___LPCXpresso_Workspace\wiznet_evb_w5500evb_board\Debug\libwiznet_evb_w5500evb_board.a(w5500_spi.o)
                0x000010c0                W5500_Init
 .text.SystemCoreClockUpdate
                0x00001178       0x18 D:\WIZnet\__Purple\___LPCXpresso_Workspace\lpc_chip_11exx\Debug\liblpc_chip_11exx.a(chip_11xx.o)
                0x00001178                SystemCoreClockUpdate
 .text.Chip_Clock_GetMainOscRate
                0x00001190       0x14 D:\WIZnet\__Purple\___LPCXpresso_Workspace\lpc_chip_11exx\Debug\liblpc_chip_11exx.a(clock_11xx.o)
 .text.Chip_Clock_GetIntOscRate
                0x000011a4       0x10 D:\WIZnet\__Purple\___LPCXpresso_Workspace\lpc_chip_11exx\Debug\liblpc_chip_11exx.a(clock_11xx.o)
 .text.Chip_Clock_GetWDTLFORate
                0x000011b4       0x48 D:\WIZnet\__Purple\___LPCXpresso_Workspace\lpc_chip_11exx\Debug\liblpc_chip_11exx.a(clock_11xx.o)
 .text.Chip_Clock_GetPLLFreq
                0x000011fc       0x24 D:\WIZnet\__Purple\___LPCXpresso_Workspace\lpc_chip_11exx\Debug\liblpc_chip_11exx.a(clock_11xx.o)
 .text.Chip_Clock_SetSystemPLLSource
                0x00001220       0x2c D:\WIZnet\__Purple\___LPCXpresso_Workspace\lpc_chip_11exx\Debug\liblpc_chip_11exx.a(clock_11xx.o)
                0x00001220                Chip_Clock_SetSystemPLLSource
 .text.Chip_Clock_SetMainClockSource
                0x0000124c       0x2c D:\WIZnet\__Purple\___LPCXpresso_Workspace\lpc_chip_11exx\Debug\liblpc_chip_11exx.a(clock_11xx.o)
                0x0000124c                Chip_Clock_SetMainClockSource
 .text.Chip_Clock_GetWDTOSCRate
                0x00001278       0x1c D:\WIZnet\__Purple\___LPCXpresso_Workspace\lpc_chip_11exx\Debug\liblpc_chip_11exx.a(clock_11xx.o)
                0x00001278                Chip_Clock_GetWDTOSCRate
 .text.Chip_Clock_GetSystemPLLInClockRate
                0x00001294       0x40 D:\WIZnet\__Purple\___LPCXpresso_Workspace\lpc_chip_11exx\Debug\liblpc_chip_11exx.a(clock_11xx.o)
                0x00001294                Chip_Clock_GetSystemPLLInClockRate
 .text.Chip_Clock_GetSystemPLLOutClockRate
                0x000012d4       0x24 D:\WIZnet\__Purple\___LPCXpresso_Workspace\lpc_chip_11exx\Debug\liblpc_chip_11exx.a(clock_11xx.o)
                0x000012d4                Chip_Clock_GetSystemPLLOutClockRate
 .text.Chip_Clock_GetMainClockRate
                0x000012f8       0x64 D:\WIZnet\__Purple\___LPCXpresso_Workspace\lpc_chip_11exx\Debug\liblpc_chip_11exx.a(clock_11xx.o)
                0x000012f8                Chip_Clock_GetMainClockRate
 .text.Chip_Clock_GetSystemClockRate
                0x0000135c       0x24 D:\WIZnet\__Purple\___LPCXpresso_Workspace\lpc_chip_11exx\Debug\liblpc_chip_11exx.a(clock_11xx.o)
                0x0000135c                Chip_Clock_GetSystemClockRate
 .text.Chip_Clock_EnablePeriphClock
                0x00001380       0x30 D:\WIZnet\__Purple\___LPCXpresso_Workspace\lpc_chip_11exx\Debug\liblpc_chip_11exx.a(gpio_11xx_1.o)
 .text.Chip_GPIO_Init
                0x000013b0       0x14 D:\WIZnet\__Purple\___LPCXpresso_Workspace\lpc_chip_11exx\Debug\liblpc_chip_11exx.a(gpio_11xx_1.o)
                0x000013b0                Chip_GPIO_Init
 .text.Chip_IOCON_PinMuxSet
                0x000013c4       0x48 D:\WIZnet\__Purple\___LPCXpresso_Workspace\lpc_chip_11exx\Debug\liblpc_chip_11exx.a(iocon_11xx.o)
                0x000013c4                Chip_IOCON_PinMuxSet
 .text.Chip_SYSCTL_AssertPeriphReset
                0x0000140c       0x30 D:\WIZnet\__Purple\___LPCXpresso_Workspace\lpc_chip_11exx\Debug\liblpc_chip_11exx.a(ssp_11xx.o)
 .text.Chip_SYSCTL_DeassertPeriphReset
                0x0000143c       0x2c D:\WIZnet\__Purple\___LPCXpresso_Workspace\lpc_chip_11exx\Debug\liblpc_chip_11exx.a(ssp_11xx.o)
 .text.Chip_SYSCTL_PeriphReset
                0x00001468       0x28 D:\WIZnet\__Purple\___LPCXpresso_Workspace\lpc_chip_11exx\Debug\liblpc_chip_11exx.a(ssp_11xx.o)
 .text.Chip_Clock_EnablePeriphClock
                0x00001490       0x30 D:\WIZnet\__Purple\___LPCXpresso_Workspace\lpc_chip_11exx\Debug\liblpc_chip_11exx.a(ssp_11xx.o)
 .text.Chip_Clock_SetSSP0ClockDiv
                0x000014c0       0x1c D:\WIZnet\__Purple\___LPCXpresso_Workspace\lpc_chip_11exx\Debug\liblpc_chip_11exx.a(ssp_11xx.o)
 .text.Chip_Clock_GetSSP0ClockDiv
                0x000014dc       0x14 D:\WIZnet\__Purple\___LPCXpresso_Workspace\lpc_chip_11exx\Debug\liblpc_chip_11exx.a(ssp_11xx.o)
 .text.Chip_Clock_SetSSP1ClockDiv
                0x000014f0       0x1c D:\WIZnet\__Purple\___LPCXpresso_Workspace\lpc_chip_11exx\Debug\liblpc_chip_11exx.a(ssp_11xx.o)
 .text.Chip_Clock_GetSSP1ClockDiv
                0x0000150c       0x14 D:\WIZnet\__Purple\___LPCXpresso_Workspace\lpc_chip_11exx\Debug\liblpc_chip_11exx.a(ssp_11xx.o)
 .text.Chip_SSP_GetStatus
                0x00001520       0x28 D:\WIZnet\__Purple\___LPCXpresso_Workspace\lpc_chip_11exx\Debug\liblpc_chip_11exx.a(ssp_11xx.o)
 .text.Chip_SSP_GetRawIntStatus
                0x00001548       0x28 D:\WIZnet\__Purple\___LPCXpresso_Workspace\lpc_chip_11exx\Debug\liblpc_chip_11exx.a(ssp_11xx.o)
 .text.Chip_SSP_GetDataSize
                0x00001570       0x1c D:\WIZnet\__Purple\___LPCXpresso_Workspace\lpc_chip_11exx\Debug\liblpc_chip_11exx.a(ssp_11xx.o)
 .text.Chip_SSP_ClearIntPending
                0x0000158c       0x1c D:\WIZnet\__Purple\___LPCXpresso_Workspace\lpc_chip_11exx\Debug\liblpc_chip_11exx.a(ssp_11xx.o)
 .text.Chip_SSP_ReceiveFrame
                0x000015a8       0x18 D:\WIZnet\__Purple\___LPCXpresso_Workspace\lpc_chip_11exx\Debug\liblpc_chip_11exx.a(ssp_11xx.o)
 .text.Chip_SSP_SendFrame
                0x000015c0       0x1c D:\WIZnet\__Purple\___LPCXpresso_Workspace\lpc_chip_11exx\Debug\liblpc_chip_11exx.a(ssp_11xx.o)
 .text.Chip_SSP_SetFormat
                0x000015dc       0x30 D:\WIZnet\__Purple\___LPCXpresso_Workspace\lpc_chip_11exx\Debug\liblpc_chip_11exx.a(ssp_11xx.o)
 .text.Chip_SSP_Set_Mode
                0x0000160c       0x24 D:\WIZnet\__Purple\___LPCXpresso_Workspace\lpc_chip_11exx\Debug\liblpc_chip_11exx.a(ssp_11xx.o)
 .text.Chip_SSP_GetClockIndex
                0x00001630       0x34 D:\WIZnet\__Purple\___LPCXpresso_Workspace\lpc_chip_11exx\Debug\liblpc_chip_11exx.a(ssp_11xx.o)
 .text.Chip_SSP_GetResetIndex
                0x00001664       0x34 D:\WIZnet\__Purple\___LPCXpresso_Workspace\lpc_chip_11exx\Debug\liblpc_chip_11exx.a(ssp_11xx.o)
 .text.Chip_SSP_SetSSPClkDivider
                0x00001698       0x30 D:\WIZnet\__Purple\___LPCXpresso_Workspace\lpc_chip_11exx\Debug\liblpc_chip_11exx.a(ssp_11xx.o)
 .text.Chip_SSP_GetPCLKkRate
                0x000016c8       0x4c D:\WIZnet\__Purple\___LPCXpresso_Workspace\lpc_chip_11exx\Debug\liblpc_chip_11exx.a(ssp_11xx.o)
 .text.Chip_SSP_SetClockRate
                0x00001714       0x38 D:\WIZnet\__Purple\___LPCXpresso_Workspace\lpc_chip_11exx\Debug\liblpc_chip_11exx.a(ssp_11xx.o)
                0x00001714                Chip_SSP_SetClockRate
 .text.Chip_SSP_WriteFrames_Blocking
                0x0000174c      0x154 D:\WIZnet\__Purple\___LPCXpresso_Workspace\lpc_chip_11exx\Debug\liblpc_chip_11exx.a(ssp_11xx.o)
                0x0000174c                Chip_SSP_WriteFrames_Blocking
 .text.Chip_SSP_ReadFrames_Blocking
                0x000018a0      0x168 D:\WIZnet\__Purple\___LPCXpresso_Workspace\lpc_chip_11exx\Debug\liblpc_chip_11exx.a(ssp_11xx.o)
                0x000018a0                Chip_SSP_ReadFrames_Blocking
 .text.Chip_SSP_SetMaster
                0x00001a08       0x34 D:\WIZnet\__Purple\___LPCXpresso_Workspace\lpc_chip_11exx\Debug\liblpc_chip_11exx.a(ssp_11xx.o)
                0x00001a08                Chip_SSP_SetMaster
 .text.Chip_SSP_SetBitRate
                0x00001a3c       0x78 D:\WIZnet\__Purple\___LPCXpresso_Workspace\lpc_chip_11exx\Debug\liblpc_chip_11exx.a(ssp_11xx.o)
                0x00001a3c                Chip_SSP_SetBitRate
 .text.Chip_SSP_Init
                0x00001ab4       0x60 D:\WIZnet\__Purple\___LPCXpresso_Workspace\lpc_chip_11exx\Debug\liblpc_chip_11exx.a(ssp_11xx.o)
                0x00001ab4                Chip_SSP_Init
 .text.Chip_SYSCTL_PowerDown
                0x00001b14       0x3c D:\WIZnet\__Purple\___LPCXpresso_Workspace\lpc_chip_11exx\Debug\liblpc_chip_11exx.a(sysctl_11xx.o)
                0x00001b14                Chip_SYSCTL_PowerDown
 .text.Chip_SYSCTL_PowerUp
                0x00001b50       0x40 D:\WIZnet\__Purple\___LPCXpresso_Workspace\lpc_chip_11exx\Debug\liblpc_chip_11exx.a(sysctl_11xx.o)
                0x00001b50                Chip_SYSCTL_PowerUp
 .text.Chip_Clock_EnablePeriphClock
                0x00001b90       0x30 D:\WIZnet\__Purple\___LPCXpresso_Workspace\lpc_chip_11exx\Debug\liblpc_chip_11exx.a(timer_11xx.o)
 .text.Chip_TIMER_GetClock
                0x00001bc0       0x60 D:\WIZnet\__Purple\___LPCXpresso_Workspace\lpc_chip_11exx\Debug\liblpc_chip_11exx.a(timer_11xx.o)
 .text.Chip_TIMER_Init
                0x00001c20       0x20 D:\WIZnet\__Purple\___LPCXpresso_Workspace\lpc_chip_11exx\Debug\liblpc_chip_11exx.a(timer_11xx.o)
                0x00001c20                Chip_TIMER_Init
 .text.Chip_TIMER_Reset
                0x00001c40       0x38 D:\WIZnet\__Purple\___LPCXpresso_Workspace\lpc_chip_11exx\Debug\liblpc_chip_11exx.a(timer_11xx.o)
                0x00001c40                Chip_TIMER_Reset
 .text.Chip_Clock_EnablePeriphClock
                0x00001c78       0x30 D:\WIZnet\__Purple\___LPCXpresso_Workspace\lpc_chip_11exx\Debug\liblpc_chip_11exx.a(uart_11xx.o)
 .text.Chip_Clock_SetUARTClockDiv
                0x00001ca8       0x1c D:\WIZnet\__Purple\___LPCXpresso_Workspace\lpc_chip_11exx\Debug\liblpc_chip_11exx.a(uart_11xx.o)
 .text.Chip_UART_SendByte
                0x00001cc4       0x1c D:\WIZnet\__Purple\___LPCXpresso_Workspace\lpc_chip_11exx\Debug\liblpc_chip_11exx.a(uart_11xx.o)
 .text.Chip_UART_SetupFIFOS
                0x00001ce0       0x18 D:\WIZnet\__Purple\___LPCXpresso_Workspace\lpc_chip_11exx\Debug\liblpc_chip_11exx.a(uart_11xx.o)
 .text.Chip_UART_ConfigData
                0x00001cf8       0x18 D:\WIZnet\__Purple\___LPCXpresso_Workspace\lpc_chip_11exx\Debug\liblpc_chip_11exx.a(uart_11xx.o)
 .text.Chip_UART_EnableDivisorAccess
                0x00001d10       0x1c D:\WIZnet\__Purple\___LPCXpresso_Workspace\lpc_chip_11exx\Debug\liblpc_chip_11exx.a(uart_11xx.o)
 .text.Chip_UART_DisableDivisorAccess
                0x00001d2c       0x20 D:\WIZnet\__Purple\___LPCXpresso_Workspace\lpc_chip_11exx\Debug\liblpc_chip_11exx.a(uart_11xx.o)
 .text.Chip_UART_SetDivisorLatches
                0x00001d4c       0x28 D:\WIZnet\__Purple\___LPCXpresso_Workspace\lpc_chip_11exx\Debug\liblpc_chip_11exx.a(uart_11xx.o)
 .text.Chip_UART_ReadLineStatus
                0x00001d74       0x14 D:\WIZnet\__Purple\___LPCXpresso_Workspace\lpc_chip_11exx\Debug\liblpc_chip_11exx.a(uart_11xx.o)
 .text.Chip_UART_Init
                0x00001d88       0x34 D:\WIZnet\__Purple\___LPCXpresso_Workspace\lpc_chip_11exx\Debug\liblpc_chip_11exx.a(uart_11xx.o)
                0x00001d88                Chip_UART_Init
 .text.Chip_UART_Send
                0x00001dbc       0x54 D:\WIZnet\__Purple\___LPCXpresso_Workspace\lpc_chip_11exx\Debug\liblpc_chip_11exx.a(uart_11xx.o)
                0x00001dbc                Chip_UART_Send
 .text.Chip_UART_SendBlocking
                0x00001e10       0x54 D:\WIZnet\__Purple\___LPCXpresso_Workspace\lpc_chip_11exx\Debug\liblpc_chip_11exx.a(uart_11xx.o)
                0x00001e10                Chip_UART_SendBlocking
 .text.Chip_UART_SetBaud
                0x00001e64       0x68 D:\WIZnet\__Purple\___LPCXpresso_Workspace\lpc_chip_11exx\Debug\liblpc_chip_11exx.a(uart_11xx.o)
                0x00001e64                Chip_UART_SetBaud
 .text.default_ip_assign
                0x00001ecc       0x44 D:\WIZnet\__Purple\___LPCXpresso_Workspace\ioLibrary\Debug\libioLibrary.a(dhcp.o)
                0x00001ecc                default_ip_assign
 .text.default_ip_update
                0x00001f10       0x30 D:\WIZnet\__Purple\___LPCXpresso_Workspace\ioLibrary\Debug\libioLibrary.a(dhcp.o)
                0x00001f10                default_ip_update
 .text.default_ip_conflict
                0x00001f40       0x2c D:\WIZnet\__Purple\___LPCXpresso_Workspace\ioLibrary\Debug\libioLibrary.a(dhcp.o)
                0x00001f40                default_ip_conflict
 .text.reg_dhcp_cbfunc
                0x00001f6c       0x60 D:\WIZnet\__Purple\___LPCXpresso_Workspace\ioLibrary\Debug\libioLibrary.a(dhcp.o)
                0x00001f6c                reg_dhcp_cbfunc
 .text.makeDHCPMSG
                0x00001fcc      0x23c D:\WIZnet\__Purple\___LPCXpresso_Workspace\ioLibrary\Debug\libioLibrary.a(dhcp.o)
                0x00001fcc                makeDHCPMSG
 .text.send_DHCP_DISCOVER
                0x00002208      0x3ac D:\WIZnet\__Purple\___LPCXpresso_Workspace\ioLibrary\Debug\libioLibrary.a(dhcp.o)
                0x00002208                send_DHCP_DISCOVER
 .text.send_DHCP_REQUEST
                0x000025b4      0x65c D:\WIZnet\__Purple\___LPCXpresso_Workspace\ioLibrary\Debug\libioLibrary.a(dhcp.o)
                0x000025b4                send_DHCP_REQUEST
 .text.send_DHCP_DECLINE
                0x00002c10      0x3ac D:\WIZnet\__Purple\___LPCXpresso_Workspace\ioLibrary\Debug\libioLibrary.a(dhcp.o)
                0x00002c10                send_DHCP_DECLINE
 .text.parseDHCPMSG
                0x00002fbc      0x378 D:\WIZnet\__Purple\___LPCXpresso_Workspace\ioLibrary\Debug\libioLibrary.a(dhcp.o)
                0x00002fbc                parseDHCPMSG
 .text.DHCP_run
                0x00003334      0x24c D:\WIZnet\__Purple\___LPCXpresso_Workspace\ioLibrary\Debug\libioLibrary.a(dhcp.o)
                0x00003334                DHCP_run
 .text.DHCP_stop
                0x00003580       0x20 D:\WIZnet\__Purple\___LPCXpresso_Workspace\ioLibrary\Debug\libioLibrary.a(dhcp.o)
                0x00003580                DHCP_stop
 .text.check_DHCP_timeout
                0x000035a0       0xb8 D:\WIZnet\__Purple\___LPCXpresso_Workspace\ioLibrary\Debug\libioLibrary.a(dhcp.o)
                0x000035a0                check_DHCP_timeout
 .text.check_DHCP_leasedIP
                0x00003658       0x90 D:\WIZnet\__Purple\___LPCXpresso_Workspace\ioLibrary\Debug\libioLibrary.a(dhcp.o)
                0x00003658                check_DHCP_leasedIP
 .text.DHCP_init
                0x000036e8      0x114 D:\WIZnet\__Purple\___LPCXpresso_Workspace\ioLibrary\Debug\libioLibrary.a(dhcp.o)
                0x000036e8                DHCP_init
 .text.reset_DHCP_timeout
                0x000037fc       0x28 D:\WIZnet\__Purple\___LPCXpresso_Workspace\ioLibrary\Debug\libioLibrary.a(dhcp.o)
                0x000037fc                reset_DHCP_timeout
 .text.DHCP_time_handler
                0x00003824       0x18 D:\WIZnet\__Purple\___LPCXpresso_Workspace\ioLibrary\Debug\libioLibrary.a(dhcp.o)
                0x00003824                DHCP_time_handler
 .text.getIPfromDHCP
                0x0000383c       0x38 D:\WIZnet\__Purple\___LPCXpresso_Workspace\ioLibrary\Debug\libioLibrary.a(dhcp.o)
                0x0000383c                getIPfromDHCP
 .text.getGWfromDHCP
                0x00003874       0x38 D:\WIZnet\__Purple\___LPCXpresso_Workspace\ioLibrary\Debug\libioLibrary.a(dhcp.o)
                0x00003874                getGWfromDHCP
 .text.getSNfromDHCP
                0x000038ac       0x38 D:\WIZnet\__Purple\___LPCXpresso_Workspace\ioLibrary\Debug\libioLibrary.a(dhcp.o)
                0x000038ac                getSNfromDHCP
 .text.getDNSfromDHCP
                0x000038e4       0x38 D:\WIZnet\__Purple\___LPCXpresso_Workspace\ioLibrary\Debug\libioLibrary.a(dhcp.o)
                0x000038e4                getDNSfromDHCP
 .text.getDHCPLeasetime
                0x0000391c       0x14 D:\WIZnet\__Purple\___LPCXpresso_Workspace\ioLibrary\Debug\libioLibrary.a(dhcp.o)
                0x0000391c                getDHCPLeasetime
 .text.WIZCHIP_READ
                0x00003930       0x84 D:\WIZnet\__Purple\___LPCXpresso_Workspace\ioLibrary\Debug\libioLibrary.a(w5500.o)
                0x00003930                WIZCHIP_READ
 .text.WIZCHIP_WRITE
                0x000039b4       0x84 D:\WIZnet\__Purple\___LPCXpresso_Workspace\ioLibrary\Debug\libioLibrary.a(w5500.o)
                0x000039b4                WIZCHIP_WRITE
 .text.WIZCHIP_READ_BUF
                0x00003a38       0x84 D:\WIZnet\__Purple\___LPCXpresso_Workspace\ioLibrary\Debug\libioLibrary.a(w5500.o)
                0x00003a38                WIZCHIP_READ_BUF
 .text.WIZCHIP_WRITE_BUF
                0x00003abc       0x8c D:\WIZnet\__Purple\___LPCXpresso_Workspace\ioLibrary\Debug\libioLibrary.a(w5500.o)
                0x00003abc                WIZCHIP_WRITE_BUF
 .text.getSn_TX_FSR
                0x00003b48       0xdc D:\WIZnet\__Purple\___LPCXpresso_Workspace\ioLibrary\Debug\libioLibrary.a(w5500.o)
                0x00003b48                getSn_TX_FSR
 .text.getSn_RX_RSR
                0x00003c24       0xdc D:\WIZnet\__Purple\___LPCXpresso_Workspace\ioLibrary\Debug\libioLibrary.a(w5500.o)
                0x00003c24                getSn_RX_RSR
 .text.wiz_send_data
                0x00003d00       0xf0 D:\WIZnet\__Purple\___LPCXpresso_Workspace\ioLibrary\Debug\libioLibrary.a(w5500.o)
                0x00003d00                wiz_send_data
 .text.wiz_recv_data
                0x00003df0       0xf0 D:\WIZnet\__Purple\___LPCXpresso_Workspace\ioLibrary\Debug\libioLibrary.a(w5500.o)
                0x00003df0                wiz_recv_data
 .text.wiz_recv_ignore
                0x00003ee0       0xb8 D:\WIZnet\__Purple\___LPCXpresso_Workspace\ioLibrary\Debug\libioLibrary.a(w5500.o)
                0x00003ee0                wiz_recv_ignore
 .text.socket   0x00003f98      0x21c D:\WIZnet\__Purple\___LPCXpresso_Workspace\ioLibrary\Debug\libioLibrary.a(socket.o)
                0x00003f98                socket
 .text.close    0x000041b4       0xd0 D:\WIZnet\__Purple\___LPCXpresso_Workspace\ioLibrary\Debug\libioLibrary.a(socket.o)
                0x000041b4                close
 .text.listen   0x00004284       0xdc D:\WIZnet\__Purple\___LPCXpresso_Workspace\ioLibrary\Debug\libioLibrary.a(socket.o)
                0x00004284                listen
 .text.disconnect
                0x00004360      0x104 D:\WIZnet\__Purple\___LPCXpresso_Workspace\ioLibrary\Debug\libioLibrary.a(socket.o)
                0x00004360                disconnect
 .text.send     0x00004464      0x27c D:\WIZnet\__Purple\___LPCXpresso_Workspace\ioLibrary\Debug\libioLibrary.a(socket.o)
                0x00004464                send
 .text.recv     0x000046e0      0x1dc D:\WIZnet\__Purple\___LPCXpresso_Workspace\ioLibrary\Debug\libioLibrary.a(socket.o)
                0x000046e0                recv
 .text.sendto   0x000048bc      0x304 D:\WIZnet\__Purple\___LPCXpresso_Workspace\ioLibrary\Debug\libioLibrary.a(socket.o)
                0x000048bc                sendto
 .text.recvfrom
                0x00004bc0      0x434 D:\WIZnet\__Purple\___LPCXpresso_Workspace\ioLibrary\Debug\libioLibrary.a(socket.o)
                0x00004bc0                recvfrom
 .text.wizchip_cris_enter
                0x00004ff4        0x8 D:\WIZnet\__Purple\___LPCXpresso_Workspace\ioLibrary\Debug\libioLibrary.a(wizchip_conf.o)
                0x00004ff4                wizchip_cris_enter
 .text.wizchip_cris_exit
                0x00004ffc        0x8 D:\WIZnet\__Purple\___LPCXpresso_Workspace\ioLibrary\Debug\libioLibrary.a(wizchip_conf.o)
                0x00004ffc                wizchip_cris_exit
 .text.wizchip_cs_select
                0x00005004        0x8 D:\WIZnet\__Purple\___LPCXpresso_Workspace\ioLibrary\Debug\libioLibrary.a(wizchip_conf.o)
                0x00005004                wizchip_cs_select
 .text.wizchip_cs_deselect
                0x0000500c        0x8 D:\WIZnet\__Purple\___LPCXpresso_Workspace\ioLibrary\Debug\libioLibrary.a(wizchip_conf.o)
                0x0000500c                wizchip_cs_deselect
 .text.wizchip_bus_readbyte
                0x00005014       0x18 D:\WIZnet\__Purple\___LPCXpresso_Workspace\ioLibrary\Debug\libioLibrary.a(wizchip_conf.o)
                0x00005014                wizchip_bus_readbyte
 .text.wizchip_bus_writebyte
                0x0000502c       0x1c D:\WIZnet\__Purple\___LPCXpresso_Workspace\ioLibrary\Debug\libioLibrary.a(wizchip_conf.o)
                0x0000502c                wizchip_bus_writebyte
 .text.wizchip_spi_readbyte
                0x00005048        0xc D:\WIZnet\__Purple\___LPCXpresso_Workspace\ioLibrary\Debug\libioLibrary.a(wizchip_conf.o)
                0x00005048                wizchip_spi_readbyte
 .text.wizchip_spi_writebyte
                0x00005054       0x14 D:\WIZnet\__Purple\___LPCXpresso_Workspace\ioLibrary\Debug\libioLibrary.a(wizchip_conf.o)
                0x00005054                wizchip_spi_writebyte
 .text.reg_wizchip_cs_cbfunc
                0x00005068       0x44 D:\WIZnet\__Purple\___LPCXpresso_Workspace\ioLibrary\Debug\libioLibrary.a(wizchip_conf.o)
                0x00005068                reg_wizchip_cs_cbfunc
 .text.reg_wizchip_spi_cbfunc
                0x000050ac       0x54 D:\WIZnet\__Purple\___LPCXpresso_Workspace\ioLibrary\Debug\libioLibrary.a(wizchip_conf.o)
                0x000050ac                reg_wizchip_spi_cbfunc
 .text.ctlwizchip
                0x00005100      0x1c8 D:\WIZnet\__Purple\___LPCXpresso_Workspace\ioLibrary\Debug\libioLibrary.a(wizchip_conf.o)
                0x00005100                ctlwizchip
 .text.ctlnetwork
                0x000052c8       0x78 D:\WIZnet\__Purple\___LPCXpresso_Workspace\ioLibrary\Debug\libioLibrary.a(wizchip_conf.o)
                0x000052c8                ctlnetwork
 .text.wizchip_sw_reset
                0x00005340       0xa8 D:\WIZnet\__Purple\___LPCXpresso_Workspace\ioLibrary\Debug\libioLibrary.a(wizchip_conf.o)
                0x00005340                wizchip_sw_reset
 .text.wizchip_init
                0x000053e8      0x184 D:\WIZnet\__Purple\___LPCXpresso_Workspace\ioLibrary\Debug\libioLibrary.a(wizchip_conf.o)
                0x000053e8                wizchip_init
 .text.wizchip_clrinterrupt
                0x0000556c       0x54 D:\WIZnet\__Purple\___LPCXpresso_Workspace\ioLibrary\Debug\libioLibrary.a(wizchip_conf.o)
                0x0000556c                wizchip_clrinterrupt
 .text.wizchip_getinterrupt
                0x000055c0       0x68 D:\WIZnet\__Purple\___LPCXpresso_Workspace\ioLibrary\Debug\libioLibrary.a(wizchip_conf.o)
                0x000055c0                wizchip_getinterrupt
 .text.wizchip_setinterruptmask
                0x00005628       0x50 D:\WIZnet\__Purple\___LPCXpresso_Workspace\ioLibrary\Debug\libioLibrary.a(wizchip_conf.o)
                0x00005628                wizchip_setinterruptmask
 .text.wizchip_getinterruptmask
                0x00005678       0x60 D:\WIZnet\__Purple\___LPCXpresso_Workspace\ioLibrary\Debug\libioLibrary.a(wizchip_conf.o)
                0x00005678                wizchip_getinterruptmask
 .text.wizphy_getphylink
                0x000056d8       0x38 D:\WIZnet\__Purple\___LPCXpresso_Workspace\ioLibrary\Debug\libioLibrary.a(wizchip_conf.o)
                0x000056d8                wizphy_getphylink
 .text.wizphy_getphypmode
                0x00005710       0x3c D:\WIZnet\__Purple\___LPCXpresso_Workspace\ioLibrary\Debug\libioLibrary.a(wizchip_conf.o)
                0x00005710                wizphy_getphypmode
 .text.wizphy_reset
                0x0000574c       0x68 D:\WIZnet\__Purple\___LPCXpresso_Workspace\ioLibrary\Debug\libioLibrary.a(wizchip_conf.o)
                0x0000574c                wizphy_reset
 .text.wizphy_setphyconf
                0x000057b4       0xcc D:\WIZnet\__Purple\___LPCXpresso_Workspace\ioLibrary\Debug\libioLibrary.a(wizchip_conf.o)
                0x000057b4                wizphy_setphyconf
 .text.wizphy_getphyconf
                0x00005880       0xac D:\WIZnet\__Purple\___LPCXpresso_Workspace\ioLibrary\Debug\libioLibrary.a(wizchip_conf.o)
                0x00005880                wizphy_getphyconf
 .text.wizphy_setphypmode
                0x0000592c       0xcc D:\WIZnet\__Purple\___LPCXpresso_Workspace\ioLibrary\Debug\libioLibrary.a(wizchip_conf.o)
                0x0000592c                wizphy_setphypmode
 .text.wizchip_setnetinfo
                0x000059f8       0x84 D:\WIZnet\__Purple\___LPCXpresso_Workspace\ioLibrary\Debug\libioLibrary.a(wizchip_conf.o)
                0x000059f8                wizchip_setnetinfo
 .text.wizchip_getnetinfo
                0x00005a7c       0x84 D:\WIZnet\__Purple\___LPCXpresso_Workspace\ioLibrary\Debug\libioLibrary.a(wizchip_conf.o)
                0x00005a7c                wizchip_getnetinfo
 .text.wizchip_setnetmode
                0x00005b00       0x5c D:\WIZnet\__Purple\___LPCXpresso_Workspace\ioLibrary\Debug\libioLibrary.a(wizchip_conf.o)
                0x00005b00                wizchip_setnetmode
 .text.wizchip_getnetmode
                0x00005b5c       0x14 D:\WIZnet\__Purple\___LPCXpresso_Workspace\ioLibrary\Debug\libioLibrary.a(wizchip_conf.o)
                0x00005b5c                wizchip_getnetmode
 .text.wizchip_settimeout
                0x00005b70       0x48 D:\WIZnet\__Purple\___LPCXpresso_Workspace\ioLibrary\Debug\libioLibrary.a(wizchip_conf.o)
                0x00005b70                wizchip_settimeout
 .text.wizchip_gettimeout
                0x00005bb8       0x44 D:\WIZnet\__Purple\___LPCXpresso_Workspace\ioLibrary\Debug\libioLibrary.a(wizchip_conf.o)
                0x00005bb8                wizchip_gettimeout
 .text.loopback_tcps
                0x00005bfc      0x27c D:\WIZnet\__Purple\___LPCXpresso_Workspace\ioLibrary\Debug\libioLibrary.a(loopback.o)
                0x00005bfc                loopback_tcps
 .text.__main   0x00005e78       0x12 c:/nxp/lpcxpresso_7.0.0_92/lpcxpresso/tools/bin/../lib/gcc/arm-none-eabi/4.8.3/../../../../arm-none-eabi/lib/armv6-m\libcr_nohost.a(_cr__main.o)
                0x00005e78                __main
 .text.memcpy   0x00005e8a        0x8 c:/nxp/lpcxpresso_7.0.0_92/lpcxpresso/tools/bin/../lib/gcc/arm-none-eabi/4.8.3/../../../../arm-none-eabi/lib/armv6-m\libcr_c.a(memcpy.o)
                0x00005e8a                memcpy
 .text.fp_round
                0x00005e92       0x48 c:/nxp/lpcxpresso_7.0.0_92/lpcxpresso/tools/bin/../lib/gcc/arm-none-eabi/4.8.3/../../../../arm-none-eabi/lib/armv6-m\libcr_c.a(fpprintf.o)
 .text.pr_dec.constprop.1
                0x00005eda       0x28 c:/nxp/lpcxpresso_7.0.0_92/lpcxpresso/tools/bin/../lib/gcc/arm-none-eabi/4.8.3/../../../../arm-none-eabi/lib/armv6-m\libcr_c.a(fpprintf.o)
 *fill*         0x00005f02        0x6 
 .text.sprintf  0x00005f08       0x70 c:/nxp/lpcxpresso_7.0.0_92/lpcxpresso/tools/bin/../lib/gcc/arm-none-eabi/4.8.3/../../../../arm-none-eabi/lib/armv6-m\libcr_c.a(fpprintf.o)
                0x00005f08                sprintf
 .text.fp_display
                0x00005f78      0x980 c:/nxp/lpcxpresso_7.0.0_92/lpcxpresso/tools/bin/../lib/gcc/arm-none-eabi/4.8.3/../../../../arm-none-eabi/lib/armv6-m\libcr_c.a(fpprintf.o)
 .text.vsnprintf
                0x000068f8       0x5c c:/nxp/lpcxpresso_7.0.0_92/lpcxpresso/tools/bin/../lib/gcc/arm-none-eabi/4.8.3/../../../../arm-none-eabi/lib/armv6-m\libcr_c.a(fpprintf.o)
                0x000068f8                vsnprintf
 .text.printf   0x00006954       0x50 c:/nxp/lpcxpresso_7.0.0_92/lpcxpresso/tools/bin/../lib/gcc/arm-none-eabi/4.8.3/../../../../arm-none-eabi/lib/armv6-m\libcr_c.a(fpprintf.o)
                0x00006954                printf
 .text._initio  0x000069a4       0xa4 c:/nxp/lpcxpresso_7.0.0_92/lpcxpresso/tools/bin/../lib/gcc/arm-none-eabi/4.8.3/../../../../arm-none-eabi/lib/armv6-m\libcr_c.a(initio.o)
                0x000069a4                _initio
 .text.__vfprintf
                0x00006a48      0xd4c c:/nxp/lpcxpresso_7.0.0_92/lpcxpresso/tools/bin/../lib/gcc/arm-none-eabi/4.8.3/../../../../arm-none-eabi/lib/armv6-m\libcr_c.a(printf.o)
                0x00006a48                __vfprintf
 .text.setvbuf  0x00007794       0x48 c:/nxp/lpcxpresso_7.0.0_92/lpcxpresso/tools/bin/../lib/gcc/arm-none-eabi/4.8.3/../../../../arm-none-eabi/lib/armv6-m\libcr_c.a(setvbuf.o)
                0x00007794                setvbuf
 .text.strlen   0x000077dc       0x54 c:/nxp/lpcxpresso_7.0.0_92/lpcxpresso/tools/bin/../lib/gcc/arm-none-eabi/4.8.3/../../../../arm-none-eabi/lib/armv6-m\libcr_c.a(strlen.o)
                0x000077dc                strlen
 .text.memset   0x00007830        0x8 c:/nxp/lpcxpresso_7.0.0_92/lpcxpresso/tools/bin/../lib/gcc/arm-none-eabi/4.8.3/../../../../arm-none-eabi/lib/armv6-m\libcr_c.a(memset.o)
                0x00007830                memset
 .text._deferredlazyseek
                0x00007838       0x44 c:/nxp/lpcxpresso_7.0.0_92/lpcxpresso/tools/bin/../lib/gcc/arm-none-eabi/4.8.3/../../../../arm-none-eabi/lib/armv6-m\libcr_c.a(_deferredlazyseek.o)
                0x00007838                _deferredlazyseek
 .text.__flsbuf
                0x0000787c      0x154 c:/nxp/lpcxpresso_7.0.0_92/lpcxpresso/tools/bin/../lib/gcc/arm-none-eabi/4.8.3/../../../../arm-none-eabi/lib/armv6-m\libcr_c.a(_deferredlazyseek.o)
                0x0000787c                __flsbuf
 .text._fdopen  0x000079d0       0x68 c:/nxp/lpcxpresso_7.0.0_92/lpcxpresso/tools/bin/../lib/gcc/arm-none-eabi/4.8.3/../../../../arm-none-eabi/lib/armv6-m\libcr_c.a(_fdopen.o)
                0x000079d0                _fdopen
 .text._fflush  0x00007a38       0x64 c:/nxp/lpcxpresso_7.0.0_92/lpcxpresso/tools/bin/../lib/gcc/arm-none-eabi/4.8.3/../../../../arm-none-eabi/lib/armv6-m\libcr_c.a(_fflush.o)
                0x00007a38                _fflush
 *fill*         0x00007a9c        0x4 
 .text._frexpl  0x00007aa0       0x80 c:/nxp/lpcxpresso_7.0.0_92/lpcxpresso/tools/bin/../lib/gcc/arm-none-eabi/4.8.3/../../../../arm-none-eabi/lib/armv6-m\libcr_c.a(_frexpl.o)
                0x00007aa0                _frexpl
 .text._ldexpl  0x00007b20       0x60 c:/nxp/lpcxpresso_7.0.0_92/lpcxpresso/tools/bin/../lib/gcc/arm-none-eabi/4.8.3/../../../../arm-none-eabi/lib/armv6-m\libcr_c.a(_ldexpl.o)
                0x00007b20                _ldexpl
 .text._Cwritebuf
                0x00007b80       0x6c c:/nxp/lpcxpresso_7.0.0_92/lpcxpresso/tools/bin/../lib/gcc/arm-none-eabi/4.8.3/../../../../arm-none-eabi/lib/armv6-m\libcr_c.a(_writebuf.o)
                0x00007b80                _Cwritebuf
 .text.malloc   0x00007bec       0xc0 c:/nxp/lpcxpresso_7.0.0_92/lpcxpresso/tools/bin/../lib/gcc/arm-none-eabi/4.8.3/../../../../arm-none-eabi/lib/armv6-m\libcr_c.a(alloc.o)
                0x00007bec                malloc
 .text.free     0x00007cac        0xe c:/nxp/lpcxpresso_7.0.0_92/lpcxpresso/tools/bin/../lib/gcc/arm-none-eabi/4.8.3/../../../../arm-none-eabi/lib/armv6-m\libcr_c.a(alloc.o)
                0x00007cac                free
 *fill*         0x00007cba        0x2 
 .text._Csys_alloc
                0x00007cbc       0x20 c:/nxp/lpcxpresso_7.0.0_92/lpcxpresso/tools/bin/../lib/gcc/arm-none-eabi/4.8.3/../../../../arm-none-eabi/lib/armv6-m\libcr_c.a(alloc.o)
                0x00007cbc                _Csys_alloc
 .text.fclose   0x00007cdc       0x70 c:/nxp/lpcxpresso_7.0.0_92/lpcxpresso/tools/bin/../lib/gcc/arm-none-eabi/4.8.3/../../../../arm-none-eabi/lib/armv6-m\libcr_c.a(fclose.o)
                0x00007cdc                fclose
 .text.fflush   0x00007d4c       0x34 c:/nxp/lpcxpresso_7.0.0_92/lpcxpresso/tools/bin/../lib/gcc/arm-none-eabi/4.8.3/../../../../arm-none-eabi/lib/armv6-m\libcr_c.a(fflush.o)
                0x00007d4c                fflush
 .text.fseek    0x00007d80       0xf8 c:/nxp/lpcxpresso_7.0.0_92/lpcxpresso/tools/bin/../lib/gcc/arm-none-eabi/4.8.3/../../../../arm-none-eabi/lib/armv6-m\libcr_c.a(fseek.o)
                0x00007d80                fseek
 .text.ftell    0x00007e78       0x4c c:/nxp/lpcxpresso_7.0.0_92/lpcxpresso/tools/bin/../lib/gcc/arm-none-eabi/4.8.3/../../../../arm-none-eabi/lib/armv6-m\libcr_c.a(ftell.o)
                0x00007e78                ftell
 .text.remove   0x00007ec4       0x12 c:/nxp/lpcxpresso_7.0.0_92/lpcxpresso/tools/bin/../lib/gcc/arm-none-eabi/4.8.3/../../../../arm-none-eabi/lib/armv6-m\libcr_c.a(remove.o)
                0x00007ec4                remove
 *fill*         0x00007ed6        0x2 
 .text._sbrk    0x00007ed8       0x40 c:/nxp/lpcxpresso_7.0.0_92/lpcxpresso/tools/bin/../lib/gcc/arm-none-eabi/4.8.3/../../../../arm-none-eabi/lib/armv6-m\libcr_c.a(_cr_sbrk.o)
                0x00007ed8                _sbrk
 .text._do_fflush
                0x00007f18       0x48 c:/nxp/lpcxpresso_7.0.0_92/lpcxpresso/tools/bin/../lib/gcc/arm-none-eabi/4.8.3/../../../../arm-none-eabi/lib/armv6-m\libcr_c.a(_do_fflush.o)
                0x00007f18                _do_fflush
 .text.__check_heap_overflow
                0x00007f60       0x2c c:/nxp/lpcxpresso_7.0.0_92/lpcxpresso/tools/bin/../lib/gcc/arm-none-eabi/4.8.3/../../../../arm-none-eabi/lib/armv6-m\libcr_c.a(_cr_check_heap.o)
                0x00007f60                __check_heap_overflow
 *fill*         0x00007f8c        0x4 
 .text.__aeabi_dmul
                0x00007f90      0x188 c:/nxp/lpcxpresso_7.0.0_92/lpcxpresso/tools/bin/../lib/gcc/arm-none-eabi/4.8.3/armv6-m\libcr_eabihelpers.a(double.o)
                0x00007f90                __aeabi_dmul
 .text.__aeabi_ddiv
                0x00008118      0x160 c:/nxp/lpcxpresso_7.0.0_92/lpcxpresso/tools/bin/../lib/gcc/arm-none-eabi/4.8.3/armv6-m\libcr_eabihelpers.a(double.o)
                0x00008118                __aeabi_ddiv
 .text.__aeabi_dsub
                0x00008278      0x1e8 c:/nxp/lpcxpresso_7.0.0_92/lpcxpresso/tools/bin/../lib/gcc/arm-none-eabi/4.8.3/armv6-m\libcr_eabihelpers.a(double.o)
                0x00008278                __aeabi_dsub
 .text.__aeabi_dadd
                0x00008460      0x148 c:/nxp/lpcxpresso_7.0.0_92/lpcxpresso/tools/bin/../lib/gcc/arm-none-eabi/4.8.3/armv6-m\libcr_eabihelpers.a(double.o)
                0x00008460                __aeabi_dadd
 .text.__aeabi_d2iz
                0x000085a8       0x48 c:/nxp/lpcxpresso_7.0.0_92/lpcxpresso/tools/bin/../lib/gcc/arm-none-eabi/4.8.3/armv6-m\libcr_eabihelpers.a(double.o)
                0x000085a8                __aeabi_d2iz
 .text.__bhs_ui2d
                0x000085f0       0x5e c:/nxp/lpcxpresso_7.0.0_92/lpcxpresso/tools/bin/../lib/gcc/arm-none-eabi/4.8.3/armv6-m\libcr_eabihelpers.a(double.o)
                0x000085f0                __bhs_ui2d
 .text.__aeabi_i2d
                0x0000864e       0x16 c:/nxp/lpcxpresso_7.0.0_92/lpcxpresso/tools/bin/../lib/gcc/arm-none-eabi/4.8.3/armv6-m\libcr_eabihelpers.a(double.o)
                0x0000864e                __aeabi_i2d
 .text.__aeabi_dcmpeq
                0x00008664       0x38 c:/nxp/lpcxpresso_7.0.0_92/lpcxpresso/tools/bin/../lib/gcc/arm-none-eabi/4.8.3/armv6-m\libcr_eabihelpers.a(double.o)
                0x00008664                __aeabi_dcmpeq
 .text.__aeabi_dcmplt
                0x0000869c       0x78 c:/nxp/lpcxpresso_7.0.0_92/lpcxpresso/tools/bin/../lib/gcc/arm-none-eabi/4.8.3/armv6-m\libcr_eabihelpers.a(double.o)
                0x0000869c                __aeabi_dcmplt
 .text.__aeabi_dcmple
                0x00008714       0x74 c:/nxp/lpcxpresso_7.0.0_92/lpcxpresso/tools/bin/../lib/gcc/arm-none-eabi/4.8.3/armv6-m\libcr_eabihelpers.a(double.o)
                0x00008714                __aeabi_dcmple
 .text.__aeabi_dcmpge
                0x00008788       0x6c c:/nxp/lpcxpresso_7.0.0_92/lpcxpresso/tools/bin/../lib/gcc/arm-none-eabi/4.8.3/armv6-m\libcr_eabihelpers.a(double.o)
                0x00008788                __aeabi_dcmpge
 .text.__aeabi_llong_lmul
                0x000087f4       0x2e c:/nxp/lpcxpresso_7.0.0_92/lpcxpresso/tools/bin/../lib/gcc/arm-none-eabi/4.8.3/armv6-m\libcr_eabihelpers.a(llong.o)
                0x000087f4                __aeabi_lmul
 .text.__aeabi_memcpy
                0x00008822       0x2c c:/nxp/lpcxpresso_7.0.0_92/lpcxpresso/tools/bin/../lib/gcc/arm-none-eabi/4.8.3/armv6-m\libcr_eabihelpers.a(memcpy.o)
                0x00008822                __aeabi_memcpy4
                0x00008822                __aeabi_memcpy8
                0x00008822                __aeabi_memcpy
 .text.__aeabi_memset_lowlevel
                0x0000884e       0x2a c:/nxp/lpcxpresso_7.0.0_92/lpcxpresso/tools/bin/../lib/gcc/arm-none-eabi/4.8.3/armv6-m\libcr_eabihelpers.a(memcpy.o)
                0x0000884e                __aeabi_lowlevel_memset
 .text.__sys_appexit
                0x00008878        0x2 c:/nxp/lpcxpresso_7.0.0_92/lpcxpresso/tools/bin/../lib/gcc/arm-none-eabi/4.8.3/../../../../arm-none-eabi/lib/armv6-m\libcr_nohost.a(__sys_appexit.o)
                0x00008878                __sys_appexit
                0x00008878                __exit
 .text.__sys_close
                0x0000887a        0x6 c:/nxp/lpcxpresso_7.0.0_92/lpcxpresso/tools/bin/../lib/gcc/arm-none-eabi/4.8.3/../../../../arm-none-eabi/lib/armv6-m\libcr_nohost.a(__sys_close.o)
                0x0000887a                __sys_close
 .text.__sys_flen
                0x00008880        0x6 c:/nxp/lpcxpresso_7.0.0_92/lpcxpresso/tools/bin/../lib/gcc/arm-none-eabi/4.8.3/../../../../arm-none-eabi/lib/armv6-m\libcr_nohost.a(__sys_flen.o)
                0x00008880                __sys_flen
 .text.__sys_istty
                0x00008886        0x6 c:/nxp/lpcxpresso_7.0.0_92/lpcxpresso/tools/bin/../lib/gcc/arm-none-eabi/4.8.3/../../../../arm-none-eabi/lib/armv6-m\libcr_nohost.a(__sys_istty.o)
                0x00008886                __sys_istty
 .text.__sys_remove
                0x0000888c        0x6 c:/nxp/lpcxpresso_7.0.0_92/lpcxpresso/tools/bin/../lib/gcc/arm-none-eabi/4.8.3/../../../../arm-none-eabi/lib/armv6-m\libcr_nohost.a(__sys_remove.o)
                0x0000888c                __sys_remove
 .text.__sys_seek
                0x00008892        0x6 c:/nxp/lpcxpresso_7.0.0_92/lpcxpresso/tools/bin/../lib/gcc/arm-none-eabi/4.8.3/../../../../arm-none-eabi/lib/armv6-m\libcr_nohost.a(__sys_seek.o)
                0x00008892                __sys_seek
 .text.__sys_tmpnam
                0x00008898        0x6 c:/nxp/lpcxpresso_7.0.0_92/lpcxpresso/tools/bin/../lib/gcc/arm-none-eabi/4.8.3/../../../../arm-none-eabi/lib/armv6-m\libcr_nohost.a(__sys_tmpnam.o)
                0x00008898                __sys_tmpnam
 *(.rodata .rodata.* .constdata .constdata.*)
 *fill*         0x0000889e        0x2 
 .rodata        0x000088a0      0x198 ./src/main.o
 .rodata.OscRateIn
                0x00008a38        0x4 D:\WIZnet\__Purple\___LPCXpresso_Workspace\wiznet_evb_w5500evb_board\Debug\libwiznet_evb_w5500evb_board.a(board.o)
                0x00008a38                OscRateIn
 .rodata.ledports
                0x00008a3c        0x4 D:\WIZnet\__Purple\___LPCXpresso_Workspace\wiznet_evb_w5500evb_board\Debug\libwiznet_evb_w5500evb_board.a(board.o)
 .rodata.ledpins
                0x00008a40        0x4 D:\WIZnet\__Purple\___LPCXpresso_Workspace\wiznet_evb_w5500evb_board\Debug\libwiznet_evb_w5500evb_board.a(board.o)
 .rodata.pinmuxing
                0x00008a44       0x48 D:\WIZnet\__Purple\___LPCXpresso_Workspace\wiznet_evb_w5500evb_board\Debug\libwiznet_evb_w5500evb_board.a(board_sysinit.o)
 .rodata        0x00008a8c       0x2c D:\WIZnet\__Purple\___LPCXpresso_Workspace\wiznet_evb_w5500evb_board\Debug\libwiznet_evb_w5500evb_board.a(w5500_spi.o)
 .rodata.wdtOSCRate
                0x00008ab8       0x40 D:\WIZnet\__Purple\___LPCXpresso_Workspace\lpc_chip_11exx\Debug\liblpc_chip_11exx.a(clock_11xx.o)
 .rodata.DHCP_run
                0x00008af8       0x14 D:\WIZnet\__Purple\___LPCXpresso_Workspace\ioLibrary\Debug\libioLibrary.a(dhcp.o)
 .rodata        0x00008b0c       0x14 D:\WIZnet\__Purple\___LPCXpresso_Workspace\ioLibrary\Debug\libioLibrary.a(dhcp.o)
 .rodata.ctlwizchip
                0x00008b20       0x40 D:\WIZnet\__Purple\___LPCXpresso_Workspace\ioLibrary\Debug\libioLibrary.a(wizchip_conf.o)
 .rodata.ctlnetwork
                0x00008b60       0x18 D:\WIZnet\__Purple\___LPCXpresso_Workspace\ioLibrary\Debug\libioLibrary.a(wizchip_conf.o)
 .rodata        0x00008b78       0xc0 D:\WIZnet\__Purple\___LPCXpresso_Workspace\ioLibrary\Debug\libioLibrary.a(loopback.o)
 .rodata.str1.1
                0x00008c38       0x34 c:/nxp/lpcxpresso_7.0.0_92/lpcxpresso/tools/bin/../lib/gcc/arm-none-eabi/4.8.3/../../../../arm-none-eabi/lib/armv6-m\libcr_c.a(fpprintf.o)
                                 0x35 (size before relaxing)
 .rodata.str1.1
                0x00008c6c        0x4 c:/nxp/lpcxpresso_7.0.0_92/lpcxpresso/tools/bin/../lib/gcc/arm-none-eabi/4.8.3/../../../../arm-none-eabi/lib/armv6-m\libcr_c.a(initio.o)
 .rodata.str1.1
                0x00008c70       0x31 c:/nxp/lpcxpresso_7.0.0_92/lpcxpresso/tools/bin/../lib/gcc/arm-none-eabi/4.8.3/../../../../arm-none-eabi/lib/armv6-m\libcr_c.a(printf.o)
                                 0x38 (size before relaxing)
 .rodata.str1.1
                0x00008ca1       0x18 c:/nxp/lpcxpresso_7.0.0_92/lpcxpresso/tools/bin/../lib/gcc/arm-none-eabi/4.8.3/../../../../arm-none-eabi/lib/armv6-m\libcr_c.a(alloc.o)
 *fill*         0x00008cb9        0x7 
 .rodata.__huge_vall
                0x00008cc0        0x8 c:/nxp/lpcxpresso_7.0.0_92/lpcxpresso/tools/bin/../lib/gcc/arm-none-eabi/4.8.3/../../../../arm-none-eabi/lib/armv6-m\libcr_c.a(_hugeval.o)
                0x00008cc0                __huge_vall
                0x00008cc8                . = ALIGN (0x4)

.glue_7         0x00008cc8        0x0
 .glue_7        0x00000000        0x0 linker stubs

.glue_7t        0x00008cc8        0x0
 .glue_7t       0x00000000        0x0 linker stubs

.vfp11_veneer   0x00008cc8        0x0
 .vfp11_veneer  0x00000000        0x0 linker stubs

.v4_bx          0x00008cc8        0x0
 .v4_bx         0x00000000        0x0 linker stubs

.iplt           0x00008cc8        0x0
 .iplt          0x00000000        0x0 ./src/aeabi_romdiv_patch.o

.rel.dyn        0x00008cc8        0x0
 .rel.iplt      0x00000000        0x0 ./src/aeabi_romdiv_patch.o

.ARM.extab
 *(.ARM.extab* .gnu.linkonce.armextab.*)
                0x00008cc8                __exidx_start = .

.ARM.exidx
 *(.ARM.exidx* .gnu.linkonce.armexidx.*)
                0x00008cc8                __exidx_end = .
                0x00008cc8                _etext = .

.data_RAM2      0x20000000        0x0 load address 0x00008cc8
 FILL mask 0xff
 *(.data.$RAM2*)
 *(.data.$RamPeriph2*)
                0x20000000                . = ALIGN (0x4)

.data_RAM3      0x20004000        0x0 load address 0x00008cc8
 FILL mask 0xff
 *(.data.$RAM3*)
 *(.data.$SRAM1_2*)
                0x20004000                . = ALIGN (0x4)

.uninit_RESERVED
                0x10000000        0x0
 *(.bss.$RESERVED*)
                0x10000000                . = ALIGN (0x4)
                0x10000000                _end_uninit_RESERVED = .

.data           0x10000000       0x5c load address 0x00008cc8
 FILL mask 0xff
                0x10000000                _data = .
 *(vtable)
 *(.data*)
 .data.gWIZNETINFO
                0x10000000       0x18 ./src/main.o
                0x10000000                gWIZNETINFO
 .data.PHYStatus_check_flag
                0x10000018        0x1 ./src/main.o
                0x10000018                PHYStatus_check_flag
 .data.RGBLED_enable
                0x10000019        0x1 ./src/main.o
 *fill*         0x1000001a        0x2 
 .data.dhcp_lease_time
                0x1000001c        0x4 D:\WIZnet\__Purple\___LPCXpresso_Workspace\ioLibrary\Debug\libioLibrary.a(dhcp.o)
                0x1000001c                dhcp_lease_time
 .data.dhcp_tick_next
                0x10000020        0x4 D:\WIZnet\__Purple\___LPCXpresso_Workspace\ioLibrary\Debug\libioLibrary.a(dhcp.o)
                0x10000020                dhcp_tick_next
 .data.HOST_NAME
                0x10000024        0x8 D:\WIZnet\__Purple\___LPCXpresso_Workspace\ioLibrary\Debug\libioLibrary.a(dhcp.o)
                0x10000024                HOST_NAME
 .data.dhcp_ip_assign
                0x1000002c        0x4 D:\WIZnet\__Purple\___LPCXpresso_Workspace\ioLibrary\Debug\libioLibrary.a(dhcp.o)
                0x1000002c                dhcp_ip_assign
 .data.dhcp_ip_update
                0x10000030        0x4 D:\WIZnet\__Purple\___LPCXpresso_Workspace\ioLibrary\Debug\libioLibrary.a(dhcp.o)
                0x10000030                dhcp_ip_update
 .data.dhcp_ip_conflict
                0x10000034        0x4 D:\WIZnet\__Purple\___LPCXpresso_Workspace\ioLibrary\Debug\libioLibrary.a(dhcp.o)
                0x10000034                dhcp_ip_conflict
 .data.sock_any_port
                0x10000038        0x2 D:\WIZnet\__Purple\___LPCXpresso_Workspace\ioLibrary\Debug\libioLibrary.a(socket.o)
 *fill*         0x1000003a        0x2 
 .data.WIZCHIP  0x1000003c       0x20 D:\WIZnet\__Purple\___LPCXpresso_Workspace\ioLibrary\Debug\libioLibrary.a(wizchip_conf.o)
                0x1000003c                WIZCHIP
                0x1000005c                . = ALIGN (0x4)
                0x1000005c                _edata = .

.igot.plt       0x1000005c        0x0 load address 0x00008d24
 .igot.plt      0x00000000        0x0 ./src/aeabi_romdiv_patch.o

.bss_RAM2       0x20000000        0x0
 *(.bss.$RAM2*)
 *(.bss.$RamPeriph2*)
                0x20000000                . = ALIGN (0x4)

.bss_RAM3       0x20004000        0x0
 *(.bss.$RAM3*)
 *(.bss.$SRAM1_2*)
                0x20004000                . = ALIGN (0x4)

.bss            0x1000005c      0x9c0
                0x1000005c                _bss = .
 *(.bss*)
 .bss.PHYStatus_check_enable
                0x1000005c        0x1 ./src/main.o
                0x1000005c                PHYStatus_check_enable
 .bss.my_dhcp_retry
                0x1000005d        0x1 ./src/main.o
                0x1000005d                my_dhcp_retry
 .bss.LED_status_backup.6228
                0x1000005e        0x1 ./src/main.o
 *fill*         0x1000005f        0x1 
 .bss.phystatus_check_cnt.6234
                0x10000060        0x2 ./src/main.o
 *fill*         0x10000062        0x2 
 .bss.OLD_allocated_ip
                0x10000064        0x4 D:\WIZnet\__Purple\___LPCXpresso_Workspace\ioLibrary\Debug\libioLibrary.a(dhcp.o)
                0x10000064                OLD_allocated_ip
 .bss.DHCP_allocated_ip
                0x10000068        0x4 D:\WIZnet\__Purple\___LPCXpresso_Workspace\ioLibrary\Debug\libioLibrary.a(dhcp.o)
                0x10000068                DHCP_allocated_ip
 .bss.DHCP_allocated_gw
                0x1000006c        0x4 D:\WIZnet\__Purple\___LPCXpresso_Workspace\ioLibrary\Debug\libioLibrary.a(dhcp.o)
                0x1000006c                DHCP_allocated_gw
 .bss.DHCP_allocated_sn
                0x10000070        0x4 D:\WIZnet\__Purple\___LPCXpresso_Workspace\ioLibrary\Debug\libioLibrary.a(dhcp.o)
                0x10000070                DHCP_allocated_sn
 .bss.DHCP_allocated_dns
                0x10000074        0x4 D:\WIZnet\__Purple\___LPCXpresso_Workspace\ioLibrary\Debug\libioLibrary.a(dhcp.o)
                0x10000074                DHCP_allocated_dns
 .bss.dhcp_state
                0x10000078        0x1 D:\WIZnet\__Purple\___LPCXpresso_Workspace\ioLibrary\Debug\libioLibrary.a(dhcp.o)
                0x10000078                dhcp_state
 .bss.dhcp_retry_count
                0x10000079        0x1 D:\WIZnet\__Purple\___LPCXpresso_Workspace\ioLibrary\Debug\libioLibrary.a(dhcp.o)
                0x10000079                dhcp_retry_count
 *fill*         0x1000007a        0x2 
 .bss.dhcp_tick_1s
                0x1000007c        0x4 D:\WIZnet\__Purple\___LPCXpresso_Workspace\ioLibrary\Debug\libioLibrary.a(dhcp.o)
                0x1000007c                dhcp_tick_1s
 .bss.sock_io_mode
                0x10000080        0x2 D:\WIZnet\__Purple\___LPCXpresso_Workspace\ioLibrary\Debug\libioLibrary.a(socket.o)
 .bss.sock_is_sending
                0x10000082        0x2 D:\WIZnet\__Purple\___LPCXpresso_Workspace\ioLibrary\Debug\libioLibrary.a(socket.o)
 .bss.sock_remained_size
                0x10000084       0x10 D:\WIZnet\__Purple\___LPCXpresso_Workspace\ioLibrary\Debug\libioLibrary.a(socket.o)
 .bss.sock_pack_info
                0x10000094        0x8 D:\WIZnet\__Purple\___LPCXpresso_Workspace\ioLibrary\Debug\libioLibrary.a(socket.o)
 .bss._DNS_     0x1000009c        0x4 D:\WIZnet\__Purple\___LPCXpresso_Workspace\ioLibrary\Debug\libioLibrary.a(wizchip_conf.o)
 .bss._DHCP_    0x100000a0        0x1 D:\WIZnet\__Purple\___LPCXpresso_Workspace\ioLibrary\Debug\libioLibrary.a(wizchip_conf.o)
 *fill*         0x100000a1        0x3 
 .bss.errno     0x100000a4        0x4 c:/nxp/lpcxpresso_7.0.0_92/lpcxpresso/tools/bin/../lib/gcc/arm-none-eabi/4.8.3/../../../../arm-none-eabi/lib/armv6-m\libcr_c.a(errno.o)
                0x100000a4                errno
 *(COMMON)
 COMMON         0x100000a8        0x8 ./src/cr_startup_lpc11exx.o
                0x100000a8                pDivRom_uidiv
                0x100000ac                pDivRom_idiv
 COMMON         0x100000b0      0x804 ./src/main.o
                0x100000b0                gDATABUF
                0x100008b0                msTicks
 COMMON         0x100008b4        0x4 D:\WIZnet\__Purple\___LPCXpresso_Workspace\lpc_chip_11exx\Debug\liblpc_chip_11exx.a(chip_11xx.o)
                0x100008b4                SystemCoreClock
 COMMON         0x100008b8       0x15 D:\WIZnet\__Purple\___LPCXpresso_Workspace\ioLibrary\Debug\libioLibrary.a(dhcp.o)
                0x100008b8                DHCP_CHADDR
                0x100008c0                DHCP_XID
                0x100008c4                DHCP_SIP
                0x100008c8                pDHCPMSG
                0x100008cc                DHCP_SOCKET
 *fill*         0x100008cd        0x3 
 COMMON         0x100008d0        0x4 c:/nxp/lpcxpresso_7.0.0_92/lpcxpresso/tools/bin/../lib/gcc/arm-none-eabi/4.8.3/../../../../arm-none-eabi/lib/armv6-m\libcr_c.a(initio.o)
                0x100008d0                _extra
 COMMON         0x100008d4      0x140 c:/nxp/lpcxpresso_7.0.0_92/lpcxpresso/tools/bin/../lib/gcc/arm-none-eabi/4.8.3/../../../../arm-none-eabi/lib/armv6-m\libcr_c.a(stdio.o)
                0x100008d4                __Ciob
 COMMON         0x10000a14        0x8 c:/nxp/lpcxpresso_7.0.0_92/lpcxpresso/tools/bin/../lib/gcc/arm-none-eabi/4.8.3/../../../../arm-none-eabi/lib/armv6-m\libcr_c.a(__init_alloc.o)
                0x10000a14                __heaps
                0x10000a18                __end_of_heap
                0x10000a1c                . = ALIGN (0x4)
                0x10000a1c                _ebss = .
                0x10000a1c                PROVIDE (end, .)

.noinit_RAM2    0x20000000        0x0
 *(.noinit.$RAM2*)
 *(.noinit.$RamPeriph2*)
                0x20000000                . = ALIGN (0x4)

.noinit_RAM3    0x20004000        0x0
 *(.noinit.$RAM3*)
 *(.noinit.$SRAM1_2*)
                0x20004000                . = ALIGN (0x4)

.noinit         0x10000a1c        0x0
                0x10000a1c                _noinit = .
 *(.noinit*)
                0x10000a1c                . = ALIGN (0x4)
                0x10000a1c                _end_noinit = .
                0x10000a1c                PROVIDE (_pvHeapStart, .)
                0x10002000                PROVIDE (_vStackTop, (__top_RamLoc8 - 0x0))
OUTPUT(w5500evb_internet_dhcp_client.axf elf32-littlearm)

.ARM.attributes
                0x00000000       0x2d
 .ARM.attributes
                0x00000000       0x21 ./src/aeabi_romdiv_patch.o
 .ARM.attributes
                0x00000021       0x31 ./src/cr_startup_lpc11exx.o
 .ARM.attributes
                0x00000052       0x31 ./src/crp.o
 .ARM.attributes
                0x00000083       0x31 ./src/main.o
 .ARM.attributes
                0x000000b4       0x31 ./src/sysinit.o
 .ARM.attributes
                0x000000e5       0x31 D:\WIZnet\__Purple\___LPCXpresso_Workspace\wiznet_evb_w5500evb_board\Debug\libwiznet_evb_w5500evb_board.a(board.o)
 .ARM.attributes
                0x00000116       0x31 D:\WIZnet\__Purple\___LPCXpresso_Workspace\wiznet_evb_w5500evb_board\Debug\libwiznet_evb_w5500evb_board.a(board_sysinit.o)
 .ARM.attributes
                0x00000147       0x31 D:\WIZnet\__Purple\___LPCXpresso_Workspace\wiznet_evb_w5500evb_board\Debug\libwiznet_evb_w5500evb_board.a(w5500_spi.o)
 .ARM.attributes
                0x00000178       0x31 D:\WIZnet\__Purple\___LPCXpresso_Workspace\lpc_chip_11exx\Debug\liblpc_chip_11exx.a(chip_11xx.o)
 .ARM.attributes
                0x000001a9       0x31 D:\WIZnet\__Purple\___LPCXpresso_Workspace\lpc_chip_11exx\Debug\liblpc_chip_11exx.a(clock_11xx.o)
 .ARM.attributes
                0x000001da       0x31 D:\WIZnet\__Purple\___LPCXpresso_Workspace\lpc_chip_11exx\Debug\liblpc_chip_11exx.a(gpio_11xx_1.o)
 .ARM.attributes
                0x0000020b       0x31 D:\WIZnet\__Purple\___LPCXpresso_Workspace\lpc_chip_11exx\Debug\liblpc_chip_11exx.a(iocon_11xx.o)
 .ARM.attributes
                0x0000023c       0x31 D:\WIZnet\__Purple\___LPCXpresso_Workspace\lpc_chip_11exx\Debug\liblpc_chip_11exx.a(ssp_11xx.o)
 .ARM.attributes
                0x0000026d       0x31 D:\WIZnet\__Purple\___LPCXpresso_Workspace\lpc_chip_11exx\Debug\liblpc_chip_11exx.a(sysctl_11xx.o)
 .ARM.attributes
                0x0000029e       0x31 D:\WIZnet\__Purple\___LPCXpresso_Workspace\lpc_chip_11exx\Debug\liblpc_chip_11exx.a(timer_11xx.o)
 .ARM.attributes
                0x000002cf       0x31 D:\WIZnet\__Purple\___LPCXpresso_Workspace\lpc_chip_11exx\Debug\liblpc_chip_11exx.a(uart_11xx.o)
 .ARM.attributes
                0x00000300       0x31 D:\WIZnet\__Purple\___LPCXpresso_Workspace\ioLibrary\Debug\libioLibrary.a(dhcp.o)
 .ARM.attributes
                0x00000331       0x31 D:\WIZnet\__Purple\___LPCXpresso_Workspace\ioLibrary\Debug\libioLibrary.a(w5500.o)
 .ARM.attributes
                0x00000362       0x31 D:\WIZnet\__Purple\___LPCXpresso_Workspace\ioLibrary\Debug\libioLibrary.a(socket.o)
 .ARM.attributes
                0x00000393       0x31 D:\WIZnet\__Purple\___LPCXpresso_Workspace\ioLibrary\Debug\libioLibrary.a(wizchip_conf.o)
 .ARM.attributes
                0x000003c4       0x31 D:\WIZnet\__Purple\___LPCXpresso_Workspace\ioLibrary\Debug\libioLibrary.a(loopback.o)
 .ARM.attributes
                0x000003f5       0x31 c:/nxp/lpcxpresso_7.0.0_92/lpcxpresso/tools/bin/../lib/gcc/arm-none-eabi/4.8.3/../../../../arm-none-eabi/lib/armv6-m\libcr_nohost.a(_cr__main.o)
 .ARM.attributes
                0x00000426       0x31 c:/nxp/lpcxpresso_7.0.0_92/lpcxpresso/tools/bin/../lib/gcc/arm-none-eabi/4.8.3/../../../../arm-none-eabi/lib/armv6-m\libcr_c.a(memcpy.o)
 .ARM.attributes
                0x00000457       0x31 c:/nxp/lpcxpresso_7.0.0_92/lpcxpresso/tools/bin/../lib/gcc/arm-none-eabi/4.8.3/../../../../arm-none-eabi/lib/armv6-m\libcr_c.a(fpprintf.o)
 .ARM.attributes
                0x00000488       0x31 c:/nxp/lpcxpresso_7.0.0_92/lpcxpresso/tools/bin/../lib/gcc/arm-none-eabi/4.8.3/../../../../arm-none-eabi/lib/armv6-m\libcr_c.a(initio.o)
 .ARM.attributes
                0x000004b9       0x31 c:/nxp/lpcxpresso_7.0.0_92/lpcxpresso/tools/bin/../lib/gcc/arm-none-eabi/4.8.3/../../../../arm-none-eabi/lib/armv6-m\libcr_c.a(printf.o)
 .ARM.attributes
                0x000004ea       0x31 c:/nxp/lpcxpresso_7.0.0_92/lpcxpresso/tools/bin/../lib/gcc/arm-none-eabi/4.8.3/../../../../arm-none-eabi/lib/armv6-m\libcr_c.a(setvbuf.o)
 .ARM.attributes
                0x0000051b       0x31 c:/nxp/lpcxpresso_7.0.0_92/lpcxpresso/tools/bin/../lib/gcc/arm-none-eabi/4.8.3/../../../../arm-none-eabi/lib/armv6-m\libcr_c.a(stdio.o)
 .ARM.attributes
                0x0000054c       0x31 c:/nxp/lpcxpresso_7.0.0_92/lpcxpresso/tools/bin/../lib/gcc/arm-none-eabi/4.8.3/../../../../arm-none-eabi/lib/armv6-m\libcr_c.a(strlen.o)
 .ARM.attributes
                0x0000057d       0x31 c:/nxp/lpcxpresso_7.0.0_92/lpcxpresso/tools/bin/../lib/gcc/arm-none-eabi/4.8.3/../../../../arm-none-eabi/lib/armv6-m\libcr_c.a(memset.o)
 .ARM.attributes
                0x000005ae       0x31 c:/nxp/lpcxpresso_7.0.0_92/lpcxpresso/tools/bin/../lib/gcc/arm-none-eabi/4.8.3/../../../../arm-none-eabi/lib/armv6-m\libcr_c.a(_deferredlazyseek.o)
 .ARM.attributes
                0x000005df       0x31 c:/nxp/lpcxpresso_7.0.0_92/lpcxpresso/tools/bin/../lib/gcc/arm-none-eabi/4.8.3/../../../../arm-none-eabi/lib/armv6-m\libcr_c.a(_fdopen.o)
 .ARM.attributes
                0x00000610       0x31 c:/nxp/lpcxpresso_7.0.0_92/lpcxpresso/tools/bin/../lib/gcc/arm-none-eabi/4.8.3/../../../../arm-none-eabi/lib/armv6-m\libcr_c.a(_fflush.o)
 .ARM.attributes
                0x00000641       0x31 c:/nxp/lpcxpresso_7.0.0_92/lpcxpresso/tools/bin/../lib/gcc/arm-none-eabi/4.8.3/../../../../arm-none-eabi/lib/armv6-m\libcr_c.a(_frexpl.o)
 .ARM.attributes
                0x00000672       0x31 c:/nxp/lpcxpresso_7.0.0_92/lpcxpresso/tools/bin/../lib/gcc/arm-none-eabi/4.8.3/../../../../arm-none-eabi/lib/armv6-m\libcr_c.a(_ldexpl.o)
 .ARM.attributes
                0x000006a3       0x31 c:/nxp/lpcxpresso_7.0.0_92/lpcxpresso/tools/bin/../lib/gcc/arm-none-eabi/4.8.3/../../../../arm-none-eabi/lib/armv6-m\libcr_c.a(_writebuf.o)
 .ARM.attributes
                0x000006d4       0x31 c:/nxp/lpcxpresso_7.0.0_92/lpcxpresso/tools/bin/../lib/gcc/arm-none-eabi/4.8.3/../../../../arm-none-eabi/lib/armv6-m\libcr_c.a(alloc.o)
 .ARM.attributes
                0x00000705       0x31 c:/nxp/lpcxpresso_7.0.0_92/lpcxpresso/tools/bin/../lib/gcc/arm-none-eabi/4.8.3/../../../../arm-none-eabi/lib/armv6-m\libcr_c.a(errno.o)
 .ARM.attributes
                0x00000736       0x31 c:/nxp/lpcxpresso_7.0.0_92/lpcxpresso/tools/bin/../lib/gcc/arm-none-eabi/4.8.3/../../../../arm-none-eabi/lib/armv6-m\libcr_c.a(fclose.o)
 .ARM.attributes
                0x00000767       0x31 c:/nxp/lpcxpresso_7.0.0_92/lpcxpresso/tools/bin/../lib/gcc/arm-none-eabi/4.8.3/../../../../arm-none-eabi/lib/armv6-m\libcr_c.a(fflush.o)
 .ARM.attributes
                0x00000798       0x31 c:/nxp/lpcxpresso_7.0.0_92/lpcxpresso/tools/bin/../lib/gcc/arm-none-eabi/4.8.3/../../../../arm-none-eabi/lib/armv6-m\libcr_c.a(fseek.o)
 .ARM.attributes
                0x000007c9       0x31 c:/nxp/lpcxpresso_7.0.0_92/lpcxpresso/tools/bin/../lib/gcc/arm-none-eabi/4.8.3/../../../../arm-none-eabi/lib/armv6-m\libcr_c.a(ftell.o)
 .ARM.attributes
                0x000007fa       0x31 c:/nxp/lpcxpresso_7.0.0_92/lpcxpresso/tools/bin/../lib/gcc/arm-none-eabi/4.8.3/../../../../arm-none-eabi/lib/armv6-m\libcr_c.a(remove.o)
 .ARM.attributes
                0x0000082b       0x31 c:/nxp/lpcxpresso_7.0.0_92/lpcxpresso/tools/bin/../lib/gcc/arm-none-eabi/4.8.3/../../../../arm-none-eabi/lib/armv6-m\libcr_c.a(__init_alloc.o)
 .ARM.attributes
                0x0000085c       0x31 c:/nxp/lpcxpresso_7.0.0_92/lpcxpresso/tools/bin/../lib/gcc/arm-none-eabi/4.8.3/../../../../arm-none-eabi/lib/armv6-m\libcr_c.a(_cr_sbrk.o)
 .ARM.attributes
                0x0000088d       0x31 c:/nxp/lpcxpresso_7.0.0_92/lpcxpresso/tools/bin/../lib/gcc/arm-none-eabi/4.8.3/../../../../arm-none-eabi/lib/armv6-m\libcr_c.a(_do_fflush.o)
 .ARM.attributes
                0x000008be       0x31 c:/nxp/lpcxpresso_7.0.0_92/lpcxpresso/tools/bin/../lib/gcc/arm-none-eabi/4.8.3/../../../../arm-none-eabi/lib/armv6-m\libcr_c.a(_hugeval.o)
 .ARM.attributes
                0x000008ef       0x31 c:/nxp/lpcxpresso_7.0.0_92/lpcxpresso/tools/bin/../lib/gcc/arm-none-eabi/4.8.3/../../../../arm-none-eabi/lib/armv6-m\libcr_c.a(_cr_check_heap.o)
 .ARM.attributes
                0x00000920       0x31 c:/nxp/lpcxpresso_7.0.0_92/lpcxpresso/tools/bin/../lib/gcc/arm-none-eabi/4.8.3/armv6-m\libcr_eabihelpers.a(double.o)
 .ARM.attributes
                0x00000951       0x21 c:/nxp/lpcxpresso_7.0.0_92/lpcxpresso/tools/bin/../lib/gcc/arm-none-eabi/4.8.3/armv6-m\libcr_eabihelpers.a(llong.o)
 .ARM.attributes
                0x00000972       0x21 c:/nxp/lpcxpresso_7.0.0_92/lpcxpresso/tools/bin/../lib/gcc/arm-none-eabi/4.8.3/armv6-m\libcr_eabihelpers.a(memcpy.o)
 .ARM.attributes
                0x00000993       0x31 c:/nxp/lpcxpresso_7.0.0_92/lpcxpresso/tools/bin/../lib/gcc/arm-none-eabi/4.8.3/../../../../arm-none-eabi/lib/armv6-m\libcr_nohost.a(__sys_appexit.o)
 .ARM.attributes
                0x000009c4       0x31 c:/nxp/lpcxpresso_7.0.0_92/lpcxpresso/tools/bin/../lib/gcc/arm-none-eabi/4.8.3/../../../../arm-none-eabi/lib/armv6-m\libcr_nohost.a(__sys_close.o)
 .ARM.attributes
                0x000009f5       0x31 c:/nxp/lpcxpresso_7.0.0_92/lpcxpresso/tools/bin/../lib/gcc/arm-none-eabi/4.8.3/../../../../arm-none-eabi/lib/armv6-m\libcr_nohost.a(__sys_flen.o)
 .ARM.attributes
                0x00000a26       0x31 c:/nxp/lpcxpresso_7.0.0_92/lpcxpresso/tools/bin/../lib/gcc/arm-none-eabi/4.8.3/../../../../arm-none-eabi/lib/armv6-m\libcr_nohost.a(__sys_istty.o)
 .ARM.attributes
                0x00000a57       0x31 c:/nxp/lpcxpresso_7.0.0_92/lpcxpresso/tools/bin/../lib/gcc/arm-none-eabi/4.8.3/../../../../arm-none-eabi/lib/armv6-m\libcr_nohost.a(__sys_remove.o)
 .ARM.attributes
                0x00000a88       0x31 c:/nxp/lpcxpresso_7.0.0_92/lpcxpresso/tools/bin/../lib/gcc/arm-none-eabi/4.8.3/../../../../arm-none-eabi/lib/armv6-m\libcr_nohost.a(__sys_seek.o)
 .ARM.attributes
                0x00000ab9       0x31 c:/nxp/lpcxpresso_7.0.0_92/lpcxpresso/tools/bin/../lib/gcc/arm-none-eabi/4.8.3/../../../../arm-none-eabi/lib/armv6-m\libcr_nohost.a(__sys_tmpnam.o)

.comment        0x00000000       0x70
 .comment       0x00000000       0x70 ./src/cr_startup_lpc11exx.o
                                 0x71 (size before relaxing)
 .comment       0x00000000       0x71 ./src/crp.o
 .comment       0x00000000       0x71 ./src/main.o
 .comment       0x00000000       0x71 ./src/sysinit.o
 .comment       0x00000000       0x71 D:\WIZnet\__Purple\___LPCXpresso_Workspace\wiznet_evb_w5500evb_board\Debug\libwiznet_evb_w5500evb_board.a(board.o)
 .comment       0x00000000       0x71 D:\WIZnet\__Purple\___LPCXpresso_Workspace\wiznet_evb_w5500evb_board\Debug\libwiznet_evb_w5500evb_board.a(board_sysinit.o)
 .comment       0x00000000       0x71 D:\WIZnet\__Purple\___LPCXpresso_Workspace\wiznet_evb_w5500evb_board\Debug\libwiznet_evb_w5500evb_board.a(w5500_spi.o)
 .comment       0x00000000       0x71 D:\WIZnet\__Purple\___LPCXpresso_Workspace\lpc_chip_11exx\Debug\liblpc_chip_11exx.a(chip_11xx.o)
 .comment       0x00000000       0x71 D:\WIZnet\__Purple\___LPCXpresso_Workspace\lpc_chip_11exx\Debug\liblpc_chip_11exx.a(clock_11xx.o)
 .comment       0x00000000       0x71 D:\WIZnet\__Purple\___LPCXpresso_Workspace\lpc_chip_11exx\Debug\liblpc_chip_11exx.a(gpio_11xx_1.o)
 .comment       0x00000000       0x71 D:\WIZnet\__Purple\___LPCXpresso_Workspace\lpc_chip_11exx\Debug\liblpc_chip_11exx.a(iocon_11xx.o)
 .comment       0x00000000       0x71 D:\WIZnet\__Purple\___LPCXpresso_Workspace\lpc_chip_11exx\Debug\liblpc_chip_11exx.a(ssp_11xx.o)
 .comment       0x00000000       0x71 D:\WIZnet\__Purple\___LPCXpresso_Workspace\lpc_chip_11exx\Debug\liblpc_chip_11exx.a(sysctl_11xx.o)
 .comment       0x00000000       0x71 D:\WIZnet\__Purple\___LPCXpresso_Workspace\lpc_chip_11exx\Debug\liblpc_chip_11exx.a(timer_11xx.o)
 .comment       0x00000000       0x71 D:\WIZnet\__Purple\___LPCXpresso_Workspace\lpc_chip_11exx\Debug\liblpc_chip_11exx.a(uart_11xx.o)
 .comment       0x00000000       0x71 D:\WIZnet\__Purple\___LPCXpresso_Workspace\ioLibrary\Debug\libioLibrary.a(dhcp.o)
 .comment       0x00000000       0x71 D:\WIZnet\__Purple\___LPCXpresso_Workspace\ioLibrary\Debug\libioLibrary.a(w5500.o)
 .comment       0x00000000       0x71 D:\WIZnet\__Purple\___LPCXpresso_Workspace\ioLibrary\Debug\libioLibrary.a(socket.o)
 .comment       0x00000000       0x71 D:\WIZnet\__Purple\___LPCXpresso_Workspace\ioLibrary\Debug\libioLibrary.a(wizchip_conf.o)
 .comment       0x00000000       0x71 D:\WIZnet\__Purple\___LPCXpresso_Workspace\ioLibrary\Debug\libioLibrary.a(loopback.o)
 .comment       0x00000000       0x71 c:/nxp/lpcxpresso_7.0.0_92/lpcxpresso/tools/bin/../lib/gcc/arm-none-eabi/4.8.3/../../../../arm-none-eabi/lib/armv6-m\libcr_nohost.a(_cr__main.o)
 .comment       0x00000000       0x71 c:/nxp/lpcxpresso_7.0.0_92/lpcxpresso/tools/bin/../lib/gcc/arm-none-eabi/4.8.3/../../../../arm-none-eabi/lib/armv6-m\libcr_c.a(memcpy.o)
 .comment       0x00000000       0x71 c:/nxp/lpcxpresso_7.0.0_92/lpcxpresso/tools/bin/../lib/gcc/arm-none-eabi/4.8.3/../../../../arm-none-eabi/lib/armv6-m\libcr_c.a(fpprintf.o)
 .comment       0x00000000       0x71 c:/nxp/lpcxpresso_7.0.0_92/lpcxpresso/tools/bin/../lib/gcc/arm-none-eabi/4.8.3/../../../../arm-none-eabi/lib/armv6-m\libcr_c.a(initio.o)
 .comment       0x00000000       0x71 c:/nxp/lpcxpresso_7.0.0_92/lpcxpresso/tools/bin/../lib/gcc/arm-none-eabi/4.8.3/../../../../arm-none-eabi/lib/armv6-m\libcr_c.a(printf.o)
 .comment       0x00000000       0x71 c:/nxp/lpcxpresso_7.0.0_92/lpcxpresso/tools/bin/../lib/gcc/arm-none-eabi/4.8.3/../../../../arm-none-eabi/lib/armv6-m\libcr_c.a(setvbuf.o)
 .comment       0x00000000       0x71 c:/nxp/lpcxpresso_7.0.0_92/lpcxpresso/tools/bin/../lib/gcc/arm-none-eabi/4.8.3/../../../../arm-none-eabi/lib/armv6-m\libcr_c.a(stdio.o)
 .comment       0x00000000       0x71 c:/nxp/lpcxpresso_7.0.0_92/lpcxpresso/tools/bin/../lib/gcc/arm-none-eabi/4.8.3/../../../../arm-none-eabi/lib/armv6-m\libcr_c.a(strlen.o)
 .comment       0x00000000       0x71 c:/nxp/lpcxpresso_7.0.0_92/lpcxpresso/tools/bin/../lib/gcc/arm-none-eabi/4.8.3/../../../../arm-none-eabi/lib/armv6-m\libcr_c.a(memset.o)
 .comment       0x00000000       0x71 c:/nxp/lpcxpresso_7.0.0_92/lpcxpresso/tools/bin/../lib/gcc/arm-none-eabi/4.8.3/../../../../arm-none-eabi/lib/armv6-m\libcr_c.a(_deferredlazyseek.o)
 .comment       0x00000000       0x71 c:/nxp/lpcxpresso_7.0.0_92/lpcxpresso/tools/bin/../lib/gcc/arm-none-eabi/4.8.3/../../../../arm-none-eabi/lib/armv6-m\libcr_c.a(_fdopen.o)
 .comment       0x00000000       0x71 c:/nxp/lpcxpresso_7.0.0_92/lpcxpresso/tools/bin/../lib/gcc/arm-none-eabi/4.8.3/../../../../arm-none-eabi/lib/armv6-m\libcr_c.a(_fflush.o)
 .comment       0x00000000       0x71 c:/nxp/lpcxpresso_7.0.0_92/lpcxpresso/tools/bin/../lib/gcc/arm-none-eabi/4.8.3/../../../../arm-none-eabi/lib/armv6-m\libcr_c.a(_frexpl.o)
 .comment       0x00000000       0x71 c:/nxp/lpcxpresso_7.0.0_92/lpcxpresso/tools/bin/../lib/gcc/arm-none-eabi/4.8.3/../../../../arm-none-eabi/lib/armv6-m\libcr_c.a(_ldexpl.o)
 .comment       0x00000000       0x71 c:/nxp/lpcxpresso_7.0.0_92/lpcxpresso/tools/bin/../lib/gcc/arm-none-eabi/4.8.3/../../../../arm-none-eabi/lib/armv6-m\libcr_c.a(_writebuf.o)
 .comment       0x00000000       0x71 c:/nxp/lpcxpresso_7.0.0_92/lpcxpresso/tools/bin/../lib/gcc/arm-none-eabi/4.8.3/../../../../arm-none-eabi/lib/armv6-m\libcr_c.a(alloc.o)
 .comment       0x00000000       0x71 c:/nxp/lpcxpresso_7.0.0_92/lpcxpresso/tools/bin/../lib/gcc/arm-none-eabi/4.8.3/../../../../arm-none-eabi/lib/armv6-m\libcr_c.a(errno.o)
 .comment       0x00000000       0x71 c:/nxp/lpcxpresso_7.0.0_92/lpcxpresso/tools/bin/../lib/gcc/arm-none-eabi/4.8.3/../../../../arm-none-eabi/lib/armv6-m\libcr_c.a(fclose.o)
 .comment       0x00000000       0x71 c:/nxp/lpcxpresso_7.0.0_92/lpcxpresso/tools/bin/../lib/gcc/arm-none-eabi/4.8.3/../../../../arm-none-eabi/lib/armv6-m\libcr_c.a(fflush.o)
 .comment       0x00000000       0x71 c:/nxp/lpcxpresso_7.0.0_92/lpcxpresso/tools/bin/../lib/gcc/arm-none-eabi/4.8.3/../../../../arm-none-eabi/lib/armv6-m\libcr_c.a(fseek.o)
 .comment       0x00000000       0x71 c:/nxp/lpcxpresso_7.0.0_92/lpcxpresso/tools/bin/../lib/gcc/arm-none-eabi/4.8.3/../../../../arm-none-eabi/lib/armv6-m\libcr_c.a(ftell.o)
 .comment       0x00000000       0x71 c:/nxp/lpcxpresso_7.0.0_92/lpcxpresso/tools/bin/../lib/gcc/arm-none-eabi/4.8.3/../../../../arm-none-eabi/lib/armv6-m\libcr_c.a(remove.o)
 .comment       0x00000000       0x71 c:/nxp/lpcxpresso_7.0.0_92/lpcxpresso/tools/bin/../lib/gcc/arm-none-eabi/4.8.3/../../../../arm-none-eabi/lib/armv6-m\libcr_c.a(__init_alloc.o)
 .comment       0x00000000       0x71 c:/nxp/lpcxpresso_7.0.0_92/lpcxpresso/tools/bin/../lib/gcc/arm-none-eabi/4.8.3/../../../../arm-none-eabi/lib/armv6-m\libcr_c.a(_cr_sbrk.o)
 .comment       0x00000000       0x71 c:/nxp/lpcxpresso_7.0.0_92/lpcxpresso/tools/bin/../lib/gcc/arm-none-eabi/4.8.3/../../../../arm-none-eabi/lib/armv6-m\libcr_c.a(_do_fflush.o)
 .comment       0x00000000       0x71 c:/nxp/lpcxpresso_7.0.0_92/lpcxpresso/tools/bin/../lib/gcc/arm-none-eabi/4.8.3/../../../../arm-none-eabi/lib/armv6-m\libcr_c.a(_hugeval.o)
 .comment       0x00000000       0x71 c:/nxp/lpcxpresso_7.0.0_92/lpcxpresso/tools/bin/../lib/gcc/arm-none-eabi/4.8.3/../../../../arm-none-eabi/lib/armv6-m\libcr_c.a(_cr_check_heap.o)
 .comment       0x00000000       0x71 c:/nxp/lpcxpresso_7.0.0_92/lpcxpresso/tools/bin/../lib/gcc/arm-none-eabi/4.8.3/armv6-m\libcr_eabihelpers.a(double.o)
 .comment       0x00000000       0x71 c:/nxp/lpcxpresso_7.0.0_92/lpcxpresso/tools/bin/../lib/gcc/arm-none-eabi/4.8.3/../../../../arm-none-eabi/lib/armv6-m\libcr_nohost.a(__sys_appexit.o)
 .comment       0x00000000       0x71 c:/nxp/lpcxpresso_7.0.0_92/lpcxpresso/tools/bin/../lib/gcc/arm-none-eabi/4.8.3/../../../../arm-none-eabi/lib/armv6-m\libcr_nohost.a(__sys_close.o)
 .comment       0x00000000       0x71 c:/nxp/lpcxpresso_7.0.0_92/lpcxpresso/tools/bin/../lib/gcc/arm-none-eabi/4.8.3/../../../../arm-none-eabi/lib/armv6-m\libcr_nohost.a(__sys_flen.o)
 .comment       0x00000000       0x71 c:/nxp/lpcxpresso_7.0.0_92/lpcxpresso/tools/bin/../lib/gcc/arm-none-eabi/4.8.3/../../../../arm-none-eabi/lib/armv6-m\libcr_nohost.a(__sys_istty.o)
 .comment       0x00000000       0x71 c:/nxp/lpcxpresso_7.0.0_92/lpcxpresso/tools/bin/../lib/gcc/arm-none-eabi/4.8.3/../../../../arm-none-eabi/lib/armv6-m\libcr_nohost.a(__sys_remove.o)
 .comment       0x00000000       0x71 c:/nxp/lpcxpresso_7.0.0_92/lpcxpresso/tools/bin/../lib/gcc/arm-none-eabi/4.8.3/../../../../arm-none-eabi/lib/armv6-m\libcr_nohost.a(__sys_seek.o)
 .comment       0x00000000       0x71 c:/nxp/lpcxpresso_7.0.0_92/lpcxpresso/tools/bin/../lib/gcc/arm-none-eabi/4.8.3/../../../../arm-none-eabi/lib/armv6-m\libcr_nohost.a(__sys_tmpnam.o)

.debug_line     0x00000000     0x5e7b
 .debug_line    0x00000000       0x65 ./src/aeabi_romdiv_patch.o
 .debug_line    0x00000065       0xa7 ./src/cr_startup_lpc11exx.o
 .debug_line    0x0000010c       0x77 ./src/crp.o
 .debug_line    0x00000183      0x7a3 ./src/main.o
 .debug_line    0x00000926      0x362 ./src/sysinit.o
 .debug_line    0x00000c88      0x543 D:\WIZnet\__Purple\___LPCXpresso_Workspace\wiznet_evb_w5500evb_board\Debug\libwiznet_evb_w5500evb_board.a(board.o)
 .debug_line    0x000011cb      0x43a D:\WIZnet\__Purple\___LPCXpresso_Workspace\wiznet_evb_w5500evb_board\Debug\libwiznet_evb_w5500evb_board.a(board_sysinit.o)
 .debug_line    0x00001605      0x5b9 D:\WIZnet\__Purple\___LPCXpresso_Workspace\wiznet_evb_w5500evb_board\Debug\libwiznet_evb_w5500evb_board.a(w5500_spi.o)
 .debug_line    0x00001bbe      0x2f6 D:\WIZnet\__Purple\___LPCXpresso_Workspace\lpc_chip_11exx\Debug\liblpc_chip_11exx.a(chip_11xx.o)
 .debug_line    0x00001eb4      0x421 D:\WIZnet\__Purple\___LPCXpresso_Workspace\lpc_chip_11exx\Debug\liblpc_chip_11exx.a(clock_11xx.o)
 .debug_line    0x000022d5      0x3e1 D:\WIZnet\__Purple\___LPCXpresso_Workspace\lpc_chip_11exx\Debug\liblpc_chip_11exx.a(gpio_11xx_1.o)
 .debug_line    0x000026b6      0x2f9 D:\WIZnet\__Purple\___LPCXpresso_Workspace\lpc_chip_11exx\Debug\liblpc_chip_11exx.a(iocon_11xx.o)
 .debug_line    0x000029af      0x780 D:\WIZnet\__Purple\___LPCXpresso_Workspace\lpc_chip_11exx\Debug\liblpc_chip_11exx.a(ssp_11xx.o)
 .debug_line    0x0000312f      0x333 D:\WIZnet\__Purple\___LPCXpresso_Workspace\lpc_chip_11exx\Debug\liblpc_chip_11exx.a(sysctl_11xx.o)
 .debug_line    0x00003462      0x384 D:\WIZnet\__Purple\___LPCXpresso_Workspace\lpc_chip_11exx\Debug\liblpc_chip_11exx.a(timer_11xx.o)
 .debug_line    0x000037e6      0x57e D:\WIZnet\__Purple\___LPCXpresso_Workspace\lpc_chip_11exx\Debug\liblpc_chip_11exx.a(uart_11xx.o)
 .debug_line    0x00003d64      0x7e5 D:\WIZnet\__Purple\___LPCXpresso_Workspace\ioLibrary\Debug\libioLibrary.a(dhcp.o)
 .debug_line    0x00004549      0x4b2 D:\WIZnet\__Purple\___LPCXpresso_Workspace\ioLibrary\Debug\libioLibrary.a(w5500.o)
 .debug_line    0x000049fb      0x842 D:\WIZnet\__Purple\___LPCXpresso_Workspace\ioLibrary\Debug\libioLibrary.a(socket.o)
 .debug_line    0x0000523d      0x782 D:\WIZnet\__Purple\___LPCXpresso_Workspace\ioLibrary\Debug\libioLibrary.a(wizchip_conf.o)
 .debug_line    0x000059bf      0x4bc D:\WIZnet\__Purple\___LPCXpresso_Workspace\ioLibrary\Debug\libioLibrary.a(loopback.o)

.debug_info     0x00000000     0x8693
 .debug_info    0x00000000       0x8f ./src/aeabi_romdiv_patch.o
 .debug_info    0x0000008f      0x280 ./src/cr_startup_lpc11exx.o
 .debug_info    0x0000030f       0x3f ./src/crp.o
 .debug_info    0x0000034e      0x9c7 ./src/main.o
 .debug_info    0x00000d15       0xb8 ./src/sysinit.o
 .debug_info    0x00000dcd      0x7df D:\WIZnet\__Purple\___LPCXpresso_Workspace\wiznet_evb_w5500evb_board\Debug\libwiznet_evb_w5500evb_board.a(board.o)
 .debug_info    0x000015ac      0x915 D:\WIZnet\__Purple\___LPCXpresso_Workspace\wiznet_evb_w5500evb_board\Debug\libwiznet_evb_w5500evb_board.a(board_sysinit.o)
 .debug_info    0x00001ec1      0x57b D:\WIZnet\__Purple\___LPCXpresso_Workspace\wiznet_evb_w5500evb_board\Debug\libwiznet_evb_w5500evb_board.a(w5500_spi.o)
 .debug_info    0x0000243c       0xc2 D:\WIZnet\__Purple\___LPCXpresso_Workspace\lpc_chip_11exx\Debug\liblpc_chip_11exx.a(chip_11xx.o)
 .debug_info    0x000024fe      0x86f D:\WIZnet\__Purple\___LPCXpresso_Workspace\lpc_chip_11exx\Debug\liblpc_chip_11exx.a(clock_11xx.o)
 .debug_info    0x00002d6d      0x96f D:\WIZnet\__Purple\___LPCXpresso_Workspace\lpc_chip_11exx\Debug\liblpc_chip_11exx.a(gpio_11xx_1.o)
 .debug_info    0x000036dc      0x155 D:\WIZnet\__Purple\___LPCXpresso_Workspace\lpc_chip_11exx\Debug\liblpc_chip_11exx.a(iocon_11xx.o)
 .debug_info    0x00003831     0x10c0 D:\WIZnet\__Purple\___LPCXpresso_Workspace\lpc_chip_11exx\Debug\liblpc_chip_11exx.a(ssp_11xx.o)
 .debug_info    0x000048f1      0x583 D:\WIZnet\__Purple\___LPCXpresso_Workspace\lpc_chip_11exx\Debug\liblpc_chip_11exx.a(sysctl_11xx.o)
 .debug_info    0x00004e74      0x81b D:\WIZnet\__Purple\___LPCXpresso_Workspace\lpc_chip_11exx\Debug\liblpc_chip_11exx.a(timer_11xx.o)
 .debug_info    0x0000568f      0xea4 D:\WIZnet\__Purple\___LPCXpresso_Workspace\lpc_chip_11exx\Debug\liblpc_chip_11exx.a(uart_11xx.o)
 .debug_info    0x00006533      0x8cf D:\WIZnet\__Purple\___LPCXpresso_Workspace\ioLibrary\Debug\libioLibrary.a(dhcp.o)
 .debug_info    0x00006e02      0x56e D:\WIZnet\__Purple\___LPCXpresso_Workspace\ioLibrary\Debug\libioLibrary.a(w5500.o)
 .debug_info    0x00007370      0x624 D:\WIZnet\__Purple\___LPCXpresso_Workspace\ioLibrary\Debug\libioLibrary.a(socket.o)
 .debug_info    0x00007994      0xb0f D:\WIZnet\__Purple\___LPCXpresso_Workspace\ioLibrary\Debug\libioLibrary.a(wizchip_conf.o)
 .debug_info    0x000084a3      0x1f0 D:\WIZnet\__Purple\___LPCXpresso_Workspace\ioLibrary\Debug\libioLibrary.a(loopback.o)

.debug_abbrev   0x00000000     0x1dae
 .debug_abbrev  0x00000000       0x12 ./src/aeabi_romdiv_patch.o
 .debug_abbrev  0x00000012      0x10d ./src/cr_startup_lpc11exx.o
 .debug_abbrev  0x0000011f       0x36 ./src/crp.o
 .debug_abbrev  0x00000155      0x2bc ./src/main.o
 .debug_abbrev  0x00000411       0x6a ./src/sysinit.o
 .debug_abbrev  0x0000047b      0x204 D:\WIZnet\__Purple\___LPCXpresso_Workspace\wiznet_evb_w5500evb_board\Debug\libwiznet_evb_w5500evb_board.a(board.o)
 .debug_abbrev  0x0000067f      0x1cb D:\WIZnet\__Purple\___LPCXpresso_Workspace\wiznet_evb_w5500evb_board\Debug\libwiznet_evb_w5500evb_board.a(board_sysinit.o)
 .debug_abbrev  0x0000084a      0x1e4 D:\WIZnet\__Purple\___LPCXpresso_Workspace\wiznet_evb_w5500evb_board\Debug\libwiznet_evb_w5500evb_board.a(w5500_spi.o)
 .debug_abbrev  0x00000a2e       0x7b D:\WIZnet\__Purple\___LPCXpresso_Workspace\lpc_chip_11exx\Debug\liblpc_chip_11exx.a(chip_11xx.o)
 .debug_abbrev  0x00000aa9      0x1bc D:\WIZnet\__Purple\___LPCXpresso_Workspace\lpc_chip_11exx\Debug\liblpc_chip_11exx.a(clock_11xx.o)
 .debug_abbrev  0x00000c65      0x173 D:\WIZnet\__Purple\___LPCXpresso_Workspace\lpc_chip_11exx\Debug\liblpc_chip_11exx.a(gpio_11xx_1.o)
 .debug_abbrev  0x00000dd8       0xc8 D:\WIZnet\__Purple\___LPCXpresso_Workspace\lpc_chip_11exx\Debug\liblpc_chip_11exx.a(iocon_11xx.o)
 .debug_abbrev  0x00000ea0      0x2b0 D:\WIZnet\__Purple\___LPCXpresso_Workspace\lpc_chip_11exx\Debug\liblpc_chip_11exx.a(ssp_11xx.o)
 .debug_abbrev  0x00001150       0xce D:\WIZnet\__Purple\___LPCXpresso_Workspace\lpc_chip_11exx\Debug\liblpc_chip_11exx.a(sysctl_11xx.o)
 .debug_abbrev  0x0000121e      0x191 D:\WIZnet\__Purple\___LPCXpresso_Workspace\lpc_chip_11exx\Debug\liblpc_chip_11exx.a(timer_11xx.o)
 .debug_abbrev  0x000013af      0x201 D:\WIZnet\__Purple\___LPCXpresso_Workspace\lpc_chip_11exx\Debug\liblpc_chip_11exx.a(uart_11xx.o)
 .debug_abbrev  0x000015b0      0x1b5 D:\WIZnet\__Purple\___LPCXpresso_Workspace\ioLibrary\Debug\libioLibrary.a(dhcp.o)
 .debug_abbrev  0x00001765      0x176 D:\WIZnet\__Purple\___LPCXpresso_Workspace\ioLibrary\Debug\libioLibrary.a(w5500.o)
 .debug_abbrev  0x000018db      0x150 D:\WIZnet\__Purple\___LPCXpresso_Workspace\ioLibrary\Debug\libioLibrary.a(socket.o)
 .debug_abbrev  0x00001a2b      0x2be D:\WIZnet\__Purple\___LPCXpresso_Workspace\ioLibrary\Debug\libioLibrary.a(wizchip_conf.o)
 .debug_abbrev  0x00001ce9       0xc5 D:\WIZnet\__Purple\___LPCXpresso_Workspace\ioLibrary\Debug\libioLibrary.a(loopback.o)

.debug_aranges  0x00000000      0x9d0
 .debug_aranges
                0x00000000       0x28 ./src/aeabi_romdiv_patch.o
 .debug_aranges
                0x00000028       0x60 ./src/cr_startup_lpc11exx.o
 .debug_aranges
                0x00000088       0x18 ./src/crp.o
 .debug_aranges
                0x000000a0       0xb0 ./src/main.o
 .debug_aranges
                0x00000150       0x20 ./src/sysinit.o
 .debug_aranges
                0x00000170       0xc0 D:\WIZnet\__Purple\___LPCXpresso_Workspace\wiznet_evb_w5500evb_board\Debug\libwiznet_evb_w5500evb_board.a(board.o)
 .debug_aranges
                0x00000230       0x58 D:\WIZnet\__Purple\___LPCXpresso_Workspace\wiznet_evb_w5500evb_board\Debug\libwiznet_evb_w5500evb_board.a(board_sysinit.o)
 .debug_aranges
                0x00000288       0x70 D:\WIZnet\__Purple\___LPCXpresso_Workspace\wiznet_evb_w5500evb_board\Debug\libwiznet_evb_w5500evb_board.a(w5500_spi.o)
 .debug_aranges
                0x000002f8       0x20 D:\WIZnet\__Purple\___LPCXpresso_Workspace\lpc_chip_11exx\Debug\liblpc_chip_11exx.a(chip_11xx.o)
 .debug_aranges
                0x00000318       0x88 D:\WIZnet\__Purple\___LPCXpresso_Workspace\lpc_chip_11exx\Debug\liblpc_chip_11exx.a(clock_11xx.o)
 .debug_aranges
                0x000003a0       0x78 D:\WIZnet\__Purple\___LPCXpresso_Workspace\lpc_chip_11exx\Debug\liblpc_chip_11exx.a(gpio_11xx_1.o)
 .debug_aranges
                0x00000418       0x20 D:\WIZnet\__Purple\___LPCXpresso_Workspace\lpc_chip_11exx\Debug\liblpc_chip_11exx.a(iocon_11xx.o)
 .debug_aranges
                0x00000438      0x140 D:\WIZnet\__Purple\___LPCXpresso_Workspace\lpc_chip_11exx\Debug\liblpc_chip_11exx.a(ssp_11xx.o)
 .debug_aranges
                0x00000578       0x38 D:\WIZnet\__Purple\___LPCXpresso_Workspace\lpc_chip_11exx\Debug\liblpc_chip_11exx.a(sysctl_11xx.o)
 .debug_aranges
                0x000005b0       0x50 D:\WIZnet\__Purple\___LPCXpresso_Workspace\lpc_chip_11exx\Debug\liblpc_chip_11exx.a(timer_11xx.o)
 .debug_aranges
                0x00000600       0xf0 D:\WIZnet\__Purple\___LPCXpresso_Workspace\lpc_chip_11exx\Debug\liblpc_chip_11exx.a(uart_11xx.o)
 .debug_aranges
                0x000006f0       0xc0 D:\WIZnet\__Purple\___LPCXpresso_Workspace\ioLibrary\Debug\libioLibrary.a(dhcp.o)
 .debug_aranges
                0x000007b0       0x60 D:\WIZnet\__Purple\___LPCXpresso_Workspace\ioLibrary\Debug\libioLibrary.a(w5500.o)
 .debug_aranges
                0x00000810       0x78 D:\WIZnet\__Purple\___LPCXpresso_Workspace\ioLibrary\Debug\libioLibrary.a(socket.o)
 .debug_aranges
                0x00000888      0x120 D:\WIZnet\__Purple\___LPCXpresso_Workspace\ioLibrary\Debug\libioLibrary.a(wizchip_conf.o)
 .debug_aranges
                0x000009a8       0x28 D:\WIZnet\__Purple\___LPCXpresso_Workspace\ioLibrary\Debug\libioLibrary.a(loopback.o)

.debug_ranges   0x00000000      0x880
 .debug_ranges  0x00000000       0x20 ./src/aeabi_romdiv_patch.o
 .debug_ranges  0x00000020       0x50 ./src/cr_startup_lpc11exx.o
 .debug_ranges  0x00000070       0xa0 ./src/main.o
 .debug_ranges  0x00000110       0x10 ./src/sysinit.o