Archive member included because of file (symbol)

D:\WIZnet\__Purple\___LPCXpresso_Workspace\wiznet_evb_w5500evb_board\Debug\libwiznet_evb_w5500evb_board.a(board.o)
                              ./src/main.o (Board_LED_Set)
D:\WIZnet\__Purple\___LPCXpresso_Workspace\wiznet_evb_w5500evb_board\Debug\libwiznet_evb_w5500evb_board.a(board_sysinit.o)
                              ./src/sysinit.o (Board_SystemInit)
D:\WIZnet\__Purple\___LPCXpresso_Workspace\wiznet_evb_w5500evb_board\Debug\libwiznet_evb_w5500evb_board.a(w5500_spi.o)
                              ./src/main.o (SPI_Init)
D:\WIZnet\__Purple\___LPCXpresso_Workspace\lpc_chip_11exx\Debug\liblpc_chip_11exx.a(chip_11xx.o)
                              ./src/main.o (SystemCoreClock)
D:\WIZnet\__Purple\___LPCXpresso_Workspace\lpc_chip_11exx\Debug\liblpc_chip_11exx.a(clock_11xx.o)
                              D:\WIZnet\__Purple\___LPCXpresso_Workspace\wiznet_evb_w5500evb_board\Debug\libwiznet_evb_w5500evb_board.a(board_sysinit.o) (Chip_Clock_SetSystemPLLSource)
D:\WIZnet\__Purple\___LPCXpresso_Workspace\lpc_chip_11exx\Debug\liblpc_chip_11exx.a(gpio_11xx_1.o)
                              D:\WIZnet\__Purple\___LPCXpresso_Workspace\wiznet_evb_w5500evb_board\Debug\libwiznet_evb_w5500evb_board.a(board.o) (Chip_GPIO_Init)
D:\WIZnet\__Purple\___LPCXpresso_Workspace\lpc_chip_11exx\Debug\liblpc_chip_11exx.a(iocon_11xx.o)
                              D:\WIZnet\__Purple\___LPCXpresso_Workspace\wiznet_evb_w5500evb_board\Debug\libwiznet_evb_w5500evb_board.a(board.o) (Chip_IOCON_PinMuxSet)
D:\WIZnet\__Purple\___LPCXpresso_Workspace\lpc_chip_11exx\Debug\liblpc_chip_11exx.a(ssp_11xx.o)
                              D:\WIZnet\__Purple\___LPCXpresso_Workspace\wiznet_evb_w5500evb_board\Debug\libwiznet_evb_w5500evb_board.a(w5500_spi.o) (Chip_SSP_WriteFrames_Blocking)
D:\WIZnet\__Purple\___LPCXpresso_Workspace\lpc_chip_11exx\Debug\liblpc_chip_11exx.a(sysctl_11xx.o)
                              D:\WIZnet\__Purple\___LPCXpresso_Workspace\wiznet_evb_w5500evb_board\Debug\libwiznet_evb_w5500evb_board.a(board_sysinit.o) (Chip_SYSCTL_PowerDown)
D:\WIZnet\__Purple\___LPCXpresso_Workspace\lpc_chip_11exx\Debug\liblpc_chip_11exx.a(timer_11xx.o)
                              ./src/main.o (Chip_TIMER_Init)
D:\WIZnet\__Purple\___LPCXpresso_Workspace\lpc_chip_11exx\Debug\liblpc_chip_11exx.a(uart_11xx.o)
                              D:\WIZnet\__Purple\___LPCXpresso_Workspace\wiznet_evb_w5500evb_board\Debug\libwiznet_evb_w5500evb_board.a(board.o) (Chip_UART_Init)
D:\WIZnet\__Purple\___LPCXpresso_Workspace\lpc_chip_11exx\Debug\liblpc_chip_11exx.a(ring_buffer.o)
                              D:\WIZnet\__Purple\___LPCXpresso_Workspace\lpc_chip_11exx\Debug\liblpc_chip_11exx.a(uart_11xx.o) (RingBuffer_Insert)
D:\WIZnet\__Purple\___LPCXpresso_Workspace\ioLibrary\Debug\libioLibrary.a(dns.o)
                              ./src/main.o (DNS_init)
D:\WIZnet\__Purple\___LPCXpresso_Workspace\ioLibrary\Debug\libioLibrary.a(w5500.o)
                              D:\WIZnet\__Purple\___LPCXpresso_Workspace\ioLibrary\Debug\libioLibrary.a(dns.o) (getSn_RX_RSR)
D:\WIZnet\__Purple\___LPCXpresso_Workspace\ioLibrary\Debug\libioLibrary.a(socket.o)
                              D:\WIZnet\__Purple\___LPCXpresso_Workspace\ioLibrary\Debug\libioLibrary.a(dns.o) (socket)
D:\WIZnet\__Purple\___LPCXpresso_Workspace\ioLibrary\Debug\libioLibrary.a(wizchip_conf.o)
                              D:\WIZnet\__Purple\___LPCXpresso_Workspace\ioLibrary\Debug\libioLibrary.a(w5500.o) (WIZCHIP)
c:/nxp/lpcxpresso_7.0.0_92/lpcxpresso/tools/bin/../lib/gcc/arm-none-eabi/4.8.3/../../../../arm-none-eabi/lib/armv6-m\libcr_nohost.a(_cr__main.o)
                              ./src/cr_startup_lpc11exx.o (__main)
c:/nxp/lpcxpresso_7.0.0_92/lpcxpresso/tools/bin/../lib/gcc/arm-none-eabi/4.8.3/../../../../arm-none-eabi/lib/armv6-m\libcr_c.a(memcpy.o)
                              D:\WIZnet\__Purple\___LPCXpresso_Workspace\wiznet_evb_w5500evb_board\Debug\libwiznet_evb_w5500evb_board.a(w5500_spi.o) (memcpy)
c:/nxp/lpcxpresso_7.0.0_92/lpcxpresso/tools/bin/../lib/gcc/arm-none-eabi/4.8.3/../../../../arm-none-eabi/lib/armv6-m\libcr_c.a(memset.o)
                              D:\WIZnet\__Purple\___LPCXpresso_Workspace\ioLibrary\Debug\libioLibrary.a(dns.o) (memset)
c:/nxp/lpcxpresso_7.0.0_92/lpcxpresso/tools/bin/../lib/gcc/arm-none-eabi/4.8.3/../../../../arm-none-eabi/lib/armv6-m\libcr_c.a(fpprintf.o)
                              ./src/main.o (printf)
c:/nxp/lpcxpresso_7.0.0_92/lpcxpresso/tools/bin/../lib/gcc/arm-none-eabi/4.8.3/../../../../arm-none-eabi/lib/armv6-m\libcr_c.a(initio.o)
                              c:/nxp/lpcxpresso_7.0.0_92/lpcxpresso/tools/bin/../lib/gcc/arm-none-eabi/4.8.3/../../../../arm-none-eabi/lib/armv6-m\libcr_nohost.a(_cr__main.o) (_initio)
c:/nxp/lpcxpresso_7.0.0_92/lpcxpresso/tools/bin/../lib/gcc/arm-none-eabi/4.8.3/../../../../arm-none-eabi/lib/armv6-m\libcr_c.a(printf.o)
[...]
Memory Configuration

Name             Origin             Length             Attributes
MFlash96         0x00000000         0x00018000         xr
RamLoc8          0x10000000         0x00002000         xrw
RamPeriph2       0x20000000         0x00000800         xrw
SRAM1_2          0x20004000         0x00000800         xrw
*default*        0x00000000         0xffffffff

Linker script and memory map

LOAD ./src/aeabi_romdiv_patch.o
LOAD ./src/cr_startup_lpc11exx.o
LOAD ./src/crp.o
LOAD ./src/main.o
LOAD ./src/sysinit.o
LOAD D:\WIZnet\__Purple\___LPCXpresso_Workspace\wiznet_evb_w5500evb_board\Debug\libwiznet_evb_w5500evb_board.a
LOAD D:\WIZnet\__Purple\___LPCXpresso_Workspace\lpc_chip_11exx\Debug\liblpc_chip_11exx.a
LOAD D:\WIZnet\__Purple\___LPCXpresso_Workspace\ioLibrary\Debug\libioLibrary.a
START GROUP
LOAD c:/nxp/lpcxpresso_7.0.0_92/lpcxpresso/tools/bin/../lib/gcc/arm-none-eabi/4.8.3/../../../../arm-none-eabi/lib/armv6-m\libcr_nohost.a
LOAD c:/nxp/lpcxpresso_7.0.0_92/lpcxpresso/tools/bin/../lib/gcc/arm-none-eabi/4.8.3/../../../../arm-none-eabi/lib/armv6-m\libcr_c.a
LOAD c:/nxp/lpcxpresso_7.0.0_92/lpcxpresso/tools/bin/../lib/gcc/arm-none-eabi/4.8.3/armv6-m\libcr_eabihelpers.a
END GROUP
                0x00018000                __top_MFlash96 = 0x18000
                0x10002000                __top_RamLoc8 = 0x10002000
                0x20000800                __top_RamPeriph2 = 0x20000800
                0x20004800                __top_SRAM1_2 = 0x20004800

.text           0x00000000     0x73a8
 FILL mask 0xff
                0x00000000                __vectors_start__ = ABSOLUTE (.)
 *(.isr_vector)
 .isr_vector    0x00000000       0xc0 ./src/cr_startup_lpc11exx.o
                0x00000000                g_pfnVectors
                0x000000c0                . = ALIGN (0x4)
                0x000000c0                __section_table_start = .
                0x000000c0                __data_section_table = .
                0x000000c0        0x4 LONG 0x73a8 LOADADDR (.data)
                0x000000c4        0x4 LONG 0x10000000 ADDR (.data)
                0x000000c8        0x4 LONG 0x54 SIZEOF (.data)
                0x000000cc        0x4 LONG 0x73a8 LOADADDR (.data_RAM2)
                0x000000d0        0x4 LONG 0x20000000 ADDR (.data_RAM2)
                0x000000d4        0x4 LONG 0x0 SIZEOF (.data_RAM2)
                0x000000d8        0x4 LONG 0x73a8 LOADADDR (.data_RAM3)
                0x000000dc        0x4 LONG 0x20004000 ADDR (.data_RAM3)
                0x000000e0        0x4 LONG 0x0 SIZEOF (.data_RAM3)
                0x000000e4                __data_section_table_end = .
                0x000000e4                __bss_section_table = .
                0x000000e4        0x4 LONG 0x10000054 ADDR (.bss)
                0x000000e8        0x4 LONG 0x9a4 SIZEOF (.bss)
                0x000000ec        0x4 LONG 0x20000000 ADDR (.bss_RAM2)
                0x000000f0        0x4 LONG 0x0 SIZEOF (.bss_RAM2)
                0x000000f4        0x4 LONG 0x20004000 ADDR (.bss_RAM3)
                0x000000f8        0x4 LONG 0x0 SIZEOF (.bss_RAM3)
                0x000000fc                __bss_section_table_end = .
                0x000000fc                __section_table_end = .
 *(.after_vectors*)
 .after_vectors
                0x000000fc       0xa0 ./src/cr_startup_lpc11exx.o
                0x000000fc                NMI_Handler
                0x000000fe                HardFault_Handler
                0x00000100                SVC_Handler
                0x00000102                PendSV_Handler
                0x00000106                UART_IRQHandler
                0x00000106                FLEX_INT7_IRQHandler
                0x00000106                FMC_IRQHandler
                0x00000106                TIMER32_1_IRQHandler
                0x00000106                FLEX_INT1_IRQHandler
                0x00000106                IntDefaultHandler
                0x00000106                SSP0_IRQHandler
                0x00000106                FLEX_INT6_IRQHandler
                0x00000106                FLEX_INT0_IRQHandler
                0x00000106                FLEX_INT2_IRQHandler
                0x00000106                TIMER16_1_IRQHandler
                0x00000106                FLEX_INT5_IRQHandler
                0x00000106                ADC_IRQHandler
                0x00000106                SSP1_IRQHandler
                0x00000106                FLEX_INT3_IRQHandler
                0x00000106                BOD_IRQHandler
                0x00000106                I2C_IRQHandler
                0x00000106                WDT_IRQHandler
                0x00000106                TIMER16_0_IRQHandler
                0x00000106                GINT0_IRQHandler
                0x00000106                FLEX_INT4_IRQHandler
                0x00000106                GINT1_IRQHandler
                0x00000108                data_init
                0x0000011a                bss_init
                0x0000012a                ResetISR
                0x000002fc                . = 0x2fc
 *fill*         0x0000019c      0x160 ff
                0x000002fc                PROVIDE (__CRP_WORD_START__, .)
 *(.crp)
 .crp           0x000002fc        0x4 ./src/crp.o
                0x000002fc                CRP_WORD
                0x00000300                PROVIDE (__CRP_WORD_END__, .)
                0x00000001                ASSERT (! ((__CRP_WORD_START__ == __CRP_WORD_END__)), Linker CRP Enabled, but no CRP_WORD provided within application)
 *(.text*)
 .text.__aeabi_idiv
                0x00000300       0x10 ./src/aeabi_romdiv_patch.o
                0x00000300                __aeabi_idivmod
                0x00000300                __aeabi_idiv
 .text.__aeabi_uidiv
                0x00000310       0x10 ./src/aeabi_romdiv_patch.o
                0x00000310                __aeabi_uidivmod
                0x00000310                __aeabi_uidiv
 .text.NVIC_EnableIRQ
                0x00000320       0x2c ./src/main.o
 .text.NVIC_ClearPendingIRQ
                0x0000034c       0x34 ./src/main.o
 .text.NVIC_SetPriority
                0x00000380       0xe0 ./src/main.o
 .text.SysTick_Config
                0x00000460       0x48 ./src/main.o
 .text.Chip_TIMER_MatchPending
                0x000004a8       0x34 ./src/main.o
 .text.Chip_TIMER_ClearMatch
                0x000004dc       0x28 ./src/main.o
 .text.Chip_TIMER_Enable
                0x00000504       0x1c ./src/main.o
 .text.Chip_TIMER_SetMatch
                0x00000520       0x2c ./src/main.o
 .text.Chip_TIMER_MatchEnableInt
                0x0000054c       0x34 ./src/main.o
 .text.Chip_TIMER_ResetOnMatchEnable
                0x00000580       0x38 ./src/main.o
 .text.main     0x000005b8      0x1ec ./src/main.o
                0x000005b8                main
 .text.Net_Conf
                0x000007a4       0x18 ./src/main.o
 .text.Display_Net_Conf
                0x000007bc       0xfc ./src/main.o
 .text.PHYStatus_Check
                0x000008b8       0x4c ./src/main.o
 .text.SysTick_Handler
                0x00000904       0xa0 ./src/main.o
                0x00000904                SysTick_Handler
 .text.TIMER32_0_IRQHandler
                0x000009a4       0x2c ./src/main.o
                0x000009a4                TIMER32_0_IRQHandler
 .text.Timer32_0_Init
                0x000009d0       0x68 ./src/main.o
                0x000009d0                Timer32_0_Init
 .text.SystemInit
                0x00000a38        0xc ./src/sysinit.o
                0x00000a38                SystemInit
 .text.Chip_UART_TXEnable
                0x00000a44       0x14 D:\WIZnet\__Purple\___LPCXpresso_Workspace\wiznet_evb_w5500evb_board\Debug\libwiznet_evb_w5500evb_board.a(board.o)
 .text.Chip_UART_SetupFIFOS
                0x00000a58       0x18 D:\WIZnet\__Purple\___LPCXpresso_Workspace\wiznet_evb_w5500evb_board\Debug\libwiznet_evb_w5500evb_board.a(board.o)
 .text.Chip_UART_ConfigData
                0x00000a70       0x18 D:\WIZnet\__Purple\___LPCXpresso_Workspace\wiznet_evb_w5500evb_board\Debug\libwiznet_evb_w5500evb_board.a(board.o)
 .text.Chip_GPIO_SetPinState
                0x00000a88       0x34 D:\WIZnet\__Purple\___LPCXpresso_Workspace\wiznet_evb_w5500evb_board\Debug\libwiznet_evb_w5500evb_board.a(board.o)
 .text.Chip_GPIO_SetPinDIROutput
                0x00000abc       0x44 D:\WIZnet\__Purple\___LPCXpresso_Workspace\wiznet_evb_w5500evb_board\Debug\libwiznet_evb_w5500evb_board.a(board.o)
 .text.Chip_GPIO_SetPinDIRInput
                0x00000b00       0x48 D:\WIZnet\__Purple\___LPCXpresso_Workspace\wiznet_evb_w5500evb_board\Debug\libwiznet_evb_w5500evb_board.a(board.o)
 .text.Chip_GPIO_SetPinToggle
                0x00000b48       0x34 D:\WIZnet\__Purple\___LPCXpresso_Workspace\wiznet_evb_w5500evb_board\Debug\libwiznet_evb_w5500evb_board.a(board.o)
 .text.__sys_write
                0x00000b7c       0x38 D:\WIZnet\__Purple\___LPCXpresso_Workspace\wiznet_evb_w5500evb_board\Debug\libwiznet_evb_w5500evb_board.a(board.o)
                0x00000b7c                __sys_write
 .text.Board_UARTPutChar
                0x00000bb4       0x24 D:\WIZnet\__Purple\___LPCXpresso_Workspace\wiznet_evb_w5500evb_board\Debug\libwiznet_evb_w5500evb_board.a(board.o)
                0x00000bb4                Board_UARTPutChar
 .text.Board_Debug_Init
                0x00000bd8       0x60 D:\WIZnet\__Purple\___LPCXpresso_Workspace\wiznet_evb_w5500evb_board\Debug\libwiznet_evb_w5500evb_board.a(board.o)
                0x00000bd8                Board_Debug_Init
 .text.Board_LED_Init
                0x00000c38       0x64 D:\WIZnet\__Purple\___LPCXpresso_Workspace\wiznet_evb_w5500evb_board\Debug\libwiznet_evb_w5500evb_board.a(board.o)
 .text.Board_LED_Set
                0x00000c9c       0x58 D:\WIZnet\__Purple\___LPCXpresso_Workspace\wiznet_evb_w5500evb_board\Debug\libwiznet_evb_w5500evb_board.a(board.o)
                0x00000c9c                Board_LED_Set
 .text.Board_LED_Toggle
                0x00000cf4       0x40 D:\WIZnet\__Purple\___LPCXpresso_Workspace\wiznet_evb_w5500evb_board\Debug\libwiznet_evb_w5500evb_board.a(board.o)
                0x00000cf4                Board_LED_Toggle
 .text.Board_Init
                0x00000d34       0x34 D:\WIZnet\__Purple\___LPCXpresso_Workspace\wiznet_evb_w5500evb_board\Debug\libwiznet_evb_w5500evb_board.a(board.o)
                0x00000d34                Board_Init
 .text.Board_Buttons_Init
                0x00000d68       0x24 D:\WIZnet\__Purple\___LPCXpresso_Workspace\wiznet_evb_w5500evb_board\Debug\libwiznet_evb_w5500evb_board.a(board.o)
                0x00000d68                Board_Buttons_Init
 .text.Chip_FMC_SetFLASHAccess
                0x00000d8c       0x2c D:\WIZnet\__Purple\___LPCXpresso_Workspace\wiznet_evb_w5500evb_board\Debug\libwiznet_evb_w5500evb_board.a(board_sysinit.o)
 .text.Chip_Clock_SetupSystemPLL
                0x00000db8       0x34 D:\WIZnet\__Purple\___LPCXpresso_Workspace\wiznet_evb_w5500evb_board\Debug\libwiznet_evb_w5500evb_board.a(board_sysinit.o)
 .text.Chip_Clock_IsSystemPLLLocked
                0x00000dec       0x1c D:\WIZnet\__Purple\___LPCXpresso_Workspace\wiznet_evb_w5500evb_board\Debug\libwiznet_evb_w5500evb_board.a(board_sysinit.o)
 .text.Chip_Clock_SetSysClockDiv
                0x00000e08       0x18 D:\WIZnet\__Purple\___LPCXpresso_Workspace\wiznet_evb_w5500evb_board\Debug\libwiznet_evb_w5500evb_board.a(board_sysinit.o)
 .text.Chip_Clock_EnablePeriphClock
                0x00000e20       0x30 D:\WIZnet\__Purple\___LPCXpresso_Workspace\wiznet_evb_w5500evb_board\Debug\libwiznet_evb_w5500evb_board.a(board_sysinit.o)
 .text.SystemSetupClocking
                0x00000e50       0x64 D:\WIZnet\__Purple\___LPCXpresso_Workspace\wiznet_evb_w5500evb_board\Debug\libwiznet_evb_w5500evb_board.a(board_sysinit.o)
 .text.SystemSetupMuxing
                0x00000eb4       0x50 D:\WIZnet\__Purple\___LPCXpresso_Workspace\wiznet_evb_w5500evb_board\Debug\libwiznet_evb_w5500evb_board.a(board_sysinit.o)
 .text.Board_SystemInit
                0x00000f04       0x18 D:\WIZnet\__Purple\___LPCXpresso_Workspace\wiznet_evb_w5500evb_board\Debug\libwiznet_evb_w5500evb_board.a(board_sysinit.o)
                0x00000f04                Board_SystemInit
 .text.Chip_SSP_Enable
                0x00000f1c       0x1c D:\WIZnet\__Purple\___LPCXpresso_Workspace\wiznet_evb_w5500evb_board\Debug\libwiznet_evb_w5500evb_board.a(w5500_spi.o)
 .text.Chip_SSP_SetFormat
                0x00000f38       0x30 D:\WIZnet\__Purple\___LPCXpresso_Workspace\wiznet_evb_w5500evb_board\Debug\libwiznet_evb_w5500evb_board.a(w5500_spi.o)
 .text.Chip_GPIO_SetPinState
                0x00000f68       0x34 D:\WIZnet\__Purple\___LPCXpresso_Workspace\wiznet_evb_w5500evb_board\Debug\libwiznet_evb_w5500evb_board.a(w5500_spi.o)
 .text.Chip_GPIO_SetPinDIROutput
                0x00000f9c       0x44 D:\WIZnet\__Purple\___LPCXpresso_Workspace\wiznet_evb_w5500evb_board\Debug\libwiznet_evb_w5500evb_board.a(w5500_spi.o)
 .text.Init_SSP_PinMux
                0x00000fe0       0x60 D:\WIZnet\__Purple\___LPCXpresso_Workspace\wiznet_evb_w5500evb_board\Debug\libwiznet_evb_w5500evb_board.a(w5500_spi.o)
                0x00000fe0                Init_SSP_PinMux
 .text.wizchip_select
                0x00001040       0x18 D:\WIZnet\__Purple\___LPCXpresso_Workspace\wiznet_evb_w5500evb_board\Debug\libwiznet_evb_w5500evb_board.a(w5500_spi.o)
                0x00001040                wizchip_select
 .text.wizchip_deselect
                0x00001058       0x18 D:\WIZnet\__Purple\___LPCXpresso_Workspace\wiznet_evb_w5500evb_board\Debug\libwiznet_evb_w5500evb_board.a(w5500_spi.o)
                0x00001058                wizchip_deselect
 .text.wizchip_read
                0x00001070       0x24 D:\WIZnet\__Purple\___LPCXpresso_Workspace\wiznet_evb_w5500evb_board\Debug\libwiznet_evb_w5500evb_board.a(w5500_spi.o)
                0x00001070                wizchip_read
 .text.wizchip_write
                0x00001094       0x24 D:\WIZnet\__Purple\___LPCXpresso_Workspace\wiznet_evb_w5500evb_board\Debug\libwiznet_evb_w5500evb_board.a(w5500_spi.o)
                0x00001094                wizchip_write
 .text.SPI_Init
                0x000010b8       0x48 D:\WIZnet\__Purple\___LPCXpresso_Workspace\wiznet_evb_w5500evb_board\Debug\libwiznet_evb_w5500evb_board.a(w5500_spi.o)
                0x000010b8                SPI_Init
 .text.W5500_Init
                0x00001100       0xb8 D:\WIZnet\__Purple\___LPCXpresso_Workspace\wiznet_evb_w5500evb_board\Debug\libwiznet_evb_w5500evb_board.a(w5500_spi.o)
                0x00001100                W5500_Init
 .text.SystemCoreClockUpdate
                0x000011b8       0x18 D:\WIZnet\__Purple\___LPCXpresso_Workspace\lpc_chip_11exx\Debug\liblpc_chip_11exx.a(chip_11xx.o)
                0x000011b8                SystemCoreClockUpdate
 .text.Chip_Clock_GetMainOscRate
                0x000011d0       0x14 D:\WIZnet\__Purple\___LPCXpresso_Workspace\lpc_chip_11exx\Debug\liblpc_chip_11exx.a(clock_11xx.o)
 .text.Chip_Clock_GetIntOscRate
                0x000011e4       0x10 D:\WIZnet\__Purple\___LPCXpresso_Workspace\lpc_chip_11exx\Debug\liblpc_chip_11exx.a(clock_11xx.o)
 .text.Chip_Clock_GetWDTLFORate
                0x000011f4       0x48 D:\WIZnet\__Purple\___LPCXpresso_Workspace\lpc_chip_11exx\Debug\liblpc_chip_11exx.a(clock_11xx.o)
 .text.Chip_Clock_GetPLLFreq
                0x0000123c       0x24 D:\WIZnet\__Purple\___LPCXpresso_Workspace\lpc_chip_11exx\Debug\liblpc_chip_11exx.a(clock_11xx.o)
 .text.Chip_Clock_SetSystemPLLSource
                0x00001260       0x2c D:\WIZnet\__Purple\___LPCXpresso_Workspace\lpc_chip_11exx\Debug\liblpc_chip_11exx.a(clock_11xx.o)
                0x00001260                Chip_Clock_SetSystemPLLSource
 .text.Chip_Clock_SetMainClockSource
                0x0000128c       0x2c D:\WIZnet\__Purple\___LPCXpresso_Workspace\lpc_chip_11exx\Debug\liblpc_chip_11exx.a(clock_11xx.o)
                0x0000128c                Chip_Clock_SetMainClockSource
 .text.Chip_Clock_GetWDTOSCRate
                0x000012b8       0x1c D:\WIZnet\__Purple\___LPCXpresso_Workspace\lpc_chip_11exx\Debug\liblpc_chip_11exx.a(clock_11xx.o)
                0x000012b8                Chip_Clock_GetWDTOSCRate
 .text.Chip_Clock_GetSystemPLLInClockRate
                0x000012d4       0x40 D:\WIZnet\__Purple\___LPCXpresso_Workspace\lpc_chip_11exx\Debug\liblpc_chip_11exx.a(clock_11xx.o)
                0x000012d4                Chip_Clock_GetSystemPLLInClockRate
 .text.Chip_Clock_GetSystemPLLOutClockRate
                0x00001314       0x24 D:\WIZnet\__Purple\___LPCXpresso_Workspace\lpc_chip_11exx\Debug\liblpc_chip_11exx.a(clock_11xx.o)
                0x00001314                Chip_Clock_GetSystemPLLOutClockRate
 .text.Chip_Clock_GetMainClockRate
                0x00001338       0x64 D:\WIZnet\__Purple\___LPCXpresso_Workspace\lpc_chip_11exx\Debug\liblpc_chip_11exx.a(clock_11xx.o)
                0x00001338                Chip_Clock_GetMainClockRate
 .text.Chip_Clock_GetSystemClockRate
                0x0000139c       0x24 D:\WIZnet\__Purple\___LPCXpresso_Workspace\lpc_chip_11exx\Debug\liblpc_chip_11exx.a(clock_11xx.o)
                0x0000139c                Chip_Clock_GetSystemClockRate
 .text.Chip_Clock_EnablePeriphClock
                0x000013c0       0x30 D:\WIZnet\__Purple\___LPCXpresso_Workspace\lpc_chip_11exx\Debug\liblpc_chip_11exx.a(gpio_11xx_1.o)
 .text.Chip_GPIO_Init
                0x000013f0       0x14 D:\WIZnet\__Purple\___LPCXpresso_Workspace\lpc_chip_11exx\Debug\liblpc_chip_11exx.a(gpio_11xx_1.o)
                0x000013f0                Chip_GPIO_Init
 .text.Chip_IOCON_PinMuxSet
                0x00001404       0x48 D:\WIZnet\__Purple\___LPCXpresso_Workspace\lpc_chip_11exx\Debug\liblpc_chip_11exx.a(iocon_11xx.o)
                0x00001404                Chip_IOCON_PinMuxSet
 .text.Chip_SYSCTL_AssertPeriphReset
                0x0000144c       0x30 D:\WIZnet\__Purple\___LPCXpresso_Workspace\lpc_chip_11exx\Debug\liblpc_chip_11exx.a(ssp_11xx.o)
 .text.Chip_SYSCTL_DeassertPeriphReset
                0x0000147c       0x2c D:\WIZnet\__Purple\___LPCXpresso_Workspace\lpc_chip_11exx\Debug\liblpc_chip_11exx.a(ssp_11xx.o)
 .text.Chip_SYSCTL_PeriphReset
                0x000014a8       0x28 D:\WIZnet\__Purple\___LPCXpresso_Workspace\lpc_chip_11exx\Debug\liblpc_chip_11exx.a(ssp_11xx.o)
 .text.Chip_Clock_EnablePeriphClock
                0x000014d0       0x30 D:\WIZnet\__Purple\___LPCXpresso_Workspace\lpc_chip_11exx\Debug\liblpc_chip_11exx.a(ssp_11xx.o)
 .text.Chip_Clock_SetSSP0ClockDiv
                0x00001500       0x1c D:\WIZnet\__Purple\___LPCXpresso_Workspace\lpc_chip_11exx\Debug\liblpc_chip_11exx.a(ssp_11xx.o)
 .text.Chip_Clock_GetSSP0ClockDiv
                0x0000151c       0x14 D:\WIZnet\__Purple\___LPCXpresso_Workspace\lpc_chip_11exx\Debug\liblpc_chip_11exx.a(ssp_11xx.o)
 .text.Chip_Clock_SetSSP1ClockDiv
                0x00001530       0x1c D:\WIZnet\__Purple\___LPCXpresso_Workspace\lpc_chip_11exx\Debug\liblpc_chip_11exx.a(ssp_11xx.o)
 .text.Chip_Clock_GetSSP1ClockDiv
                0x0000154c       0x14 D:\WIZnet\__Purple\___LPCXpresso_Workspace\lpc_chip_11exx\Debug\liblpc_chip_11exx.a(ssp_11xx.o)
 .text.Chip_SSP_GetStatus
                0x00001560       0x28 D:\WIZnet\__Purple\___LPCXpresso_Workspace\lpc_chip_11exx\Debug\liblpc_chip_11exx.a(ssp_11xx.o)
 .text.Chip_SSP_GetRawIntStatus
                0x00001588       0x28 D:\WIZnet\__Purple\___LPCXpresso_Workspace\lpc_chip_11exx\Debug\liblpc_chip_11exx.a(ssp_11xx.o)
 .text.Chip_SSP_GetDataSize
                0x000015b0       0x1c D:\WIZnet\__Purple\___LPCXpresso_Workspace\lpc_chip_11exx\Debug\liblpc_chip_11exx.a(ssp_11xx.o)
 .text.Chip_SSP_ClearIntPending
                0x000015cc       0x1c D:\WIZnet\__Purple\___LPCXpresso_Workspace\lpc_chip_11exx\Debug\liblpc_chip_11exx.a(ssp_11xx.o)
 .text.Chip_SSP_ReceiveFrame
                0x000015e8       0x18 D:\WIZnet\__Purple\___LPCXpresso_Workspace\lpc_chip_11exx\Debug\liblpc_chip_11exx.a(ssp_11xx.o)
 .text.Chip_SSP_SendFrame
                0x00001600       0x1c D:\WIZnet\__Purple\___LPCXpresso_Workspace\lpc_chip_11exx\Debug\liblpc_chip_11exx.a(ssp_11xx.o)
 .text.Chip_SSP_SetFormat
                0x0000161c       0x30 D:\WIZnet\__Purple\___LPCXpresso_Workspace\lpc_chip_11exx\Debug\liblpc_chip_11exx.a(ssp_11xx.o)
 .text.Chip_SSP_Set_Mode
                0x0000164c       0x24 D:\WIZnet\__Purple\___LPCXpresso_Workspace\lpc_chip_11exx\Debug\liblpc_chip_11exx.a(ssp_11xx.o)
 .text.Chip_SSP_GetClockIndex
                0x00001670       0x34 D:\WIZnet\__Purple\___LPCXpresso_Workspace\lpc_chip_11exx\Debug\liblpc_chip_11exx.a(ssp_11xx.o)
 .text.Chip_SSP_GetResetIndex
                0x000016a4       0x34 D:\WIZnet\__Purple\___LPCXpresso_Workspace\lpc_chip_11exx\Debug\liblpc_chip_11exx.a(ssp_11xx.o)
 .text.Chip_SSP_SetSSPClkDivider
                0x000016d8       0x30 D:\WIZnet\__Purple\___LPCXpresso_Workspace\lpc_chip_11exx\Debug\liblpc_chip_11exx.a(ssp_11xx.o)
 .text.Chip_SSP_GetPCLKkRate
                0x00001708       0x4c D:\WIZnet\__Purple\___LPCXpresso_Workspace\lpc_chip_11exx\Debug\liblpc_chip_11exx.a(ssp_11xx.o)
 .text.Chip_SSP_SetClockRate
                0x00001754       0x38 D:\WIZnet\__Purple\___LPCXpresso_Workspace\lpc_chip_11exx\Debug\liblpc_chip_11exx.a(ssp_11xx.o)
                0x00001754                Chip_SSP_SetClockRate
 .text.Chip_SSP_WriteFrames_Blocking
                0x0000178c      0x154 D:\WIZnet\__Purple\___LPCXpresso_Workspace\lpc_chip_11exx\Debug\liblpc_chip_11exx.a(ssp_11xx.o)
                0x0000178c                Chip_SSP_WriteFrames_Blocking
 .text.Chip_SSP_ReadFrames_Blocking
                0x000018e0      0x168 D:\WIZnet\__Purple\___LPCXpresso_Workspace\lpc_chip_11exx\Debug\liblpc_chip_11exx.a(ssp_11xx.o)
                0x000018e0                Chip_SSP_ReadFrames_Blocking
 .text.Chip_SSP_SetMaster
                0x00001a48       0x34 D:\WIZnet\__Purple\___LPCXpresso_Workspace\lpc_chip_11exx\Debug\liblpc_chip_11exx.a(ssp_11xx.o)
                0x00001a48                Chip_SSP_SetMaster
 .text.Chip_SSP_SetBitRate
                0x00001a7c       0x78 D:\WIZnet\__Purple\___LPCXpresso_Workspace\lpc_chip_11exx\Debug\liblpc_chip_11exx.a(ssp_11xx.o)
                0x00001a7c                Chip_SSP_SetBitRate
 .text.Chip_SSP_Init
                0x00001af4       0x60 D:\WIZnet\__Purple\___LPCXpresso_Workspace\lpc_chip_11exx\Debug\liblpc_chip_11exx.a(ssp_11xx.o)
                0x00001af4                Chip_SSP_Init
 .text.Chip_SYSCTL_PowerDown
                0x00001b54       0x3c D:\WIZnet\__Purple\___LPCXpresso_Workspace\lpc_chip_11exx\Debug\liblpc_chip_11exx.a(sysctl_11xx.o)
                0x00001b54                Chip_SYSCTL_PowerDown
 .text.Chip_SYSCTL_PowerUp
                0x00001b90       0x40 D:\WIZnet\__Purple\___LPCXpresso_Workspace\lpc_chip_11exx\Debug\liblpc_chip_11exx.a(sysctl_11xx.o)
                0x00001b90                Chip_SYSCTL_PowerUp
 .text.Chip_Clock_EnablePeriphClock
                0x00001bd0       0x30 D:\WIZnet\__Purple\___LPCXpresso_Workspace\lpc_chip_11exx\Debug\liblpc_chip_11exx.a(timer_11xx.o)
 .text.Chip_TIMER_GetClock
                0x00001c00       0x60 D:\WIZnet\__Purple\___LPCXpresso_Workspace\lpc_chip_11exx\Debug\liblpc_chip_11exx.a(timer_11xx.o)
 .text.Chip_TIMER_Init
                0x00001c60       0x20 D:\WIZnet\__Purple\___LPCXpresso_Workspace\lpc_chip_11exx\Debug\liblpc_chip_11exx.a(timer_11xx.o)
                0x00001c60                Chip_TIMER_Init
 .text.Chip_TIMER_Reset
                0x00001c80       0x38 D:\WIZnet\__Purple\___LPCXpresso_Workspace\lpc_chip_11exx\Debug\liblpc_chip_11exx.a(timer_11xx.o)
                0x00001c80                Chip_TIMER_Reset
 .text.Chip_Clock_EnablePeriphClock
                0x00001cb8       0x30 D:\WIZnet\__Purple\___LPCXpresso_Workspace\lpc_chip_11exx\Debug\liblpc_chip_11exx.a(uart_11xx.o)
 .text.Chip_Clock_SetUARTClockDiv
                0x00001ce8       0x1c D:\WIZnet\__Purple\___LPCXpresso_Workspace\lpc_chip_11exx\Debug\liblpc_chip_11exx.a(uart_11xx.o)
 .text.Chip_UART_SendByte
                0x00001d04       0x1c D:\WIZnet\__Purple\___LPCXpresso_Workspace\lpc_chip_11exx\Debug\liblpc_chip_11exx.a(uart_11xx.o)
 .text.Chip_UART_SetupFIFOS
                0x00001d20       0x18 D:\WIZnet\__Purple\___LPCXpresso_Workspace\lpc_chip_11exx\Debug\liblpc_chip_11exx.a(uart_11xx.o)
 .text.Chip_UART_ConfigData
                0x00001d38       0x18 D:\WIZnet\__Purple\___LPCXpresso_Workspace\lpc_chip_11exx\Debug\liblpc_chip_11exx.a(uart_11xx.o)
 .text.Chip_UART_EnableDivisorAccess
                0x00001d50       0x1c D:\WIZnet\__Purple\___LPCXpresso_Workspace\lpc_chip_11exx\Debug\liblpc_chip_11exx.a(uart_11xx.o)
 .text.Chip_UART_DisableDivisorAccess
                0x00001d6c       0x20 D:\WIZnet\__Purple\___LPCXpresso_Workspace\lpc_chip_11exx\Debug\liblpc_chip_11exx.a(uart_11xx.o)
 .text.Chip_UART_SetDivisorLatches
                0x00001d8c       0x28 D:\WIZnet\__Purple\___LPCXpresso_Workspace\lpc_chip_11exx\Debug\liblpc_chip_11exx.a(uart_11xx.o)
 .text.Chip_UART_ReadLineStatus
                0x00001db4       0x14 D:\WIZnet\__Purple\___LPCXpresso_Workspace\lpc_chip_11exx\Debug\liblpc_chip_11exx.a(uart_11xx.o)
 .text.Chip_UART_Init
                0x00001dc8       0x34 D:\WIZnet\__Purple\___LPCXpresso_Workspace\lpc_chip_11exx\Debug\liblpc_chip_11exx.a(uart_11xx.o)
                0x00001dc8                Chip_UART_Init
 .text.Chip_UART_Send
                0x00001dfc       0x54 D:\WIZnet\__Purple\___LPCXpresso_Workspace\lpc_chip_11exx\Debug\liblpc_chip_11exx.a(uart_11xx.o)
                0x00001dfc                Chip_UART_Send
 .text.Chip_UART_SendBlocking
                0x00001e50       0x54 D:\WIZnet\__Purple\___LPCXpresso_Workspace\lpc_chip_11exx\Debug\liblpc_chip_11exx.a(uart_11xx.o)
                0x00001e50                Chip_UART_SendBlocking
 .text.Chip_UART_SetBaud
                0x00001ea4       0x68 D:\WIZnet\__Purple\___LPCXpresso_Workspace\lpc_chip_11exx\Debug\liblpc_chip_11exx.a(uart_11xx.o)
                0x00001ea4                Chip_UART_SetBaud
 .text.get16    0x00001f0c       0x3c D:\WIZnet\__Purple\___LPCXpresso_Workspace\ioLibrary\Debug\libioLibrary.a(dns.o)
                0x00001f0c                get16
 .text.put16    0x00001f48       0x38 D:\WIZnet\__Purple\___LPCXpresso_Workspace\ioLibrary\Debug\libioLibrary.a(dns.o)
                0x00001f48                put16
 .text.parse_name
                0x00001f80      0x138 D:\WIZnet\__Purple\___LPCXpresso_Workspace\ioLibrary\Debug\libioLibrary.a(dns.o)
                0x00001f80                parse_name
 .text.dns_question
                0x000020b8       0x4c D:\WIZnet\__Purple\___LPCXpresso_Workspace\ioLibrary\Debug\libioLibrary.a(dns.o)
                0x000020b8                dns_question
 .text.dns_answer
                0x00002104      0x1b0 D:\WIZnet\__Purple\___LPCXpresso_Workspace\ioLibrary\Debug\libioLibrary.a(dns.o)
                0x00002104                dns_answer
 .text.parseDNSMSG
                0x000022b4      0x1fc D:\WIZnet\__Purple\___LPCXpresso_Workspace\ioLibrary\Debug\libioLibrary.a(dns.o)
                0x000022b4                parseDNSMSG
 .text.dns_makequery
                0x000024b0      0x19c D:\WIZnet\__Purple\___LPCXpresso_Workspace\ioLibrary\Debug\libioLibrary.a(dns.o)
                0x000024b0                dns_makequery
 .text.check_DNS_timeout
                0x0000264c       0x48 D:\WIZnet\__Purple\___LPCXpresso_Workspace\ioLibrary\Debug\libioLibrary.a(dns.o)
                0x0000264c                check_DNS_timeout
 .text.DNS_init
                0x00002694       0x38 D:\WIZnet\__Purple\___LPCXpresso_Workspace\ioLibrary\Debug\libioLibrary.a(dns.o)
                0x00002694                DNS_init
 .text.DNS_run  0x000026cc      0x12c D:\WIZnet\__Purple\___LPCXpresso_Workspace\ioLibrary\Debug\libioLibrary.a(dns.o)
                0x000026cc                DNS_run
 .text.DNS_time_handler
                0x000027f8       0x18 D:\WIZnet\__Purple\___LPCXpresso_Workspace\ioLibrary\Debug\libioLibrary.a(dns.o)
                0x000027f8                DNS_time_handler
 .text.WIZCHIP_READ
                0x00002810       0x84 D:\WIZnet\__Purple\___LPCXpresso_Workspace\ioLibrary\Debug\libioLibrary.a(w5500.o)
                0x00002810                WIZCHIP_READ
 .text.WIZCHIP_WRITE
                0x00002894       0x84 D:\WIZnet\__Purple\___LPCXpresso_Workspace\ioLibrary\Debug\libioLibrary.a(w5500.o)
                0x00002894                WIZCHIP_WRITE
 .text.WIZCHIP_READ_BUF
                0x00002918       0x84 D:\WIZnet\__Purple\___LPCXpresso_Workspace\ioLibrary\Debug\libioLibrary.a(w5500.o)
                0x00002918                WIZCHIP_READ_BUF
 .text.WIZCHIP_WRITE_BUF
                0x0000299c       0x8c D:\WIZnet\__Purple\___LPCXpresso_Workspace\ioLibrary\Debug\libioLibrary.a(w5500.o)
                0x0000299c                WIZCHIP_WRITE_BUF
 .text.getSn_TX_FSR
                0x00002a28       0xdc D:\WIZnet\__Purple\___LPCXpresso_Workspace\ioLibrary\Debug\libioLibrary.a(w5500.o)
                0x00002a28                getSn_TX_FSR
 .text.getSn_RX_RSR
                0x00002b04       0xdc D:\WIZnet\__Purple\___LPCXpresso_Workspace\ioLibrary\Debug\libioLibrary.a(w5500.o)
                0x00002b04                getSn_RX_RSR
 .text.wiz_send_data
                0x00002be0       0xf0 D:\WIZnet\__Purple\___LPCXpresso_Workspace\ioLibrary\Debug\libioLibrary.a(w5500.o)
                0x00002be0                wiz_send_data
 .text.wiz_recv_data
                0x00002cd0       0xf0 D:\WIZnet\__Purple\___LPCXpresso_Workspace\ioLibrary\Debug\libioLibrary.a(w5500.o)
                0x00002cd0                wiz_recv_data
 .text.wiz_recv_ignore
                0x00002dc0       0xb8 D:\WIZnet\__Purple\___LPCXpresso_Workspace\ioLibrary\Debug\libioLibrary.a(w5500.o)
                0x00002dc0                wiz_recv_ignore
 .text.socket   0x00002e78      0x21c D:\WIZnet\__Purple\___LPCXpresso_Workspace\ioLibrary\Debug\libioLibrary.a(socket.o)
                0x00002e78                socket
 .text.close    0x00003094       0xd0 D:\WIZnet\__Purple\___LPCXpresso_Workspace\ioLibrary\Debug\libioLibrary.a(socket.o)
                0x00003094                close
 .text.sendto   0x00003164      0x304 D:\WIZnet\__Purple\___LPCXpresso_Workspace\ioLibrary\Debug\libioLibrary.a(socket.o)
                0x00003164                sendto
 .text.recvfrom
                0x00003468      0x434 D:\WIZnet\__Purple\___LPCXpresso_Workspace\ioLibrary\Debug\libioLibrary.a(socket.o)
                0x00003468                recvfrom
 .text.wizchip_cris_enter
                0x0000389c        0x8 D:\WIZnet\__Purple\___LPCXpresso_Workspace\ioLibrary\Debug\libioLibrary.a(wizchip_conf.o)
                0x0000389c                wizchip_cris_enter
 .text.wizchip_cris_exit
                0x000038a4        0x8 D:\WIZnet\__Purple\___LPCXpresso_Workspace\ioLibrary\Debug\libioLibrary.a(wizchip_conf.o)
                0x000038a4                wizchip_cris_exit
 .text.wizchip_cs_select
                0x000038ac        0x8 D:\WIZnet\__Purple\___LPCXpresso_Workspace\ioLibrary\Debug\libioLibrary.a(wizchip_conf.o)
                0x000038ac                wizchip_cs_select
 .text.wizchip_cs_deselect
                0x000038b4        0x8 D:\WIZnet\__Purple\___LPCXpresso_Workspace\ioLibrary\Debug\libioLibrary.a(wizchip_conf.o)
                0x000038b4                wizchip_cs_deselect
 .text.wizchip_bus_readbyte
                0x000038bc       0x18 D:\WIZnet\__Purple\___LPCXpresso_Workspace\ioLibrary\Debug\libioLibrary.a(wizchip_conf.o)
                0x000038bc                wizchip_bus_readbyte
 .text.wizchip_bus_writebyte
                0x000038d4       0x1c D:\WIZnet\__Purple\___LPCXpresso_Workspace\ioLibrary\Debug\libioLibrary.a(wizchip_conf.o)
                0x000038d4                wizchip_bus_writebyte
 .text.wizchip_spi_readbyte
                0x000038f0        0xc D:\WIZnet\__Purple\___LPCXpresso_Workspace\ioLibrary\Debug\libioLibrary.a(wizchip_conf.o)
                0x000038f0                wizchip_spi_readbyte
 .text.wizchip_spi_writebyte
                0x000038fc       0x14 D:\WIZnet\__Purple\___LPCXpresso_Workspace\ioLibrary\Debug\libioLibrary.a(wizchip_conf.o)
                0x000038fc                wizchip_spi_writebyte
 .text.reg_wizchip_cs_cbfunc
                0x00003910       0x44 D:\WIZnet\__Purple\___LPCXpresso_Workspace\ioLibrary\Debug\libioLibrary.a(wizchip_conf.o)
                0x00003910                reg_wizchip_cs_cbfunc
 .text.reg_wizchip_spi_cbfunc
                0x00003954       0x54 D:\WIZnet\__Purple\___LPCXpresso_Workspace\ioLibrary\Debug\libioLibrary.a(wizchip_conf.o)
                0x00003954                reg_wizchip_spi_cbfunc
 .text.ctlwizchip
                0x000039a8      0x1c8 D:\WIZnet\__Purple\___LPCXpresso_Workspace\ioLibrary\Debug\libioLibrary.a(wizchip_conf.o)
                0x000039a8                ctlwizchip
 .text.ctlnetwork
                0x00003b70       0x78 D:\WIZnet\__Purple\___LPCXpresso_Workspace\ioLibrary\Debug\libioLibrary.a(wizchip_conf.o)
                0x00003b70                ctlnetwork
 .text.wizchip_sw_reset
                0x00003be8       0xa8 D:\WIZnet\__Purple\___LPCXpresso_Workspace\ioLibrary\Debug\libioLibrary.a(wizchip_conf.o)
                0x00003be8                wizchip_sw_reset
 .text.wizchip_init
                0x00003c90      0x184 D:\WIZnet\__Purple\___LPCXpresso_Workspace\ioLibrary\Debug\libioLibrary.a(wizchip_conf.o)
                0x00003c90                wizchip_init
 .text.wizchip_clrinterrupt
                0x00003e14       0x54 D:\WIZnet\__Purple\___LPCXpresso_Workspace\ioLibrary\Debug\libioLibrary.a(wizchip_conf.o)
                0x00003e14                wizchip_clrinterrupt
 .text.wizchip_getinterrupt
                0x00003e68       0x68 D:\WIZnet\__Purple\___LPCXpresso_Workspace\ioLibrary\Debug\libioLibrary.a(wizchip_conf.o)
                0x00003e68                wizchip_getinterrupt
 .text.wizchip_setinterruptmask
                0x00003ed0       0x50 D:\WIZnet\__Purple\___LPCXpresso_Workspace\ioLibrary\Debug\libioLibrary.a(wizchip_conf.o)
                0x00003ed0                wizchip_setinterruptmask
 .text.wizchip_getinterruptmask
                0x00003f20       0x60 D:\WIZnet\__Purple\___LPCXpresso_Workspace\ioLibrary\Debug\libioLibrary.a(wizchip_conf.o)
                0x00003f20                wizchip_getinterruptmask
 .text.wizphy_getphylink
                0x00003f80       0x38 D:\WIZnet\__Purple\___LPCXpresso_Workspace\ioLibrary\Debug\libioLibrary.a(wizchip_conf.o)
                0x00003f80                wizphy_getphylink
 .text.wizphy_getphypmode
                0x00003fb8       0x3c D:\WIZnet\__Purple\___LPCXpresso_Workspace\ioLibrary\Debug\libioLibrary.a(wizchip_conf.o)
                0x00003fb8                wizphy_getphypmode
 .text.wizphy_reset
                0x00003ff4       0x68 D:\WIZnet\__Purple\___LPCXpresso_Workspace\ioLibrary\Debug\libioLibrary.a(wizchip_conf.o)
                0x00003ff4                wizphy_reset
 .text.wizphy_setphyconf
                0x0000405c       0xcc D:\WIZnet\__Purple\___LPCXpresso_Workspace\ioLibrary\Debug\libioLibrary.a(wizchip_conf.o)
                0x0000405c                wizphy_setphyconf
 .text.wizphy_getphyconf
                0x00004128       0xac D:\WIZnet\__Purple\___LPCXpresso_Workspace\ioLibrary\Debug\libioLibrary.a(wizchip_conf.o)
                0x00004128                wizphy_getphyconf
 .text.wizphy_setphypmode
                0x000041d4       0xcc D:\WIZnet\__Purple\___LPCXpresso_Workspace\ioLibrary\Debug\libioLibrary.a(wizchip_conf.o)
                0x000041d4                wizphy_setphypmode
 .text.wizchip_setnetinfo
                0x000042a0       0x84 D:\WIZnet\__Purple\___LPCXpresso_Workspace\ioLibrary\Debug\libioLibrary.a(wizchip_conf.o)
                0x000042a0                wizchip_setnetinfo
 .text.wizchip_getnetinfo
                0x00004324       0x84 D:\WIZnet\__Purple\___LPCXpresso_Workspace\ioLibrary\Debug\libioLibrary.a(wizchip_conf.o)
                0x00004324                wizchip_getnetinfo
 .text.wizchip_setnetmode
                0x000043a8       0x5c D:\WIZnet\__Purple\___LPCXpresso_Workspace\ioLibrary\Debug\libioLibrary.a(wizchip_conf.o)
                0x000043a8                wizchip_setnetmode
 .text.wizchip_getnetmode
                0x00004404       0x14 D:\WIZnet\__Purple\___LPCXpresso_Workspace\ioLibrary\Debug\libioLibrary.a(wizchip_conf.o)
                0x00004404                wizchip_getnetmode
 .text.wizchip_settimeout
                0x00004418       0x48 D:\WIZnet\__Purple\___LPCXpresso_Workspace\ioLibrary\Debug\libioLibrary.a(wizchip_conf.o)
                0x00004418                wizchip_settimeout
 .text.wizchip_gettimeout
                0x00004460       0x44 D:\WIZnet\__Purple\___LPCXpresso_Workspace\ioLibrary\Debug\libioLibrary.a(wizchip_conf.o)
                0x00004460                wizchip_gettimeout
 .text.__main   0x000044a4       0x12 c:/nxp/lpcxpresso_7.0.0_92/lpcxpresso/tools/bin/../lib/gcc/arm-none-eabi/4.8.3/../../../../arm-none-eabi/lib/armv6-m\libcr_nohost.a(_cr__main.o)
                0x000044a4                __main
 .text.memcpy   0x000044b6        0x8 c:/nxp/lpcxpresso_7.0.0_92/lpcxpresso/tools/bin/../lib/gcc/arm-none-eabi/4.8.3/../../../../arm-none-eabi/lib/armv6-m\libcr_c.a(memcpy.o)
                0x000044b6                memcpy
 .text.memset   0x000044be        0x8 c:/nxp/lpcxpresso_7.0.0_92/lpcxpresso/tools/bin/../lib/gcc/arm-none-eabi/4.8.3/../../../../arm-none-eabi/lib/armv6-m\libcr_c.a(memset.o)
                0x000044be                memset
 .text.fp_round
                0x000044c6       0x48 c:/nxp/lpcxpresso_7.0.0_92/lpcxpresso/tools/bin/../lib/gcc/arm-none-eabi/4.8.3/../../../../arm-none-eabi/lib/armv6-m\libcr_c.a(fpprintf.o)
 .text.pr_dec.constprop.1
                0x0000450e       0x28 c:/nxp/lpcxpresso_7.0.0_92/lpcxpresso/tools/bin/../lib/gcc/arm-none-eabi/4.8.3/../../../../arm-none-eabi/lib/armv6-m\libcr_c.a(fpprintf.o)
 *fill*         0x00004536        0x2 
 .text.sprintf  0x00004538       0x70 c:/nxp/lpcxpresso_7.0.0_92/lpcxpresso/tools/bin/../lib/gcc/arm-none-eabi/4.8.3/../../../../arm-none-eabi/lib/armv6-m\libcr_c.a(fpprintf.o)
                0x00004538                sprintf
 .text.fp_display
                0x000045a8      0x980 c:/nxp/lpcxpresso_7.0.0_92/lpcxpresso/tools/bin/../lib/gcc/arm-none-eabi/4.8.3/../../../../arm-none-eabi/lib/armv6-m\libcr_c.a(fpprintf.o)
 .text.vsnprintf
                0x00004f28       0x5c c:/nxp/lpcxpresso_7.0.0_92/lpcxpresso/tools/bin/../lib/gcc/arm-none-eabi/4.8.3/../../../../arm-none-eabi/lib/armv6-m\libcr_c.a(fpprintf.o)
                0x00004f28                vsnprintf
 .text.printf   0x00004f84       0x50 c:/nxp/lpcxpresso_7.0.0_92/lpcxpresso/tools/bin/../lib/gcc/arm-none-eabi/4.8.3/../../../../arm-none-eabi/lib/armv6-m\libcr_c.a(fpprintf.o)
                0x00004f84                printf
 .text._initio  0x00004fd4       0xa4 c:/nxp/lpcxpresso_7.0.0_92/lpcxpresso/tools/bin/../lib/gcc/arm-none-eabi/4.8.3/../../../../arm-none-eabi/lib/armv6-m\libcr_c.a(initio.o)
                0x00004fd4                _initio
 .text.__vfprintf
                0x00005078      0xd4c c:/nxp/lpcxpresso_7.0.0_92/lpcxpresso/tools/bin/../lib/gcc/arm-none-eabi/4.8.3/../../../../arm-none-eabi/lib/armv6-m\libcr_c.a(printf.o)
                0x00005078                __vfprintf
 .text.setvbuf  0x00005dc4       0x48 c:/nxp/lpcxpresso_7.0.0_92/lpcxpresso/tools/bin/../lib/gcc/arm-none-eabi/4.8.3/../../../../arm-none-eabi/lib/armv6-m\libcr_c.a(setvbuf.o)
                0x00005dc4                setvbuf
 .text.strchr   0x00005e0c       0x14 c:/nxp/lpcxpresso_7.0.0_92/lpcxpresso/tools/bin/../lib/gcc/arm-none-eabi/4.8.3/../../../../arm-none-eabi/lib/armv6-m\libcr_c.a(strchr.o)
                0x00005e0c                strchr
 .text.strcpy   0x00005e20       0x44 c:/nxp/lpcxpresso_7.0.0_92/lpcxpresso/tools/bin/../lib/gcc/arm-none-eabi/4.8.3/../../../../arm-none-eabi/lib/armv6-m\libcr_c.a(strcpy.o)
                0x00005e20                strcpy
 .text.strlen   0x00005e64       0x54 c:/nxp/lpcxpresso_7.0.0_92/lpcxpresso/tools/bin/../lib/gcc/arm-none-eabi/4.8.3/../../../../arm-none-eabi/lib/armv6-m\libcr_c.a(strlen.o)
                0x00005e64                strlen
 .text.strncpy  0x00005eb8       0x58 c:/nxp/lpcxpresso_7.0.0_92/lpcxpresso/tools/bin/../lib/gcc/arm-none-eabi/4.8.3/../../../../arm-none-eabi/lib/armv6-m\libcr_c.a(strncpy.o)
                0x00005eb8                strncpy
 .text._deferredlazyseek
                0x00005f10       0x44 c:/nxp/lpcxpresso_7.0.0_92/lpcxpresso/tools/bin/../lib/gcc/arm-none-eabi/4.8.3/../../../../arm-none-eabi/lib/armv6-m\libcr_c.a(_deferredlazyseek.o)
                0x00005f10                _deferredlazyseek
 .text.__flsbuf
                0x00005f54      0x154 c:/nxp/lpcxpresso_7.0.0_92/lpcxpresso/tools/bin/../lib/gcc/arm-none-eabi/4.8.3/../../../../arm-none-eabi/lib/armv6-m\libcr_c.a(_deferredlazyseek.o)
                0x00005f54                __flsbuf
 .text._fdopen  0x000060a8       0x68 c:/nxp/lpcxpresso_7.0.0_92/lpcxpresso/tools/bin/../lib/gcc/arm-none-eabi/4.8.3/../../../../arm-none-eabi/lib/armv6-m\libcr_c.a(_fdopen.o)
                0x000060a8                _fdopen
 .text._fflush  0x00006110       0x64 c:/nxp/lpcxpresso_7.0.0_92/lpcxpresso/tools/bin/../lib/gcc/arm-none-eabi/4.8.3/../../../../arm-none-eabi/lib/armv6-m\libcr_c.a(_fflush.o)
                0x00006110                _fflush
 *fill*         0x00006174        0x4 
 .text._frexpl  0x00006178       0x80 c:/nxp/lpcxpresso_7.0.0_92/lpcxpresso/tools/bin/../lib/gcc/arm-none-eabi/4.8.3/../../../../arm-none-eabi/lib/armv6-m\libcr_c.a(_frexpl.o)
                0x00006178                _frexpl
 .text._ldexpl  0x000061f8       0x60 c:/nxp/lpcxpresso_7.0.0_92/lpcxpresso/tools/bin/../lib/gcc/arm-none-eabi/4.8.3/../../../../arm-none-eabi/lib/armv6-m\libcr_c.a(_ldexpl.o)
                0x000061f8                _ldexpl
 .text._Cwritebuf
                0x00006258       0x6c c:/nxp/lpcxpresso_7.0.0_92/lpcxpresso/tools/bin/../lib/gcc/arm-none-eabi/4.8.3/../../../../arm-none-eabi/lib/armv6-m\libcr_c.a(_writebuf.o)
                0x00006258                _Cwritebuf
 .text.malloc   0x000062c4       0xc0 c:/nxp/lpcxpresso_7.0.0_92/lpcxpresso/tools/bin/../lib/gcc/arm-none-eabi/4.8.3/../../../../arm-none-eabi/lib/armv6-m\libcr_c.a(alloc.o)
                0x000062c4                malloc
 .text.free     0x00006384        0xe c:/nxp/lpcxpresso_7.0.0_92/lpcxpresso/tools/bin/../lib/gcc/arm-none-eabi/4.8.3/../../../../arm-none-eabi/lib/armv6-m\libcr_c.a(alloc.o)
                0x00006384                free
 *fill*         0x00006392        0x2 
 .text._Csys_alloc
                0x00006394       0x20 c:/nxp/lpcxpresso_7.0.0_92/lpcxpresso/tools/bin/../lib/gcc/arm-none-eabi/4.8.3/../../../../arm-none-eabi/lib/armv6-m\libcr_c.a(alloc.o)
                0x00006394                _Csys_alloc
 .text.fclose   0x000063b4       0x70 c:/nxp/lpcxpresso_7.0.0_92/lpcxpresso/tools/bin/../lib/gcc/arm-none-eabi/4.8.3/../../../../arm-none-eabi/lib/armv6-m\libcr_c.a(fclose.o)
                0x000063b4                fclose
 .text.fflush   0x00006424       0x34 c:/nxp/lpcxpresso_7.0.0_92/lpcxpresso/tools/bin/../lib/gcc/arm-none-eabi/4.8.3/../../../../arm-none-eabi/lib/armv6-m\libcr_c.a(fflush.o)
                0x00006424                fflush
 .text.fseek    0x00006458       0xf8 c:/nxp/lpcxpresso_7.0.0_92/lpcxpresso/tools/bin/../lib/gcc/arm-none-eabi/4.8.3/../../../../arm-none-eabi/lib/armv6-m\libcr_c.a(fseek.o)
                0x00006458                fseek
 .text.ftell    0x00006550       0x4c c:/nxp/lpcxpresso_7.0.0_92/lpcxpresso/tools/bin/../lib/gcc/arm-none-eabi/4.8.3/../../../../arm-none-eabi/lib/armv6-m\libcr_c.a(ftell.o)
                0x00006550                ftell
 .text.remove   0x0000659c       0x12 c:/nxp/lpcxpresso_7.0.0_92/lpcxpresso/tools/bin/../lib/gcc/arm-none-eabi/4.8.3/../../../../arm-none-eabi/lib/armv6-m\libcr_c.a(remove.o)
                0x0000659c                remove
 *fill*         0x000065ae        0x2 
 .text._sbrk    0x000065b0       0x40 c:/nxp/lpcxpresso_7.0.0_92/lpcxpresso/tools/bin/../lib/gcc/arm-none-eabi/4.8.3/../../../../arm-none-eabi/lib/armv6-m\libcr_c.a(_cr_sbrk.o)
                0x000065b0                _sbrk
 .text._do_fflush
                0x000065f0       0x48 c:/nxp/lpcxpresso_7.0.0_92/lpcxpresso/tools/bin/../lib/gcc/arm-none-eabi/4.8.3/../../../../arm-none-eabi/lib/armv6-m\libcr_c.a(_do_fflush.o)
                0x000065f0                _do_fflush
 .text.__check_heap_overflow
                0x00006638       0x2c c:/nxp/lpcxpresso_7.0.0_92/lpcxpresso/tools/bin/../lib/gcc/arm-none-eabi/4.8.3/../../../../arm-none-eabi/lib/armv6-m\libcr_c.a(_cr_check_heap.o)
                0x00006638                __check_heap_overflow
 *fill*         0x00006664        0x4 
 .text.__aeabi_dmul
                0x00006668      0x188 c:/nxp/lpcxpresso_7.0.0_92/lpcxpresso/tools/bin/../lib/gcc/arm-none-eabi/4.8.3/armv6-m\libcr_eabihelpers.a(double.o)
                0x00006668                __aeabi_dmul
 .text.__aeabi_ddiv
                0x000067f0      0x160 c:/nxp/lpcxpresso_7.0.0_92/lpcxpresso/tools/bin/../lib/gcc/arm-none-eabi/4.8.3/armv6-m\libcr_eabihelpers.a(double.o)
                0x000067f0                __aeabi_ddiv
 .text.__aeabi_dsub
                0x00006950      0x1e8 c:/nxp/lpcxpresso_7.0.0_92/lpcxpresso/tools/bin/../lib/gcc/arm-none-eabi/4.8.3/armv6-m\libcr_eabihelpers.a(double.o)
                0x00006950                __aeabi_dsub
 .text.__aeabi_dadd
                0x00006b38      0x148 c:/nxp/lpcxpresso_7.0.0_92/lpcxpresso/tools/bin/../lib/gcc/arm-none-eabi/4.8.3/armv6-m\libcr_eabihelpers.a(double.o)
                0x00006b38                __aeabi_dadd
 .text.__aeabi_d2iz
                0x00006c80       0x48 c:/nxp/lpcxpresso_7.0.0_92/lpcxpresso/tools/bin/../lib/gcc/arm-none-eabi/4.8.3/armv6-m\libcr_eabihelpers.a(double.o)
                0x00006c80                __aeabi_d2iz
 .text.__bhs_ui2d
                0x00006cc8       0x5e c:/nxp/lpcxpresso_7.0.0_92/lpcxpresso/tools/bin/../lib/gcc/arm-none-eabi/4.8.3/armv6-m\libcr_eabihelpers.a(double.o)
                0x00006cc8                __bhs_ui2d
 .text.__aeabi_i2d
                0x00006d26       0x16 c:/nxp/lpcxpresso_7.0.0_92/lpcxpresso/tools/bin/../lib/gcc/arm-none-eabi/4.8.3/armv6-m\libcr_eabihelpers.a(double.o)
                0x00006d26                __aeabi_i2d
 .text.__aeabi_dcmpeq
                0x00006d3c       0x38 c:/nxp/lpcxpresso_7.0.0_92/lpcxpresso/tools/bin/../lib/gcc/arm-none-eabi/4.8.3/armv6-m\libcr_eabihelpers.a(double.o)
                0x00006d3c                __aeabi_dcmpeq
 .text.__aeabi_dcmplt
                0x00006d74       0x78 c:/nxp/lpcxpresso_7.0.0_92/lpcxpresso/tools/bin/../lib/gcc/arm-none-eabi/4.8.3/armv6-m\libcr_eabihelpers.a(double.o)
                0x00006d74                __aeabi_dcmplt
 .text.__aeabi_dcmple
                0x00006dec       0x74 c:/nxp/lpcxpresso_7.0.0_92/lpcxpresso/tools/bin/../lib/gcc/arm-none-eabi/4.8.3/armv6-m\libcr_eabihelpers.a(double.o)
                0x00006dec                __aeabi_dcmple
 .text.__aeabi_dcmpge
                0x00006e60       0x6c c:/nxp/lpcxpresso_7.0.0_92/lpcxpresso/tools/bin/../lib/gcc/arm-none-eabi/4.8.3/armv6-m\libcr_eabihelpers.a(double.o)
                0x00006e60                __aeabi_dcmpge
 .text.__aeabi_llong_lmul
                0x00006ecc       0x2e c:/nxp/lpcxpresso_7.0.0_92/lpcxpresso/tools/bin/../lib/gcc/arm-none-eabi/4.8.3/armv6-m\libcr_eabihelpers.a(llong.o)
                0x00006ecc                __aeabi_lmul
 .text.__aeabi_memcpy
                0x00006efa       0x2c c:/nxp/lpcxpresso_7.0.0_92/lpcxpresso/tools/bin/../lib/gcc/arm-none-eabi/4.8.3/armv6-m\libcr_eabihelpers.a(memcpy.o)
                0x00006efa                __aeabi_memcpy4
                0x00006efa                __aeabi_memcpy8
                0x00006efa                __aeabi_memcpy
 .text.__aeabi_memset_lowlevel
                0x00006f26       0x2a c:/nxp/lpcxpresso_7.0.0_92/lpcxpresso/tools/bin/../lib/gcc/arm-none-eabi/4.8.3/armv6-m\libcr_eabihelpers.a(memcpy.o)
                0x00006f26                __aeabi_lowlevel_memset
 .text.__sys_appexit
                0x00006f50        0x2 c:/nxp/lpcxpresso_7.0.0_92/lpcxpresso/tools/bin/../lib/gcc/arm-none-eabi/4.8.3/../../../../arm-none-eabi/lib/armv6-m\libcr_nohost.a(__sys_appexit.o)
                0x00006f50                __sys_appexit
                0x00006f50                __exit
 .text.__sys_close
                0x00006f52        0x6 c:/nxp/lpcxpresso_7.0.0_92/lpcxpresso/tools/bin/../lib/gcc/arm-none-eabi/4.8.3/../../../../arm-none-eabi/lib/armv6-m\libcr_nohost.a(__sys_close.o)
                0x00006f52                __sys_close
 .text.__sys_flen
                0x00006f58        0x6 c:/nxp/lpcxpresso_7.0.0_92/lpcxpresso/tools/bin/../lib/gcc/arm-none-eabi/4.8.3/../../../../arm-none-eabi/lib/armv6-m\libcr_nohost.a(__sys_flen.o)
                0x00006f58                __sys_flen
 .text.__sys_istty
                0x00006f5e        0x6 c:/nxp/lpcxpresso_7.0.0_92/lpcxpresso/tools/bin/../lib/gcc/arm-none-eabi/4.8.3/../../../../arm-none-eabi/lib/armv6-m\libcr_nohost.a(__sys_istty.o)
                0x00006f5e                __sys_istty
 .text.__sys_remove
                0x00006f64        0x6 c:/nxp/lpcxpresso_7.0.0_92/lpcxpresso/tools/bin/../lib/gcc/arm-none-eabi/4.8.3/../../../../arm-none-eabi/lib/armv6-m\libcr_nohost.a(__sys_remove.o)
                0x00006f64                __sys_remove
 .text.__sys_seek
                0x00006f6a        0x6 c:/nxp/lpcxpresso_7.0.0_92/lpcxpresso/tools/bin/../lib/gcc/arm-none-eabi/4.8.3/../../../../arm-none-eabi/lib/armv6-m\libcr_nohost.a(__sys_seek.o)
                0x00006f6a                __sys_seek
 .text.__sys_tmpnam
                0x00006f70        0x6 c:/nxp/lpcxpresso_7.0.0_92/lpcxpresso/tools/bin/../lib/gcc/arm-none-eabi/4.8.3/../../../../arm-none-eabi/lib/armv6-m\libcr_nohost.a(__sys_tmpnam.o)
                0x00006f70                __sys_tmpnam
 *(.rodata .rodata.* .constdata .constdata.*)
 *fill*         0x00006f76        0x2 
 .rodata        0x00006f78      0x244 ./src/main.o
 .rodata.OscRateIn
                0x000071bc        0x4 D:\WIZnet\__Purple\___LPCXpresso_Workspace\wiznet_evb_w5500evb_board\Debug\libwiznet_evb_w5500evb_board.a(board.o)
                0x000071bc                OscRateIn
 .rodata.ledports
                0x000071c0        0x4 D:\WIZnet\__Purple\___LPCXpresso_Workspace\wiznet_evb_w5500evb_board\Debug\libwiznet_evb_w5500evb_board.a(board.o)
 .rodata.ledpins
                0x000071c4        0x4 D:\WIZnet\__Purple\___LPCXpresso_Workspace\wiznet_evb_w5500evb_board\Debug\libwiznet_evb_w5500evb_board.a(board.o)
 .rodata.pinmuxing
                0x000071c8       0x48 D:\WIZnet\__Purple\___LPCXpresso_Workspace\wiznet_evb_w5500evb_board\Debug\libwiznet_evb_w5500evb_board.a(board_sysinit.o)
 .rodata        0x00007210       0x2c D:\WIZnet\__Purple\___LPCXpresso_Workspace\wiznet_evb_w5500evb_board\Debug\libwiznet_evb_w5500evb_board.a(w5500_spi.o)
 .rodata.wdtOSCRate
                0x0000723c       0x40 D:\WIZnet\__Purple\___LPCXpresso_Workspace\lpc_chip_11exx\Debug\liblpc_chip_11exx.a(clock_11xx.o)
 .rodata.dns_answer
                0x0000727c       0x44 D:\WIZnet\__Purple\___LPCXpresso_Workspace\ioLibrary\Debug\libioLibrary.a(dns.o)
 .rodata.ctlwizchip
                0x000072c0       0x40 D:\WIZnet\__Purple\___LPCXpresso_Workspace\ioLibrary\Debug\libioLibrary.a(wizchip_conf.o)
 .rodata.ctlnetwork
                0x00007300       0x18 D:\WIZnet\__Purple\___LPCXpresso_Workspace\ioLibrary\Debug\libioLibrary.a(wizchip_conf.o)
 .rodata.str1.1
                0x00007318       0x34 c:/nxp/lpcxpresso_7.0.0_92/lpcxpresso/tools/bin/../lib/gcc/arm-none-eabi/4.8.3/../../../../arm-none-eabi/lib/armv6-m\libcr_c.a(fpprintf.o)
                                 0x35 (size before relaxing)
 .rodata.str1.1
                0x0000734c        0x4 c:/nxp/lpcxpresso_7.0.0_92/lpcxpresso/tools/bin/../lib/gcc/arm-none-eabi/4.8.3/../../../../arm-none-eabi/lib/armv6-m\libcr_c.a(initio.o)
 .rodata.str1.1
                0x00007350       0x31 c:/nxp/lpcxpresso_7.0.0_92/lpcxpresso/tools/bin/../lib/gcc/arm-none-eabi/4.8.3/../../../../arm-none-eabi/lib/armv6-m\libcr_c.a(printf.o)
                                 0x38 (size before relaxing)
 .rodata.str1.1
                0x00007381       0x18 c:/nxp/lpcxpresso_7.0.0_92/lpcxpresso/tools/bin/../lib/gcc/arm-none-eabi/4.8.3/../../../../arm-none-eabi/lib/armv6-m\libcr_c.a(alloc.o)
 *fill*         0x00007399        0x7 
 .rodata.__huge_vall
                0x000073a0        0x8 c:/nxp/lpcxpresso_7.0.0_92/lpcxpresso/tools/bin/../lib/gcc/arm-none-eabi/4.8.3/../../../../arm-none-eabi/lib/armv6-m\libcr_c.a(_hugeval.o)
                0x000073a0                __huge_vall
                0x000073a8                . = ALIGN (0x4)

.glue_7         0x000073a8        0x0
 .glue_7        0x00000000        0x0 linker stubs

.glue_7t        0x000073a8        0x0
 .glue_7t       0x00000000        0x0 linker stubs

.vfp11_veneer   0x000073a8        0x0
 .vfp11_veneer  0x00000000        0x0 linker stubs

.v4_bx          0x000073a8        0x0
 .v4_bx         0x00000000        0x0 linker stubs

.iplt           0x000073a8        0x0
 .iplt          0x00000000        0x0 ./src/aeabi_romdiv_patch.o

.rel.dyn        0x000073a8        0x0
 .rel.iplt      0x00000000        0x0 ./src/aeabi_romdiv_patch.o

.ARM.extab
 *(.ARM.extab* .gnu.linkonce.armextab.*)
                0x000073a8                __exidx_start = .

.ARM.exidx
 *(.ARM.exidx* .gnu.linkonce.armexidx.*)
                0x000073a8                __exidx_end = .
                0x000073a8                _etext = .

.data_RAM2      0x20000000        0x0 load address 0x000073a8
 FILL mask 0xff
 *(.data.$RAM2*)
 *(.data.$RamPeriph2*)
                0x20000000                . = ALIGN (0x4)

.data_RAM3      0x20004000        0x0 load address 0x000073a8
 FILL mask 0xff
 *(.data.$RAM3*)
 *(.data.$SRAM1_2*)
                0x20004000                . = ALIGN (0x4)

.uninit_RESERVED
                0x10000000        0x0
 *(.bss.$RESERVED*)
                0x10000000                . = ALIGN (0x4)
                0x10000000                _end_uninit_RESERVED = .

.data           0x10000000       0x54 load address 0x000073a8
 FILL mask 0xff
                0x10000000                _data = .
 *(vtable)
 *(.data*)
 .data.gWIZNETINFO
                0x10000000       0x18 ./src/main.o
                0x10000000                gWIZNETINFO
 .data.PHYStatus_check_flag
                0x10000018        0x1 ./src/main.o
                0x10000018                PHYStatus_check_flag
 .data.RGBLED_enable
                0x10000019        0x1 ./src/main.o
 *fill*         0x1000001a        0x2 
 .data.DNS_2nd  0x1000001c        0x4 ./src/main.o
                0x1000001c                DNS_2nd
 .data.Domain_name
                0x10000020       0x10 ./src/main.o
                0x10000020                Domain_name
 .data.sock_any_port
                0x10000030        0x2 D:\WIZnet\__Purple\___LPCXpresso_Workspace\ioLibrary\Debug\libioLibrary.a(socket.o)
 *fill*         0x10000032        0x2 
 .data.WIZCHIP  0x10000034       0x20 D:\WIZnet\__Purple\___LPCXpresso_Workspace\ioLibrary\Debug\libioLibrary.a(wizchip_conf.o)
                0x10000034                WIZCHIP
                0x10000054                . = ALIGN (0x4)
                0x10000054                _edata = .

.igot.plt       0x10000054        0x0 load address 0x000073fc
 .igot.plt      0x00000000        0x0 ./src/aeabi_romdiv_patch.o

.bss_RAM2       0x20000000        0x0
 *(.bss.$RAM2*)
 *(.bss.$RamPeriph2*)
                0x20000000                . = ALIGN (0x4)

.bss_RAM3       0x20004000        0x0
 *(.bss.$RAM3*)
 *(.bss.$SRAM1_2*)
                0x20004000                . = ALIGN (0x4)

.bss            0x10000054      0x9a4
                0x10000054                _bss = .
 *(.bss*)
 .bss.PHYStatus_check_enable
                0x10000054        0x1 ./src/main.o
                0x10000054                PHYStatus_check_enable
 *fill*         0x10000055        0x3 
 .bss.Domain_IP
                0x10000058        0x4 ./src/main.o
                0x10000058                Domain_IP
 .bss.LED_status_backup.6188
                0x1000005c        0x1 ./src/main.o
 *fill*         0x1000005d        0x1 
 .bss.phystatus_check_cnt.6194
                0x1000005e        0x2 ./src/main.o
 .bss.retry_count.6530
                0x10000060        0x1 D:\WIZnet\__Purple\___LPCXpresso_Workspace\ioLibrary\Debug\libioLibrary.a(dns.o)
 *fill*         0x10000061        0x1 
 .bss.sock_io_mode
                0x10000062        0x2 D:\WIZnet\__Purple\___LPCXpresso_Workspace\ioLibrary\Debug\libioLibrary.a(socket.o)
 .bss.sock_is_sending
                0x10000064        0x2 D:\WIZnet\__Purple\___LPCXpresso_Workspace\ioLibrary\Debug\libioLibrary.a(socket.o)
 *fill*         0x10000066        0x2 
 .bss.sock_remained_size
                0x10000068       0x10 D:\WIZnet\__Purple\___LPCXpresso_Workspace\ioLibrary\Debug\libioLibrary.a(socket.o)
 .bss.sock_pack_info
                0x10000078        0x8 D:\WIZnet\__Purple\___LPCXpresso_Workspace\ioLibrary\Debug\libioLibrary.a(socket.o)
 .bss._DNS_     0x10000080        0x4 D:\WIZnet\__Purple\___LPCXpresso_Workspace\ioLibrary\Debug\libioLibrary.a(wizchip_conf.o)
 .bss._DHCP_    0x10000084        0x1 D:\WIZnet\__Purple\___LPCXpresso_Workspace\ioLibrary\Debug\libioLibrary.a(wizchip_conf.o)
 *fill*         0x10000085        0x3 
 .bss.errno     0x10000088        0x4 c:/nxp/lpcxpresso_7.0.0_92/lpcxpresso/tools/bin/../lib/gcc/arm-none-eabi/4.8.3/../../../../arm-none-eabi/lib/armv6-m\libcr_c.a(errno.o)
                0x10000088                errno
 *(COMMON)
 COMMON         0x1000008c        0x8 ./src/cr_startup_lpc11exx.o
                0x1000008c                pDivRom_uidiv
                0x10000090                pDivRom_idiv
 COMMON         0x10000094      0x804 ./src/main.o
                0x10000094                gDATABUF
                0x10000894                msTicks
 COMMON         0x10000898        0x4 D:\WIZnet\__Purple\___LPCXpresso_Workspace\lpc_chip_11exx\Debug\liblpc_chip_11exx.a(chip_11xx.o)
                0x10000898                SystemCoreClock
 COMMON         0x1000089c        0xe D:\WIZnet\__Purple\___LPCXpresso_Workspace\ioLibrary\Debug\libioLibrary.a(dns.o)
                0x1000089c                DNS_SOCKET
                0x100008a0                dns_1s_tick
                0x100008a4                pDNSMSG
                0x100008a8                DNS_MSGID
 *fill*         0x100008aa        0x2 
 COMMON         0x100008ac        0x4 c:/nxp/lpcxpresso_7.0.0_92/lpcxpresso/tools/bin/../lib/gcc/arm-none-eabi/4.8.3/../../../../arm-none-eabi/lib/armv6-m\libcr_c.a(initio.o)
                0x100008ac                _extra
 COMMON         0x100008b0      0x140 c:/nxp/lpcxpresso_7.0.0_92/lpcxpresso/tools/bin/../lib/gcc/arm-none-eabi/4.8.3/../../../../arm-none-eabi/lib/armv6-m\libcr_c.a(stdio.o)
                0x100008b0                __Ciob
 COMMON         0x100009f0        0x8 c:/nxp/lpcxpresso_7.0.0_92/lpcxpresso/tools/bin/../lib/gcc/arm-none-eabi/4.8.3/../../../../arm-none-eabi/lib/armv6-m\libcr_c.a(__init_alloc.o)
                0x100009f0                __heaps
                0x100009f4                __end_of_heap
                0x100009f8                . = ALIGN (0x4)
                0x100009f8                _ebss = .
                0x100009f8                PROVIDE (end, .)

.noinit_RAM2    0x20000000        0x0
 *(.noinit.$RAM2*)
 *(.noinit.$RamPeriph2*)
                0x20000000                . = ALIGN (0x4)

.noinit_RAM3    0x20004000        0x0
 *(.noinit.$RAM3*)
 *(.noinit.$SRAM1_2*)
                0x20004000                . = ALIGN (0x4)

.noinit         0x100009f8        0x0
                0x100009f8                _noinit = .
 *(.noinit*)
                0x100009f8                . = ALIGN (0x4)
                0x100009f8                _end_noinit = .
                0x100009f8                PROVIDE (_pvHeapStart, .)
                0x10002000                PROVIDE (_vStackTop, (__top_RamLoc8 - 0x0))
OUTPUT(w5500evb_internet_dns_client.axf elf32-littlearm)

.ARM.attributes
                0x00000000       0x2d
 .ARM.attributes
                0x00000000       0x21 ./src/aeabi_romdiv_patch.o
 .ARM.attributes
                0x00000021       0x31 ./src/cr_startup_lpc11exx.o
 .ARM.attributes
                0x00000052       0x31 ./src/crp.o
 .ARM.attributes
                0x00000083       0x31 ./src/main.o
 .ARM.attributes
                0x000000b4       0x31 ./src/sysinit.o
 .ARM.attributes
                0x000000e5       0x31 D:\WIZnet\__Purple\___LPCXpresso_Workspace\wiznet_evb_w5500evb_board\Debug\libwiznet_evb_w5500evb_board.a(board.o)
 .ARM.attributes
                0x00000116       0x31 D:\WIZnet\__Purple\___LPCXpresso_Workspace\wiznet_evb_w5500evb_board\Debug\libwiznet_evb_w5500evb_board.a(board_sysinit.o)
 .ARM.attributes
                0x00000147       0x31 D:\WIZnet\__Purple\___LPCXpresso_Workspace\wiznet_evb_w5500evb_board\Debug\libwiznet_evb_w5500evb_board.a(w5500_spi.o)
 .ARM.attributes
                0x00000178       0x31 D:\WIZnet\__Purple\___LPCXpresso_Workspace\lpc_chip_11exx\Debug\liblpc_chip_11exx.a(chip_11xx.o)
 .ARM.attributes
                0x000001a9       0x31 D:\WIZnet\__Purple\___LPCXpresso_Workspace\lpc_chip_11exx\Debug\liblpc_chip_11exx.a(clock_11xx.o)
 .ARM.attributes
                0x000001da       0x31 D:\WIZnet\__Purple\___LPCXpresso_Workspace\lpc_chip_11exx\Debug\liblpc_chip_11exx.a(gpio_11xx_1.o)
 .ARM.attributes
                0x0000020b       0x31 D:\WIZnet\__Purple\___LPCXpresso_Workspace\lpc_chip_11exx\Debug\liblpc_chip_11exx.a(iocon_11xx.o)
 .ARM.attributes
                0x0000023c       0x31 D:\WIZnet\__Purple\___LPCXpresso_Workspace\lpc_chip_11exx\Debug\liblpc_chip_11exx.a(ssp_11xx.o)
 .ARM.attributes
                0x0000026d       0x31 D:\WIZnet\__Purple\___LPCXpresso_Workspace\lpc_chip_11exx\Debug\liblpc_chip_11exx.a(sysctl_11xx.o)
 .ARM.attributes
                0x0000029e       0x31 D:\WIZnet\__Purple\___LPCXpresso_Workspace\lpc_chip_11exx\Debug\liblpc_chip_11exx.a(timer_11xx.o)
 .ARM.attributes
                0x000002cf       0x31 D:\WIZnet\__Purple\___LPCXpresso_Workspace\lpc_chip_11exx\Debug\liblpc_chip_11exx.a(uart_11xx.o)
 .ARM.attributes
                0x00000300       0x31 D:\WIZnet\__Purple\___LPCXpresso_Workspace\ioLibrary\Debug\libioLibrary.a(dns.o)
 .ARM.attributes
                0x00000331       0x31 D:\WIZnet\__Purple\___LPCXpresso_Workspace\ioLibrary\Debug\libioLibrary.a(w5500.o)
 .ARM.attributes
                0x00000362       0x31 D:\WIZnet\__Purple\___LPCXpresso_Workspace\ioLibrary\Debug\libioLibrary.a(socket.o)
 .ARM.attributes
                0x00000393       0x31 D:\WIZnet\__Purple\___LPCXpresso_Workspace\ioLibrary\Debug\libioLibrary.a(wizchip_conf.o)
 .ARM.attributes
                0x000003c4       0x31 c:/nxp/lpcxpresso_7.0.0_92/lpcxpresso/tools/bin/../lib/gcc/arm-none-eabi/4.8.3/../../../../arm-none-eabi/lib/armv6-m\libcr_nohost.a(_cr__main.o)
 .ARM.attributes
                0x000003f5       0x31 c:/nxp/lpcxpresso_7.0.0_92/lpcxpresso/tools/bin/../lib/gcc/arm-none-eabi/4.8.3/../../../../arm-none-eabi/lib/armv6-m\libcr_c.a(memcpy.o)
 .ARM.attributes
                0x00000426       0x31 c:/nxp/lpcxpresso_7.0.0_92/lpcxpresso/tools/bin/../lib/gcc/arm-none-eabi/4.8.3/../../../../arm-none-eabi/lib/armv6-m\libcr_c.a(memset.o)
 .ARM.attributes
                0x00000457       0x31 c:/nxp/lpcxpresso_7.0.0_92/lpcxpresso/tools/bin/../lib/gcc/arm-none-eabi/4.8.3/../../../../arm-none-eabi/lib/armv6-m\libcr_c.a(fpprintf.o)
 .ARM.attributes
                0x00000488       0x31 c:/nxp/lpcxpresso_7.0.0_92/lpcxpresso/tools/bin/../lib/gcc/arm-none-eabi/4.8.3/../../../../arm-none-eabi/lib/armv6-m\libcr_c.a(initio.o)
 .ARM.attributes
                0x000004b9       0x31 c:/nxp/lpcxpresso_7.0.0_92/lpcxpresso/tools/bin/../lib/gcc/arm-none-eabi/4.8.3/../../../../arm-none-eabi/lib/armv6-m\libcr_c.a(printf.o)
 .ARM.attributes
                0x000004ea       0x31 c:/nxp/lpcxpresso_7.0.0_92/lpcxpresso/tools/bin/../lib/gcc/arm-none-eabi/4.8.3/../../../../arm-none-eabi/lib/armv6-m\libcr_c.a(setvbuf.o)
 .ARM.attributes
                0x0000051b       0x31 c:/nxp/lpcxpresso_7.0.0_92/lpcxpresso/tools/bin/../lib/gcc/arm-none-eabi/4.8.3/../../../../arm-none-eabi/lib/armv6-m\libcr_c.a(stdio.o)
 .ARM.attributes
                0x0000054c       0x31 c:/nxp/lpcxpresso_7.0.0_92/lpcxpresso/tools/bin/../lib/gcc/arm-none-eabi/4.8.3/../../../../arm-none-eabi/lib/armv6-m\libcr_c.a(strchr.o)
 .ARM.attributes
                0x0000057d       0x31 c:/nxp/lpcxpresso_7.0.0_92/lpcxpresso/tools/bin/../lib/gcc/arm-none-eabi/4.8.3/../../../../arm-none-eabi/lib/armv6-m\libcr_c.a(strcpy.o)
 .ARM.attributes
                0x000005ae       0x31 c:/nxp/lpcxpresso_7.0.0_92/lpcxpresso/tools/bin/../lib/gcc/arm-none-eabi/4.8.3/../../../../arm-none-eabi/lib/armv6-m\libcr_c.a(strlen.o)
 .ARM.attributes
                0x000005df       0x31 c:/nxp/lpcxpresso_7.0.0_92/lpcxpresso/tools/bin/../lib/gcc/arm-none-eabi/4.8.3/../../../../arm-none-eabi/lib/armv6-m\libcr_c.a(strncpy.o)
 .ARM.attributes
                0x00000610       0x31 c:/nxp/lpcxpresso_7.0.0_92/lpcxpresso/tools/bin/../lib/gcc/arm-none-eabi/4.8.3/../../../../arm-none-eabi/lib/armv6-m\libcr_c.a(_deferredlazyseek.o)
 .ARM.attributes
                0x00000641       0x31 c:/nxp/lpcxpresso_7.0.0_92/lpcxpresso/tools/bin/../lib/gcc/arm-none-eabi/4.8.3/../../../../arm-none-eabi/lib/armv6-m\libcr_c.a(_fdopen.o)
 .ARM.attributes
                0x00000672       0x31 c:/nxp/lpcxpresso_7.0.0_92/lpcxpresso/tools/bin/../lib/gcc/arm-none-eabi/4.8.3/../../../../arm-none-eabi/lib/armv6-m\libcr_c.a(_fflush.o)
 .ARM.attributes
                0x000006a3       0x31 c:/nxp/lpcxpresso_7.0.0_92/lpcxpresso/tools/bin/../lib/gcc/arm-none-eabi/4.8.3/../../../../arm-none-eabi/lib/armv6-m\libcr_c.a(_frexpl.o)
 .ARM.attributes
                0x000006d4       0x31 c:/nxp/lpcxpresso_7.0.0_92/lpcxpresso/tools/bin/../lib/gcc/arm-none-eabi/4.8.3/../../../../arm-none-eabi/lib/armv6-m\libcr_c.a(_ldexpl.o)
 .ARM.attributes
                0x00000705       0x31 c:/nxp/lpcxpresso_7.0.0_92/lpcxpresso/tools/bin/../lib/gcc/arm-none-eabi/4.8.3/../../../../arm-none-eabi/lib/armv6-m\libcr_c.a(_writebuf.o)
 .ARM.attributes
                0x00000736       0x31 c:/nxp/lpcxpresso_7.0.0_92/lpcxpresso/tools/bin/../lib/gcc/arm-none-eabi/4.8.3/../../../../arm-none-eabi/lib/armv6-m\libcr_c.a(alloc.o)
 .ARM.attributes
                0x00000767       0x31 c:/nxp/lpcxpresso_7.0.0_92/lpcxpresso/tools/bin/../lib/gcc/arm-none-eabi/4.8.3/../../../../arm-none-eabi/lib/armv6-m\libcr_c.a(errno.o)
 .ARM.attributes
                0x00000798       0x31 c:/nxp/lpcxpresso_7.0.0_92/lpcxpresso/tools/bin/../lib/gcc/arm-none-eabi/4.8.3/../../../../arm-none-eabi/lib/armv6-m\libcr_c.a(fclose.o)
 .ARM.attributes
                0x000007c9       0x31 c:/nxp/lpcxpresso_7.0.0_92/lpcxpresso/tools/bin/../lib/gcc/arm-none-eabi/4.8.3/../../../../arm-none-eabi/lib/armv6-m\libcr_c.a(fflush.o)
 .ARM.attributes
                0x000007fa       0x31 c:/nxp/lpcxpresso_7.0.0_92/lpcxpresso/tools/bin/../lib/gcc/arm-none-eabi/4.8.3/../../../../arm-none-eabi/lib/armv6-m\libcr_c.a(fseek.o)
 .ARM.attributes
                0x0000082b       0x31 c:/nxp/lpcxpresso_7.0.0_92/lpcxpresso/tools/bin/../lib/gcc/arm-none-eabi/4.8.3/../../../../arm-none-eabi/lib/armv6-m\libcr_c.a(ftell.o)
 .ARM.attributes
                0x0000085c       0x31 c:/nxp/lpcxpresso_7.0.0_92/lpcxpresso/tools/bin/../lib/gcc/arm-none-eabi/4.8.3/../../../../arm-none-eabi/lib/armv6-m\libcr_c.a(remove.o)
 .ARM.attributes
                0x0000088d       0x31 c:/nxp/lpcxpresso_7.0.0_92/lpcxpresso/tools/bin/../lib/gcc/arm-none-eabi/4.8.3/../../../../arm-none-eabi/lib/armv6-m\libcr_c.a(__init_alloc.o)
 .ARM.attributes
                0x000008be       0x31 c:/nxp/lpcxpresso_7.0.0_92/lpcxpresso/tools/bin/../lib/gcc/arm-none-eabi/4.8.3/../../../../arm-none-eabi/lib/armv6-m\libcr_c.a(_cr_sbrk.o)
 .ARM.attributes
                0x000008ef       0x31 c:/nxp/lpcxpresso_7.0.0_92/lpcxpresso/tools/bin/../lib/gcc/arm-none-eabi/4.8.3/../../../../arm-none-eabi/lib/armv6-m\libcr_c.a(_do_fflush.o)
 .ARM.attributes
                0x00000920       0x31 c:/nxp/lpcxpresso_7.0.0_92/lpcxpresso/tools/bin/../lib/gcc/arm-none-eabi/4.8.3/../../../../arm-none-eabi/lib/armv6-m\libcr_c.a(_hugeval.o)
 .ARM.attributes
                0x00000951       0x31 c:/nxp/lpcxpresso_7.0.0_92/lpcxpresso/tools/bin/../lib/gcc/arm-none-eabi/4.8.3/../../../../arm-none-eabi/lib/armv6-m\libcr_c.a(_cr_check_heap.o)
 .ARM.attributes
                0x00000982       0x31 c:/nxp/lpcxpresso_7.0.0_92/lpcxpresso/tools/bin/../lib/gcc/arm-none-eabi/4.8.3/armv6-m\libcr_eabihelpers.a(double.o)
 .ARM.attributes
                0x000009b3       0x21 c:/nxp/lpcxpresso_7.0.0_92/lpcxpresso/tools/bin/../lib/gcc/arm-none-eabi/4.8.3/armv6-m\libcr_eabihelpers.a(llong.o)
 .ARM.attributes
                0x000009d4       0x21 c:/nxp/lpcxpresso_7.0.0_92/lpcxpresso/tools/bin/../lib/gcc/arm-none-eabi/4.8.3/armv6-m\libcr_eabihelpers.a(memcpy.o)
 .ARM.attributes
                0x000009f5       0x31 c:/nxp/lpcxpresso_7.0.0_92/lpcxpresso/tools/bin/../lib/gcc/arm-none-eabi/4.8.3/../../../../arm-none-eabi/lib/armv6-m\libcr_nohost.a(__sys_appexit.o)
 .ARM.attributes
                0x00000a26       0x31 c:/nxp/lpcxpresso_7.0.0_92/lpcxpresso/tools/bin/../lib/gcc/arm-none-eabi/4.8.3/../../../../arm-none-eabi/lib/armv6-m\libcr_nohost.a(__sys_close.o)
 .ARM.attributes
                0x00000a57       0x31 c:/nxp/lpcxpresso_7.0.0_92/lpcxpresso/tools/bin/../lib/gcc/arm-none-eabi/4.8.3/../../../../arm-none-eabi/lib/armv6-m\libcr_nohost.a(__sys_flen.o)
 .ARM.attributes
                0x00000a88       0x31 c:/nxp/lpcxpresso_7.0.0_92/lpcxpresso/tools/bin/../lib/gcc/arm-none-eabi/4.8.3/../../../../arm-none-eabi/lib/armv6-m\libcr_nohost.a(__sys_istty.o)
 .ARM.attributes
                0x00000ab9       0x31 c:/nxp/lpcxpresso_7.0.0_92/lpcxpresso/tools/bin/../lib/gcc/arm-none-eabi/4.8.3/../../../../arm-none-eabi/lib/armv6-m\libcr_nohost.a(__sys_remove.o)
 .ARM.attributes
                0x00000aea       0x31 c:/nxp/lpcxpresso_7.0.0_92/lpcxpresso/tools/bin/../lib/gcc/arm-none-eabi/4.8.3/../../../../arm-none-eabi/lib/armv6-m\libcr_nohost.a(__sys_seek.o)
 .ARM.attributes
                0x00000b1b       0x31 c:/nxp/lpcxpresso_7.0.0_92/lpcxpresso/tools/bin/../lib/gcc/arm-none-eabi/4.8.3/../../../../arm-none-eabi/lib/armv6-m\libcr_nohost.a(__sys_tmpnam.o)

.comment        0x00000000       0x70
 .comment       0x00000000       0x70 ./src/cr_startup_lpc11exx.o
                                 0x71 (size before relaxing)
 .comment       0x00000000       0x71 ./src/crp.o
 .comment       0x00000000       0x71 ./src/main.o
 .comment       0x00000000       0x71 ./src/sysinit.o
 .comment       0x00000000       0x71 D:\WIZnet\__Purple\___LPCXpresso_Workspace\wiznet_evb_w5500evb_board\Debug\libwiznet_evb_w5500evb_board.a(board.o)
 .comment       0x00000000       0x71 D:\WIZnet\__Purple\___LPCXpresso_Workspace\wiznet_evb_w5500evb_board\Debug\libwiznet_evb_w5500evb_board.a(board_sysinit.o)
 .comment       0x00000000       0x71 D:\WIZnet\__Purple\___LPCXpresso_Workspace\wiznet_evb_w5500evb_board\Debug\libwiznet_evb_w5500evb_board.a(w5500_spi.o)
 .comment       0x00000000       0x71 D:\WIZnet\__Purple\___LPCXpresso_Workspace\lpc_chip_11exx\Debug\liblpc_chip_11exx.a(chip_11xx.o)
 .comment       0x00000000       0x71 D:\WIZnet\__Purple\___LPCXpresso_Workspace\lpc_chip_11exx\Debug\liblpc_chip_11exx.a(clock_11xx.o)
 .comment       0x00000000       0x71 D:\WIZnet\__Purple\___LPCXpresso_Workspace\lpc_chip_11exx\Debug\liblpc_chip_11exx.a(gpio_11xx_1.o)
 .comment       0x00000000       0x71 D:\WIZnet\__Purple\___LPCXpresso_Workspace\lpc_chip_11exx\Debug\liblpc_chip_11exx.a(iocon_11xx.o)
 .comment       0x00000000       0x71 D:\WIZnet\__Purple\___LPCXpresso_Workspace\lpc_chip_11exx\Debug\liblpc_chip_11exx.a(ssp_11xx.o)
 .comment       0x00000000       0x71 D:\WIZnet\__Purple\___LPCXpresso_Workspace\lpc_chip_11exx\Debug\liblpc_chip_11exx.a(sysctl_11xx.o)
 .comment       0x00000000       0x71 D:\WIZnet\__Purple\___LPCXpresso_Workspace\lpc_chip_11exx\Debug\liblpc_chip_11exx.a(timer_11xx.o)
 .comment       0x00000000       0x71 D:\WIZnet\__Purple\___LPCXpresso_Workspace\lpc_chip_11exx\Debug\liblpc_chip_11exx.a(uart_11xx.o)
 .comment       0x00000000       0x71 D:\WIZnet\__Purple\___LPCXpresso_Workspace\ioLibrary\Debug\libioLibrary.a(dns.o)
 .comment       0x00000000       0x71 D:\WIZnet\__Purple\___LPCXpresso_Workspace\ioLibrary\Debug\libioLibrary.a(w5500.o)
 .comment       0x00000000       0x71 D:\WIZnet\__Purple\___LPCXpresso_Workspace\ioLibrary\Debug\libioLibrary.a(socket.o)
 .comment       0x00000000       0x71 D:\WIZnet\__Purple\___LPCXpresso_Workspace\ioLibrary\Debug\libioLibrary.a(wizchip_conf.o)
 .comment       0x00000000       0x71 c:/nxp/lpcxpresso_7.0.0_92/lpcxpresso/tools/bin/../lib/gcc/arm-none-eabi/4.8.3/../../../../arm-none-eabi/lib/armv6-m\libcr_nohost.a(_cr__main.o)
 .comment       0x00000000       0x71 c:/nxp/lpcxpresso_7.0.0_92/lpcxpresso/tools/bin/../lib/gcc/arm-none-eabi/4.8.3/../../../../arm-none-eabi/lib/armv6-m\libcr_c.a(memcpy.o)
 .comment       0x00000000       0x71 c:/nxp/lpcxpresso_7.0.0_92/lpcxpresso/tools/bin/../lib/gcc/arm-none-eabi/4.8.3/../../../../arm-none-eabi/lib/armv6-m\libcr_c.a(memset.o)
 .comment       0x00000000       0x71 c:/nxp/lpcxpresso_7.0.0_92/lpcxpresso/tools/bin/../lib/gcc/arm-none-eabi/4.8.3/../../../../arm-none-eabi/lib/armv6-m\libcr_c.a(fpprintf.o)
 .comment       0x00000000       0x71 c:/nxp/lpcxpresso_7.0.0_92/lpcxpresso/tools/bin/../lib/gcc/arm-none-eabi/4.8.3/../../../../arm-none-eabi/lib/armv6-m\libcr_c.a(initio.o)
 .comment       0x00000000       0x71 c:/nxp/lpcxpresso_7.0.0_92/lpcxpresso/tools/bin/../lib/gcc/arm-none-eabi/4.8.3/../../../../arm-none-eabi/lib/armv6-m\libcr_c.a(printf.o)
 .comment       0x00000000       0x71 c:/nxp/lpcxpresso_7.0.0_92/lpcxpresso/tools/bin/../lib/gcc/arm-none-eabi/4.8.3/../../../../arm-none-eabi/lib/armv6-m\libcr_c.a(setvbuf.o)
 .comment       0x00000000       0x71 c:/nxp/lpcxpresso_7.0.0_92/lpcxpresso/tools/bin/../lib/gcc/arm-none-eabi/4.8.3/../../../../arm-none-eabi/lib/armv6-m\libcr_c.a(stdio.o)
 .comment       0x00000000       0x71 c:/nxp/lpcxpresso_7.0.0_92/lpcxpresso/tools/bin/../lib/gcc/arm-none-eabi/4.8.3/../../../../arm-none-eabi/lib/armv6-m\libcr_c.a(strchr.o)
 .comment       0x00000000       0x71 c:/nxp/lpcxpresso_7.0.0_92/lpcxpresso/tools/bin/../lib/gcc/arm-none-eabi/4.8.3/../../../../arm-none-eabi/lib/armv6-m\libcr_c.a(strcpy.o)
 .comment       0x00000000       0x71 c:/nxp/lpcxpresso_7.0.0_92/lpcxpresso/tools/bin/../lib/gcc/arm-none-eabi/4.8.3/../../../../arm-none-eabi/lib/armv6-m\libcr_c.a(strlen.o)
 .comment       0x00000000       0x71 c:/nxp/lpcxpresso_7.0.0_92/lpcxpresso/tools/bin/../lib/gcc/arm-none-eabi/4.8.3/../../../../arm-none-eabi/lib/armv6-m\libcr_c.a(strncpy.o)
 .comment       0x00000000       0x71 c:/nxp/lpcxpresso_7.0.0_92/lpcxpresso/tools/bin/../lib/gcc/arm-none-eabi/4.8.3/../../../../arm-none-eabi/lib/armv6-m\libcr_c.a(_deferredlazyseek.o)
 .comment       0x00000000       0x71 c:/nxp/lpcxpresso_7.0.0_92/lpcxpresso/tools/bin/../lib/gcc/arm-none-eabi/4.8.3/../../../../arm-none-eabi/lib/armv6-m\libcr_c.a(_fdopen.o)
 .comment       0x00000000       0x71 c:/nxp/lpcxpresso_7.0.0_92/lpcxpresso/tools/bin/../lib/gcc/arm-none-eabi/4.8.3/../../../../arm-none-eabi/lib/armv6-m\libcr_c.a(_fflush.o)
 .comment       0x00000000       0x71 c:/nxp/lpcxpresso_7.0.0_92/lpcxpresso/tools/bin/../lib/gcc/arm-none-eabi/4.8.3/../../../../arm-none-eabi/lib/armv6-m\libcr_c.a(_frexpl.o)
 .comment       0x00000000       0x71 c:/nxp/lpcxpresso_7.0.0_92/lpcxpresso/tools/bin/../lib/gcc/arm-none-eabi/4.8.3/../../../../arm-none-eabi/lib/armv6-m\libcr_c.a(_ldexpl.o)
 .comment       0x00000000       0x71 c:/nxp/lpcxpresso_7.0.0_92/lpcxpresso/tools/bin/../lib/gcc/arm-none-eabi/4.8.3/../../../../arm-none-eabi/lib/armv6-m\libcr_c.a(_writebuf.o)
 .comment       0x00000000       0x71 c:/nxp/lpcxpresso_7.0.0_92/lpcxpresso/tools/bin/../lib/gcc/arm-none-eabi/4.8.3/../../../../arm-none-eabi/lib/armv6-m\libcr_c.a(alloc.o)
 .comment       0x00000000       0x71 c:/nxp/lpcxpresso_7.0.0_92/lpcxpresso/tools/bin/../lib/gcc/arm-none-eabi/4.8.3/../../../../arm-none-eabi/lib/armv6-m\libcr_c.a(errno.o)
 .comment       0x00000000       0x71 c:/nxp/lpcxpresso_7.0.0_92/lpcxpresso/tools/bin/../lib/gcc/arm-none-eabi/4.8.3/../../../../arm-none-eabi/lib/armv6-m\libcr_c.a(fclose.o)
 .comment       0x00000000       0x71 c:/nxp/lpcxpresso_7.0.0_92/lpcxpresso/tools/bin/../lib/gcc/arm-none-eabi/4.8.3/../../../../arm-none-eabi/lib/armv6-m\libcr_c.a(fflush.o)
 .comment       0x00000000       0x71 c:/nxp/lpcxpresso_7.0.0_92/lpcxpresso/tools/bin/../lib/gcc/arm-none-eabi/4.8.3/../../../../arm-none-eabi/lib/armv6-m\libcr_c.a(fseek.o)
 .comment       0x00000000       0x71 c:/nxp/lpcxpresso_7.0.0_92/lpcxpresso/tools/bin/../lib/gcc/arm-none-eabi/4.8.3/../../../../arm-none-eabi/lib/armv6-m\libcr_c.a(ftell.o)
 .comment       0x00000000       0x71 c:/nxp/lpcxpresso_7.0.0_92/lpcxpresso/tools/bin/../lib/gcc/arm-none-eabi/4.8.3/../../../../arm-none-eabi/lib/armv6-m\libcr_c.a(remove.o)
 .comment       0x00000000       0x71 c:/nxp/lpcxpresso_7.0.0_92/lpcxpresso/tools/bin/../lib/gcc/arm-none-eabi/4.8.3/../../../../arm-none-eabi/lib/armv6-m\libcr_c.a(__init_alloc.o)
 .comment       0x00000000       0x71 c:/nxp/lpcxpresso_7.0.0_92/lpcxpresso/tools/bin/../lib/gcc/arm-none-eabi/4.8.3/../../../../arm-none-eabi/lib/armv6-m\libcr_c.a(_cr_sbrk.o)
 .comment       0x00000000       0x71 c:/nxp/lpcxpresso_7.0.0_92/lpcxpresso/tools/bin/../lib/gcc/arm-none-eabi/4.8.3/../../../../arm-none-eabi/lib/armv6-m\libcr_c.a(_do_fflush.o)
 .comment       0x00000000       0x71 c:/nxp/lpcxpresso_7.0.0_92/lpcxpresso/tools/bin/../lib/gcc/arm-none-eabi/4.8.3/../../../../arm-none-eabi/lib/armv6-m\libcr_c.a(_hugeval.o)
 .comment       0x00000000       0x71 c:/nxp/lpcxpresso_7.0.0_92/lpcxpresso/tools/bin/../lib/gcc/arm-none-eabi/4.8.3/../../../../arm-none-eabi/lib/armv6-m\libcr_c.a(_cr_check_heap.o)
 .comment       0x00000000       0x71 c:/nxp/lpcxpresso_7.0.0_92/lpcxpresso/tools/bin/../lib/gcc/arm-none-eabi/4.8.3/armv6-m\libcr_eabihelpers.a(double.o)
 .comment       0x00000000       0x71 c:/nxp/lpcxpresso_7.0.0_92/lpcxpresso/tools/bin/../lib/gcc/arm-none-eabi/4.8.3/../../../../arm-none-eabi/lib/armv6-m\libcr_nohost.a(__sys_appexit.o)
 .comment       0x00000000       0x71 c:/nxp/lpcxpresso_7.0.0_92/lpcxpresso/tools/bin/../lib/gcc/arm-none-eabi/4.8.3/../../../../arm-none-eabi/lib/armv6-m\libcr_nohost.a(__sys_close.o)
 .comment       0x00000000       0x71 c:/nxp/lpcxpresso_7.0.0_92/lpcxpresso/tools/bin/../lib/gcc/arm-none-eabi/4.8.3/../../../../arm-none-eabi/lib/armv6-m\libcr_nohost.a(__sys_flen.o)
 .comment       0x00000000       0x71 c:/nxp/lpcxpresso_7.0.0_92/lpcxpresso/tools/bin/../lib/gcc/arm-none-eabi/4.8.3/../../../../arm-none-eabi/lib/armv6-m\libcr_nohost.a(__sys_istty.o)
 .comment       0x00000000       0x71 c:/nxp/lpcxpresso_7.0.0_92/lpcxpresso/tools/bin/../lib/gcc/arm-none-eabi/4.8.3/../../../../arm-none-eabi/lib/armv6-m\libcr_nohost.a(__sys_remove.o)
 .comment       0x00000000       0x71 c:/nxp/lpcxpresso_7.0.0_92/lpcxpresso/tools/bin/../lib/gcc/arm-none-eabi/4.8.3/../../../../arm-none-eabi/lib/armv6-m\libcr_nohost.a(__sys_seek.o)
 .comment       0x00000000       0x71 c:/nxp/lpcxpresso_7.0.0_92/lpcxpresso/tools/bin/../lib/gcc/arm-none-eabi/4.8.3/../../../../arm-none-eabi/lib/armv6-m\libcr_nohost.a(__sys_tmpnam.o)

.debug_line     0x00000000     0x57af
 .debug_line    0x00000000       0x65 ./src/aeabi_romdiv_patch.o
 .debug_line    0x00000065       0xa7 ./src/cr_startup_lpc11exx.o
 .debug_line    0x0000010c       0x77 ./src/crp.o
 .debug_line    0x00000183      0x730 ./src/main.o
 .debug_line    0x000008b3      0x362 ./src/sysinit.o
 .debug_line    0x00000c15      0x543 D:\WIZnet\__Purple\___LPCXpresso_Workspace\wiznet_evb_w5500evb_board\Debug\libwiznet_evb_w5500evb_board.a(board.o)
 .debug_line    0x00001158      0x43a D:\WIZnet\__Purple\___LPCXpresso_Workspace\wiznet_evb_w5500evb_board\Debug\libwiznet_evb_w5500evb_board.a(board_sysinit.o)
 .debug_line    0x00001592      0x5b9 D:\WIZnet\__Purple\___LPCXpresso_Workspace\wiznet_evb_w5500evb_board\Debug\libwiznet_evb_w5500evb_board.a(w5500_spi.o)
 .debug_line    0x00001b4b      0x2f6 D:\WIZnet\__Purple\___LPCXpresso_Workspace\lpc_chip_11exx\Debug\liblpc_chip_11exx.a(chip_11xx.o)
 .debug_line    0x00001e41      0x421 D:\WIZnet\__Purple\___LPCXpresso_Workspace\lpc_chip_11exx\Debug\liblpc_chip_11exx.a(clock_11xx.o)
 .debug_line    0x00002262      0x3e1 D:\WIZnet\__Purple\___LPCXpresso_Workspace\lpc_chip_11exx\Debug\liblpc_chip_11exx.a(gpio_11xx_1.o)
 .debug_line    0x00002643      0x2f9 D:\WIZnet\__Purple\___LPCXpresso_Workspace\lpc_chip_11exx\Debug\liblpc_chip_11exx.a(iocon_11xx.o)
 .debug_line    0x0000293c      0x780 D:\WIZnet\__Purple\___LPCXpresso_Workspace\lpc_chip_11exx\Debug\liblpc_chip_11exx.a(ssp_11xx.o)
 .debug_line    0x000030bc      0x333 D:\WIZnet\__Purple\___LPCXpresso_Workspace\lpc_chip_11exx\Debug\liblpc_chip_11exx.a(sysctl_11xx.o)
 .debug_line    0x000033ef      0x384 D:\WIZnet\__Purple\___LPCXpresso_Workspace\lpc_chip_11exx\Debug\liblpc_chip_11exx.a(timer_11xx.o)
 .debug_line    0x00003773      0x57e D:\WIZnet\__Purple\___LPCXpresso_Workspace\lpc_chip_11exx\Debug\liblpc_chip_11exx.a(uart_11xx.o)
 .debug_line    0x00003cf1      0x648 D:\WIZnet\__Purple\___LPCXpresso_Workspace\ioLibrary\Debug\libioLibrary.a(dns.o)
 .debug_line    0x00004339      0x4b2 D:\WIZnet\__Purple\___LPCXpresso_Workspace\ioLibrary\Debug\libioLibrary.a(w5500.o)
 .debug_line    0x000047eb      0x842 D:\WIZnet\__Purple\___LPCXpresso_Workspace\ioLibrary\Debug\libioLibrary.a(socket.o)
 .debug_line    0x0000502d      0x782 D:\WIZnet\__Purple\___LPCXpresso_Workspace\ioLibrary\Debug\libioLibrary.a(wizchip_conf.o)

.debug_info     0x00000000     0x818d
 .debug_info    0x00000000       0x8e ./src/aeabi_romdiv_patch.o
 .debug_info    0x0000008e      0x280 ./src/cr_startup_lpc11exx.o
 .debug_info    0x0000030e       0x3f ./src/crp.o
 .debug_info    0x0000034d      0x9a6 ./src/main.o
 .debug_info    0x00000cf3       0xb8 ./src/sysinit.o
 .debug_info    0x00000dab      0x7df D:\WIZnet\__Purple\___LPCXpresso_Workspace\wiznet_evb_w5500evb_board\Debug\libwiznet_evb_w5500evb_board.a(board.o)
 .debug_info    0x0000158a      0x915 D:\WIZnet\__Purple\___LPCXpresso_Workspace\wiznet_evb_w5500evb_board\Debug\libwiznet_evb_w5500evb_board.a(board_sysinit.o)
 .debug_info    0x00001e9f      0x57b D:\WIZnet\__Purple\___LPCXpresso_Workspace\wiznet_evb_w5500evb_board\Debug\libwiznet_evb_w5500evb_board.a(w5500_spi.o)
 .debug_info    0x0000241a       0xc2 D:\WIZnet\__Purple\___LPCXpresso_Workspace\lpc_chip_11exx\Debug\liblpc_chip_11exx.a(chip_11xx.o)
 .debug_info    0x000024dc      0x86f D:\WIZnet\__Purple\___LPCXpresso_Workspace\lpc_chip_11exx\Debug\liblpc_chip_11exx.a(clock_11xx.o)
 .debug_info    0x00002d4b      0x96f D:\WIZnet\__Purple\___LPCXpresso_Workspace\lpc_chip_11exx\Debug\liblpc_chip_11exx.a(gpio_11xx_1.o)
 .debug_info    0x000036ba      0x155 D:\WIZnet\__Purple\___LPCXpresso_Workspace\lpc_chip_11exx\Debug\liblpc_chip_11exx.a(iocon_11xx.o)
 .debug_info    0x0000380f     0x10c0 D:\WIZnet\__Purple\___LPCXpresso_Workspace\lpc_chip_11exx\Debug\liblpc_chip_11exx.a(ssp_11xx.o)
 .debug_info    0x000048cf      0x583 D:\WIZnet\__Purple\___LPCXpresso_Workspace\lpc_chip_11exx\Debug\liblpc_chip_11exx.a(sysctl_11xx.o)
 .debug_info    0x00004e52      0x81b D:\WIZnet\__Purple\___LPCXpresso_Workspace\lpc_chip_11exx\Debug\liblpc_chip_11exx.a(timer_11xx.o)
 .debug_info    0x0000566d      0xea4 D:\WIZnet\__Purple\___LPCXpresso_Workspace\lpc_chip_11exx\Debug\liblpc_chip_11exx.a(uart_11xx.o)
 .debug_info    0x00006511      0x5db D:\WIZnet\__Purple\___LPCXpresso_Workspace\ioLibrary\Debug\libioLibrary.a(dns.o)
 .debug_info    0x00006aec      0x56e D:\WIZnet\__Purple\___LPCXpresso_Workspace\ioLibrary\Debug\libioLibrary.a(w5500.o)
 .debug_info    0x0000705a      0x624 D:\WIZnet\__Purple\___LPCXpresso_Workspace\ioLibrary\Debug\libioLibrary.a(socket.o)
 .debug_info    0x0000767e      0xb0f D:\WIZnet\__Purple\___LPCXpresso_Workspace\ioLibrary\Debug\libioLibrary.a(wizchip_conf.o)

.debug_abbrev   0x00000000     0x1cf9
 .debug_abbrev  0x00000000       0x12 ./src/aeabi_romdiv_patch.o
 .debug_abbrev  0x00000012      0x10d ./src/cr_startup_lpc11exx.o
 .debug_abbrev  0x0000011f       0x36 ./src/crp.o
 .debug_abbrev  0x00000155      0x2bc ./src/main.o
 .debug_abbrev  0x00000411       0x6a ./src/sysinit.o
 .debug_abbrev  0x0000047b      0x204 D:\WIZnet\__Purple\___LPCXpresso_Workspace\wiznet_evb_w5500evb_board\Debug\libwiznet_evb_w5500evb_board.a(board.o)
 .debug_abbrev  0x0000067f      0x1cb D:\WIZnet\__Purple\___LPCXpresso_Workspace\wiznet_evb_w5500evb_board\Debug\libwiznet_evb_w5500evb_board.a(board_sysinit.o)
 .debug_abbrev  0x0000084a      0x1e4 D:\WIZnet\__Purple\___LPCXpresso_Workspace\wiznet_evb_w5500evb_board\Debug\libwiznet_evb_w5500evb_board.a(w5500_spi.o)
 .debug_abbrev  0x00000a2e       0x7b D:\WIZnet\__Purple\___LPCXpresso_Workspace\lpc_chip_11exx\Debug\liblpc_chip_11exx.a(chip_11xx.o)
 .debug_abbrev  0x00000aa9      0x1bc D:\WIZnet\__Purple\___LPCXpresso_Workspace\lpc_chip_11exx\Debug\liblpc_chip_11exx.a(clock_11xx.o)
 .debug_abbrev  0x00000c65      0x173 D:\WIZnet\__Purple\___LPCXpresso_Workspace\lpc_chip_11exx\Debug\liblpc_chip_11exx.a(gpio_11xx_1.o)
 .debug_abbrev  0x00000dd8       0xc8 D:\WIZnet\__Purple\___LPCXpresso_Workspace\lpc_chip_11exx\Debug\liblpc_chip_11exx.a(iocon_11xx.o)
 .debug_abbrev  0x00000ea0      0x2b0 D:\WIZnet\__Purple\___LPCXpresso_Workspace\lpc_chip_11exx\Debug\liblpc_chip_11exx.a(ssp_11xx.o)
 .debug_abbrev  0x00001150       0xce D:\WIZnet\__Purple\___LPCXpresso_Workspace\lpc_chip_11exx\Debug\liblpc_chip_11exx.a(sysctl_11xx.o)
 .debug_abbrev  0x0000121e      0x191 D:\WIZnet\__Purple\___LPCXpresso_Workspace\lpc_chip_11exx\Debug\liblpc_chip_11exx.a(timer_11xx.o)
 .debug_abbrev  0x000013af      0x201 D:\WIZnet\__Purple\___LPCXpresso_Workspace\lpc_chip_11exx\Debug\liblpc_chip_11exx.a(uart_11xx.o)
 .debug_abbrev  0x000015b0      0x1c5 D:\WIZnet\__Purple\___LPCXpresso_Workspace\ioLibrary\Debug\libioLibrary.a(dns.o)
 .debug_abbrev  0x00001775      0x176 D:\WIZnet\__Purple\___LPCXpresso_Workspace\ioLibrary\Debug\libioLibrary.a(w5500.o)
 .debug_abbrev  0x000018eb      0x150 D:\WIZnet\__Purple\___LPCXpresso_Workspace\ioLibrary\Debug\libioLibrary.a(socket.o)
 .debug_abbrev  0x00001a3b      0x2be D:\WIZnet\__Purple\___LPCXpresso_Workspace\ioLibrary\Debug\libioLibrary.a(wizchip_conf.o)

.debug_aranges  0x00000000      0x948
 .debug_aranges
                0x00000000       0x28 ./src/aeabi_romdiv_patch.o
 .debug_aranges
                0x00000028       0x60 ./src/cr_startup_lpc11exx.o
 .debug_aranges
                0x00000088       0x18 ./src/crp.o
 .debug_aranges
                0x000000a0       0xa0 ./src/main.o
 .debug_aranges
                0x00000140       0x20 ./src/sysinit.o
 .debug_aranges
                0x00000160       0xc0 D:\WIZnet\__Purple\___LPCXpresso_Workspace\wiznet_evb_w5500evb_board\Debug\libwiznet_evb_w5500evb_board.a(board.o)
 .debug_aranges
                0x00000220       0x58 D:\WIZnet\__Purple\___LPCXpresso_Workspace\wiznet_evb_w5500evb_board\Debug\libwiznet_evb_w5500evb_board.a(board_sysinit.o)
 .debug_aranges
                0x00000278       0x70 D:\WIZnet\__Purple\___LPCXpresso_Workspace\wiznet_evb_w5500evb_board\Debug\libwiznet_evb_w5500evb_board.a(w5500_spi.o)
 .debug_aranges
                0x000002e8       0x20 D:\WIZnet\__Purple\___LPCXpresso_Workspace\lpc_chip_11exx\Debug\liblpc_chip_11exx.a(chip_11xx.o)
 .debug_aranges
                0x00000308       0x88 D:\WIZnet\__Purple\___LPCXpresso_Workspace\lpc_chip_11exx\Debug\liblpc_chip_11exx.a(clock_11xx.o)
 .debug_aranges
                0x00000390       0x78 D:\WIZnet\__Purple\___LPCXpresso_Workspace\lpc_chip_11exx\Debug\liblpc_chip_11exx.a(gpio_11xx_1.o)
 .debug_aranges
                0x00000408       0x20 D:\WIZnet\__Purple\___LPCXpresso_Workspace\lpc_chip_11exx\Debug\liblpc_chip_11exx.a(iocon_11xx.o)
 .debug_aranges
                0x00000428      0x140 D:\WIZnet\__Purple\___LPCXpresso_Workspace\lpc_chip_11exx\Debug\liblpc_chip_11exx.a(ssp_11xx.o)
 .debug_aranges
                0x00000568       0x38 D:\WIZnet\__Purple\___LPCXpresso_Workspace\lpc_chip_11exx\Debug\liblpc_chip_11exx.a(sysctl_11xx.o)
 .debug_aranges
                0x000005a0       0x50 D:\WIZnet\__Purple\___LPCXpresso_Workspace\lpc_chip_11exx\Debug\liblpc_chip_11exx.a(timer_11xx.o)
 .debug_aranges
                0x000005f0       0xf0 D:\WIZnet\__Purple\___LPCXpresso_Workspace\lpc_chip_11exx\Debug\liblpc_chip_11exx.a(uart_11xx.o)
 .debug_aranges
                0x000006e0       0x70 D:\WIZnet\__Purple\___LPCXpresso_Workspace\ioLibrary\Debug\libioLibrary.a(dns.o)
 .debug_aranges
                0x00000750       0x60 D:\WIZnet\__Purple\___LPCXpresso_Workspace\ioLibrary\Debug\libioLibrary.a(w5500.o)
 .debug_aranges
                0x000007b0       0x78 D:\WIZnet\__Purple\___LPCXpresso_Workspace\ioLibrary\Debug\libioLibrary.a(socket.o)
 .debug_aranges
                0x00000828      0x120 D:\WIZnet\__Purple\___LPCXpresso_Workspace\ioLibrary\Debug\libioLibrary.a(wizchip_conf.o)

.debug_ranges   0x00000000      0x808
 .debug_ranges  0x00000000       0x20 ./src/aeabi_romdiv_patch.o
 .debug_ranges  0x00000020       0x50 ./src/cr_startup_lpc11exx.o
 .debug_ranges  0x00000070       0x90 ./src/main.o
 .debug_ranges  0x00000100       0x10 ./src/sysinit.o
 .debug_ranges  0x00000110       0xb0 D:\WIZnet\__Purple\___LPCXpresso_Workspace\wiznet_evb_w5500evb_board\Debug\libwiznet_evb_w5500evb_board.a(board.o)
 .debug_ranges  0x000001c0       0x48 D:\WIZnet\__Purple\___LPCXpresso_Workspace\wiznet_evb_w5500evb_board\Debug\libwiznet_evb_w5500evb_board.a(board_sysinit.o)
 .debug_ranges  0x00000208       0x60 D:\WIZnet\__Purple\___LPCXpresso_Workspace\wiznet_evb_w5500evb_board\Debug\libwiznet_evb_w5500evb_board.a(w5500_spi.o)
 .debug_ranges  0x00000268       0x10 D:\WIZnet\__Purple\___LPCXpresso_Workspace\lpc_chip_11exx\Debug\liblpc_chip_11exx.a(chip_11xx.o)
 .debug_ranges  0x00000278       0x78 D:\WIZnet\__Purple\___LPCXpresso_Workspace\lpc_chip_11exx\Debug\liblpc_chip_11exx.a(clock_11xx.o)
 .debug_ranges  0x000002f0       0x68 D:\WIZnet\__Purple\___LPCXpresso_Workspace\lpc_chip_11exx\Debug\liblpc_chip_11exx.a(gpio_11xx_1.o)
 .debug_ranges  0x00000358       0x10 D:\WIZnet\__Purple\___LPCXpresso_Workspace\lpc_chip_11exx\Debug\liblpc_chip_11exx.a(iocon_11xx.o)
 .debug_ranges  0x00000368      0x130 D:\WIZnet\__Purple\___LPCXpresso_Workspace\lpc_chip_11exx\Debug\liblpc_chip_11exx.a(ssp_11xx.o)
 .debug_ranges  0x00000498       0x28 D:\WIZnet\__Purple\___LPCXpresso_Workspace\lpc_chip_11exx\Debug\liblpc_chip_11exx.a(sysctl_11xx.o)
 .debug_ranges  0x000004c0       0x40 D:\WIZnet\__Purple\___LPCXpresso_Workspace\lpc_chip_11exx\Debug\liblpc_chip_11exx.a(timer_11xx.o)
 .debug_ranges  0x00000500       0xe0 D:\WIZnet\__Purple\___LPCXpresso_Workspace\lpc_chip_11exx\Debug\liblpc_chip_11exx.a(uart_11xx.o)
 .debug_ranges  0x000005e0       0x60 D:\WIZnet\__Purple\___LPCXpresso_Workspace\ioLibrary\Debug\libioLibrary.a(dns.o)
 .debug_ranges  0x00000640       0x50 D:\WIZnet\__Purple\___LPCXpresso_Workspace\ioLibrary\Debug\libioLibrary.a(w5500.o)
 .debug_ranges  0x00000690       0x68 D:\WIZnet\__Purple\___LPCXpresso_Workspace\ioLibrary\Debug\libioLibrary.a(socket.o)
 .debug_ranges  0x000006f8      0x110 D:\WIZnet\__Purple\___LPCXpresso_Workspace\ioLibrary\Debug\libioLibrary.a(wizchip_conf.o)

.debug_loc      0x00000000      0x1ce
 .debug_loc     0x00000000      0x1ce ./src/cr_startup_lpc11exx.o

.debug_macro    0x00000000     0x5eed
 .debug_macro   0x00000000       0x23 ./src/cr_startup_lpc11exx.o
 .debug_macro   0x00000023      0x82c ./src/cr_startup_lpc11exx.o
 .debug_macro   0x0000084f       0x1a ./src/crp.o
 .debug_macro   0x00000869      0x826 ./src/crp.o
 .debug_macro   0x0000108f       0x34 ./src/crp.o
 .debug_macro   0x000010c3      0x220 ./src/main.o
 .debug_macro   0x000012e3       0x10 ./src/main.o
 .debug_macro   0x000012f3      0x122 ./src/main.o
 .debug_macro   0x00001415      0x5b9 ./src/main.o
 .debug_macro   0x000019ce       0x22 ./src/main.o
 .debug_macro   0x000019f0       0x7b ./src/main.o
 .debug_macro   0x00001a6b       0x10 ./src/main.o
 .debug_macro   0x00001a7b       0x1f ./src/main.o
 .debug_macro   0x00001a9a       0x3a ./src/main.o
 .debug_macro   0x00001ad4       0x1f ./src/main.o
 .debug_macro   0x00001af3      0x242 ./src/main.o
 .debug_macro   0x00001d35      0x12c ./src/main.o
 .debug_macro   0x00001e61       0x2e ./src/main.o
 .debug_macro   0x00001e8f       0xd5 ./src/main.o
 .debug_macro   0x00001f64       0x10 ./src/main.o
 .debug_macro   0x00001f74      0x137 ./src/main.o
 .debug_macro   0x000020ab       0x4c ./src/main.o
 .debug_macro   0x000020f7       0x16 ./src/main.o
 .debug_macro   0x0000210d      0x31a ./src/main.o
 .debug_macro   0x00002427       0x4f ./src/main.o
 .debug_macro   0x00002476       0xb8 ./src/main.o
 .debug_macro   0x0000252e       0x18 ./src/main.o
 .debug_macro   0x00002546       0xca ./src/main.o
 .debug_macro   0x00002610       0x7c ./src/main.o
 .debug_macro   0x0000268c       0x1c ./src/main.o
 .debug_macro   0x000026a8       0x40 ./src/main.o
 .debug_macro   0x000026e8      0x18a ./src/main.o
 .debug_macro   0x00002872       0x88 ./src/main.o
 .debug_macro   0x000028fa       0x40 ./src/main.o
 .debug_macro   0x0000293a       0x2e ./src/main.o
 .debug_macro   0x00002968       0x28 ./src/main.o
 .debug_macro   0x00002990       0x9a ./src/main.o
 .debug_macro   0x00002a2a       0x20 ./src/main.o
 .debug_macro   0x00002a4a       0x76 ./src/main.o
 .debug_macro   0x00002ac0       0x46 ./src/main.o
 .debug_macro   0x00002b06      0x5e0 ./src/main.o
 .debug_macro   0x000030e6       0x66 ./src/main.o
 .debug_macro   0x0000314c       0x2e ./src/main.o
 .debug_macro   0x0000317a      0x1af ./src/sysinit.o
 .debug_macro   0x00003329      0x1da D:\WIZnet\__Purple\___LPCXpresso_Workspace\wiznet_evb_w5500evb_board\Debug\libwiznet_evb_w5500evb_board.a(board.o)