Archive member included because of file (symbol)

D:\WIZnet\__Purple\___LPCXpresso_Workspace\wiznet_evb_w5500evb_board\Debug\libwiznet_evb_w5500evb_board.a(board.o)
                              ./src/userHandler.o (dio_pins)
D:\WIZnet\__Purple\___LPCXpresso_Workspace\wiznet_evb_w5500evb_board\Debug\libwiznet_evb_w5500evb_board.a(board_sysinit.o)
                              ./src/sysinit.o (Board_SystemInit)
D:\WIZnet\__Purple\___LPCXpresso_Workspace\wiznet_evb_w5500evb_board\Debug\libwiznet_evb_w5500evb_board.a(w5500_spi.o)
                              ./src/main.o (SPI_Init)
D:\WIZnet\__Purple\___LPCXpresso_Workspace\lpc_chip_11exx\Debug\liblpc_chip_11exx.a(adc_11xx.o)
                              ./src/adcHandler.o (Chip_ADC_Init)
D:\WIZnet\__Purple\___LPCXpresso_Workspace\lpc_chip_11exx\Debug\liblpc_chip_11exx.a(chip_11xx.o)
                              ./src/main.o (SystemCoreClock)
D:\WIZnet\__Purple\___LPCXpresso_Workspace\lpc_chip_11exx\Debug\liblpc_chip_11exx.a(clock_11xx.o)
                              D:\WIZnet\__Purple\___LPCXpresso_Workspace\wiznet_evb_w5500evb_board\Debug\libwiznet_evb_w5500evb_board.a(board_sysinit.o) (Chip_Clock_SetSystemPLLSource)
D:\WIZnet\__Purple\___LPCXpresso_Workspace\lpc_chip_11exx\Debug\liblpc_chip_11exx.a(gpio_11xx_1.o)
                              D:\WIZnet\__Purple\___LPCXpresso_Workspace\wiznet_evb_w5500evb_board\Debug\libwiznet_evb_w5500evb_board.a(board.o) (Chip_GPIO_Init)
D:\WIZnet\__Purple\___LPCXpresso_Workspace\lpc_chip_11exx\Debug\liblpc_chip_11exx.a(iocon_11xx.o)
                              ./src/adcHandler.o (Chip_IOCON_PinMuxSet)
D:\WIZnet\__Purple\___LPCXpresso_Workspace\lpc_chip_11exx\Debug\liblpc_chip_11exx.a(ssp_11xx.o)
                              D:\WIZnet\__Purple\___LPCXpresso_Workspace\wiznet_evb_w5500evb_board\Debug\libwiznet_evb_w5500evb_board.a(w5500_spi.o) (Chip_SSP_WriteFrames_Blocking)
D:\WIZnet\__Purple\___LPCXpresso_Workspace\lpc_chip_11exx\Debug\liblpc_chip_11exx.a(sysctl_11xx.o)
                              D:\WIZnet\__Purple\___LPCXpresso_Workspace\wiznet_evb_w5500evb_board\Debug\libwiznet_evb_w5500evb_board.a(board_sysinit.o) (Chip_SYSCTL_PowerDown)
D:\WIZnet\__Purple\___LPCXpresso_Workspace\lpc_chip_11exx\Debug\liblpc_chip_11exx.a(timer_11xx.o)
                              ./src/main.o (Chip_TIMER_Init)
D:\WIZnet\__Purple\___LPCXpresso_Workspace\lpc_chip_11exx\Debug\liblpc_chip_11exx.a(uart_11xx.o)
                              D:\WIZnet\__Purple\___LPCXpresso_Workspace\wiznet_evb_w5500evb_board\Debug\libwiznet_evb_w5500evb_board.a(board.o) (Chip_UART_Init)
D:\WIZnet\__Purple\___LPCXpresso_Workspace\lpc_chip_11exx\Debug\liblpc_chip_11exx.a(ring_buffer.o)
                              D:\WIZnet\__Purple\___LPCXpresso_Workspace\lpc_chip_11exx\Debug\liblpc_chip_11exx.a(uart_11xx.o) (RingBuffer_Insert)
D:\WIZnet\__Purple\___LPCXpresso_Workspace\ioLibrary\Debug\libioLibrary.a(httpParser.o)
                              ./src/userHandler.o (get_http_param_value)
D:\WIZnet\__Purple\___LPCXpresso_Workspace\ioLibrary\Debug\libioLibrary.a(httpServer.o)
                              ./src/main.o (httpServer_init)
D:\WIZnet\__Purple\___LPCXpresso_Workspace\ioLibrary\Debug\libioLibrary.a(httpUtil.o)
                              D:\WIZnet\__Purple\___LPCXpresso_Workspace\ioLibrary\Debug\libioLibrary.a(httpServer.o) (http_get_cgi_handler)
D:\WIZnet\__Purple\___LPCXpresso_Workspace\ioLibrary\Debug\libioLibrary.a(w5500.o)
                              D:\WIZnet\__Purple\___LPCXpresso_Workspace\ioLibrary\Debug\libioLibrary.a(httpServer.o) (WIZCHIP_READ)
D:\WIZnet\__Purple\___LPCXpresso_Workspace\ioLibrary\Debug\libioLibrary.a(socket.o)
                              D:\WIZnet\__Purple\___LPCXpresso_Workspace\ioLibrary\Debug\libioLibrary.a(httpServer.o) (socket)
D:\WIZnet\__Purple\___LPCXpresso_Workspace\ioLibrary\Debug\libioLibrary.a(wizchip_conf.o)
                              D:\WIZnet\__Purple\___LPCXpresso_Workspace\ioLibrary\Debug\libioLibrary.a(w5500.o) (WIZCHIP)
c:/nxp/lpcxpresso_7.0.0_92/lpcxpresso/tools/bin/../lib/gcc/arm-none-eabi/4.8.3/../../../../arm-none-eabi/lib/armv6-m\libcr_nohost.a(_cr__main.o)
                              ./src/cr_startup_lpc11exx.o (__main)
c:/nxp/lpcxpresso_7.0.0_92/lpcxpresso/tools/bin/../lib/gcc/arm-none-eabi/4.8.3/../../../../arm-none-eabi/lib/armv6-m\libcr_c.a(memcpy.o)
                              D:\WIZnet\__Purple\___LPCXpresso_Workspace\wiznet_evb_w5500evb_board\Debug\libwiznet_evb_w5500evb_board.a(w5500_spi.o) (memcpy)
c:/nxp/lpcxpresso_7.0.0_92/lpcxpresso/tools/bin/../lib/gcc/arm-none-eabi/4.8.3/../../../../arm-none-eabi/lib/armv6-m\libcr_c.a(memset.o)
                              ./src/userHandler.o (memset)
c:/nxp/lpcxpresso_7.0.0_92/lpcxpresso/tools/bin/../lib/gcc/arm-none-eabi/4.8.3/../../../../arm-none-eabi/lib/armv6-m\libcr_c.a(alloc.o)
                              D:\WIZnet\__Purple\___LPCXpresso_Workspace\ioLibrary\Debug\libioLibrary.a(httpServer.o) (malloc)
[...]
Memory Configuration

Name             Origin             Length             Attributes
MFlash96         0x00000000         0x00018000         xr
RamLoc8          0x10000000         0x00002000         xrw
RamPeriph2       0x20000000         0x00000800         xrw
SRAM1_2          0x20004000         0x00000800         xrw
*default*        0x00000000         0xffffffff

Linker script and memory map

LOAD ./src/adcHandler.o
LOAD ./src/aeabi_romdiv_patch.o
LOAD ./src/cr_startup_lpc11exx.o
LOAD ./src/crp.o
LOAD ./src/main.o
LOAD ./src/sysinit.o
LOAD ./src/userHandler.o
LOAD ./src/webpage.o
LOAD D:\WIZnet\__Purple\___LPCXpresso_Workspace\wiznet_evb_w5500evb_board\Debug\libwiznet_evb_w5500evb_board.a
LOAD D:\WIZnet\__Purple\___LPCXpresso_Workspace\lpc_chip_11exx\Debug\liblpc_chip_11exx.a
LOAD D:\WIZnet\__Purple\___LPCXpresso_Workspace\ioLibrary\Debug\libioLibrary.a
START GROUP
LOAD c:/nxp/lpcxpresso_7.0.0_92/lpcxpresso/tools/bin/../lib/gcc/arm-none-eabi/4.8.3/../../../../arm-none-eabi/lib/armv6-m\libcr_nohost.a
LOAD c:/nxp/lpcxpresso_7.0.0_92/lpcxpresso/tools/bin/../lib/gcc/arm-none-eabi/4.8.3/../../../../arm-none-eabi/lib/armv6-m\libcr_c.a
LOAD c:/nxp/lpcxpresso_7.0.0_92/lpcxpresso/tools/bin/../lib/gcc/arm-none-eabi/4.8.3/armv6-m\libcr_eabihelpers.a
END GROUP
                0x00018000                __top_MFlash96 = 0x18000
                0x10002000                __top_RamLoc8 = 0x10002000
                0x20000800                __top_RamPeriph2 = 0x20000800
                0x20004800                __top_SRAM1_2 = 0x20004800

.text           0x00000000     0xb538
 FILL mask 0xff
                0x00000000                __vectors_start__ = ABSOLUTE (.)
 *(.isr_vector)
 .isr_vector    0x00000000       0xc0 ./src/cr_startup_lpc11exx.o
                0x00000000                g_pfnVectors
                0x000000c0                . = ALIGN (0x4)
                0x000000c0                __section_table_start = .
                0x000000c0                __data_section_table = .
                0x000000c0        0x4 LONG 0xb538 LOADADDR (.data)
                0x000000c4        0x4 LONG 0x10000000 ADDR (.data)
                0x000000c8        0x4 LONG 0x164 SIZEOF (.data)
                0x000000cc        0x4 LONG 0xb538 LOADADDR (.data_RAM2)
                0x000000d0        0x4 LONG 0x20000000 ADDR (.data_RAM2)
                0x000000d4        0x4 LONG 0x0 SIZEOF (.data_RAM2)
                0x000000d8        0x4 LONG 0xb538 LOADADDR (.data_RAM3)
                0x000000dc        0x4 LONG 0x20004000 ADDR (.data_RAM3)
                0x000000e0        0x4 LONG 0x0 SIZEOF (.data_RAM3)
                0x000000e4                __data_section_table_end = .
                0x000000e4                __bss_section_table = .
                0x000000e4        0x4 LONG 0x10000164 ADDR (.bss)
                0x000000e8        0x4 LONG 0x13bc SIZEOF (.bss)
                0x000000ec        0x4 LONG 0x20000000 ADDR (.bss_RAM2)
                0x000000f0        0x4 LONG 0x0 SIZEOF (.bss_RAM2)
                0x000000f4        0x4 LONG 0x20004000 ADDR (.bss_RAM3)
                0x000000f8        0x4 LONG 0x0 SIZEOF (.bss_RAM3)
                0x000000fc                __bss_section_table_end = .
                0x000000fc                __section_table_end = .
 *(.after_vectors*)
 .after_vectors
                0x000000fc       0xa0 ./src/cr_startup_lpc11exx.o
                0x000000fc                NMI_Handler
                0x000000fe                HardFault_Handler
                0x00000100                SVC_Handler
                0x00000102                PendSV_Handler
                0x00000106                UART_IRQHandler
                0x00000106                FLEX_INT7_IRQHandler
                0x00000106                FMC_IRQHandler
                0x00000106                TIMER32_1_IRQHandler
                0x00000106                FLEX_INT1_IRQHandler
                0x00000106                IntDefaultHandler
                0x00000106                SSP0_IRQHandler
                0x00000106                FLEX_INT6_IRQHandler
                0x00000106                FLEX_INT0_IRQHandler
                0x00000106                FLEX_INT2_IRQHandler
                0x00000106                TIMER16_1_IRQHandler
                0x00000106                FLEX_INT5_IRQHandler
                0x00000106                ADC_IRQHandler
                0x00000106                SSP1_IRQHandler
                0x00000106                FLEX_INT3_IRQHandler
                0x00000106                BOD_IRQHandler
                0x00000106                I2C_IRQHandler
                0x00000106                WDT_IRQHandler
                0x00000106                TIMER16_0_IRQHandler
                0x00000106                GINT0_IRQHandler
                0x00000106                FLEX_INT4_IRQHandler
                0x00000106                GINT1_IRQHandler
                0x00000108                data_init
                0x0000011a                bss_init
                0x0000012a                ResetISR
                0x000002fc                . = 0x2fc
 *fill*         0x0000019c      0x160 ff
                0x000002fc                PROVIDE (__CRP_WORD_START__, .)
 *(.crp)
 .crp           0x000002fc        0x4 ./src/crp.o
                0x000002fc                CRP_WORD
                0x00000300                PROVIDE (__CRP_WORD_END__, .)
                0x00000001                ASSERT (! ((__CRP_WORD_START__ == __CRP_WORD_END__)), Linker CRP Enabled, but no CRP_WORD provided within application)
 *(.text*)
 .text.ADC_Init
                0x00000300      0x12c ./src/adcHandler.o
                0x00000300                ADC_Init
 .text.get_ADC_val
                0x0000042c       0xc4 ./src/adcHandler.o
                0x0000042c                get_ADC_val
 .text.__aeabi_idiv
                0x000004f0       0x10 ./src/aeabi_romdiv_patch.o
                0x000004f0                __aeabi_idivmod
                0x000004f0                __aeabi_idiv
 .text.__aeabi_uidiv
                0x00000500       0x10 ./src/aeabi_romdiv_patch.o
                0x00000500                __aeabi_uidivmod
                0x00000500                __aeabi_uidiv
 .text.NVIC_EnableIRQ
                0x00000510       0x2c ./src/main.o
 .text.NVIC_ClearPendingIRQ
                0x0000053c       0x34 ./src/main.o
 .text.NVIC_SetPriority
                0x00000570       0xe0 ./src/main.o
 .text.NVIC_SystemReset
                0x00000650       0x1c ./src/main.o
 .text.SysTick_Config
                0x0000066c       0x48 ./src/main.o
 .text.Chip_TIMER_MatchPending
                0x000006b4       0x34 ./src/main.o
 .text.Chip_TIMER_ClearMatch
                0x000006e8       0x28 ./src/main.o
 .text.Chip_TIMER_Enable
                0x00000710       0x1c ./src/main.o
 .text.Chip_TIMER_SetMatch
                0x0000072c       0x2c ./src/main.o
 .text.Chip_TIMER_MatchEnableInt
                0x00000758       0x34 ./src/main.o
 .text.Chip_TIMER_ResetOnMatchEnable
                0x0000078c       0x38 ./src/main.o
 .text.main     0x000007c4      0x24c ./src/main.o
                0x000007c4                main
 .text.Net_Conf
                0x00000a10       0x18 ./src/main.o
 .text.Display_Net_Conf
                0x00000a28       0xfc ./src/main.o
 .text.PHYStatus_Check
                0x00000b24       0x4c ./src/main.o
 .text.Check_Buttons_Pressed
                0x00000b70       0x60 ./src/main.o
 .text.SysTick_Handler
                0x00000bd0      0x154 ./src/main.o
                0x00000bd0                SysTick_Handler
 .text.TIMER32_0_IRQHandler
                0x00000d24       0x2c ./src/main.o
                0x00000d24                TIMER32_0_IRQHandler
 .text.Timer32_0_Init
                0x00000d50       0x68 ./src/main.o
                0x00000d50                Timer32_0_Init
 .text.SystemInit
                0x00000db8        0xc ./src/sysinit.o
                0x00000db8                SystemInit
 .text.Chip_GPIO_SetPinState
                0x00000dc4       0x34 ./src/userHandler.o
 .text.Chip_GPIO_GetPinState
                0x00000df8       0x30 ./src/userHandler.o
 .text.Chip_GPIO_SetPinDIROutput
                0x00000e28       0x44 ./src/userHandler.o
 .text.Chip_GPIO_SetPinDIRInput
                0x00000e6c       0x48 ./src/userHandler.o
 .text.Chip_GPIO_GetPinDIR
                0x00000eb4       0x38 ./src/userHandler.o
 .text.predefined_get_cgi_processor
                0x00000eec      0x184 ./src/userHandler.o
                0x00000eec                predefined_get_cgi_processor
 .text.predefined_set_cgi_processor
                0x00001070       0xdc ./src/userHandler.o
                0x00001070                predefined_set_cgi_processor
 .text.make_json_dio
                0x0000114c       0x94 ./src/userHandler.o
                0x0000114c                make_json_dio
 .text.make_json_ain
                0x000011e0       0x40 ./src/userHandler.o
                0x000011e0                make_json_ain
 .text.set_diodir
                0x00001220       0xfc ./src/userHandler.o
                0x00001220                set_diodir
 .text.set_diostate
                0x0000131c      0x100 ./src/userHandler.o
                0x0000131c                set_diostate
 .text.Chip_UART_TXEnable
                0x0000141c       0x14 D:\WIZnet\__Purple\___LPCXpresso_Workspace\wiznet_evb_w5500evb_board\Debug\libwiznet_evb_w5500evb_board.a(board.o)
 .text.Chip_UART_SetupFIFOS
                0x00001430       0x18 D:\WIZnet\__Purple\___LPCXpresso_Workspace\wiznet_evb_w5500evb_board\Debug\libwiznet_evb_w5500evb_board.a(board.o)
 .text.Chip_UART_ConfigData
                0x00001448       0x18 D:\WIZnet\__Purple\___LPCXpresso_Workspace\wiznet_evb_w5500evb_board\Debug\libwiznet_evb_w5500evb_board.a(board.o)
 .text.Chip_GPIO_SetPinState
                0x00001460       0x34 D:\WIZnet\__Purple\___LPCXpresso_Workspace\wiznet_evb_w5500evb_board\Debug\libwiznet_evb_w5500evb_board.a(board.o)
 .text.Chip_GPIO_GetPinState
                0x00001494       0x30 D:\WIZnet\__Purple\___LPCXpresso_Workspace\wiznet_evb_w5500evb_board\Debug\libwiznet_evb_w5500evb_board.a(board.o)
 .text.Chip_GPIO_SetPinDIROutput
                0x000014c4       0x44 D:\WIZnet\__Purple\___LPCXpresso_Workspace\wiznet_evb_w5500evb_board\Debug\libwiznet_evb_w5500evb_board.a(board.o)
 .text.Chip_GPIO_SetPinDIRInput
                0x00001508       0x48 D:\WIZnet\__Purple\___LPCXpresso_Workspace\wiznet_evb_w5500evb_board\Debug\libwiznet_evb_w5500evb_board.a(board.o)
 .text.__sys_write
                0x00001550       0x38 D:\WIZnet\__Purple\___LPCXpresso_Workspace\wiznet_evb_w5500evb_board\Debug\libwiznet_evb_w5500evb_board.a(board.o)
                0x00001550                __sys_write
 .text.Board_UARTPutChar
                0x00001588       0x24 D:\WIZnet\__Purple\___LPCXpresso_Workspace\wiznet_evb_w5500evb_board\Debug\libwiznet_evb_w5500evb_board.a(board.o)
                0x00001588                Board_UARTPutChar
 .text.Board_Debug_Init
                0x000015ac       0x60 D:\WIZnet\__Purple\___LPCXpresso_Workspace\wiznet_evb_w5500evb_board\Debug\libwiznet_evb_w5500evb_board.a(board.o)
                0x000015ac                Board_Debug_Init
 .text.Board_LED_Init
                0x0000160c       0x64 D:\WIZnet\__Purple\___LPCXpresso_Workspace\wiznet_evb_w5500evb_board\Debug\libwiznet_evb_w5500evb_board.a(board.o)
 .text.Board_LED_Set
                0x00001670       0x58 D:\WIZnet\__Purple\___LPCXpresso_Workspace\wiznet_evb_w5500evb_board\Debug\libwiznet_evb_w5500evb_board.a(board.o)
                0x00001670                Board_LED_Set
 .text.Board_Init
                0x000016c8       0x34 D:\WIZnet\__Purple\___LPCXpresso_Workspace\wiznet_evb_w5500evb_board\Debug\libwiznet_evb_w5500evb_board.a(board.o)
                0x000016c8                Board_Init
 .text.Board_Buttons_Init
                0x000016fc       0x24 D:\WIZnet\__Purple\___LPCXpresso_Workspace\wiznet_evb_w5500evb_board\Debug\libwiznet_evb_w5500evb_board.a(board.o)
                0x000016fc                Board_Buttons_Init
 .text.Buttons_GetStatus
                0x00001720       0x64 D:\WIZnet\__Purple\___LPCXpresso_Workspace\wiznet_evb_w5500evb_board\Debug\libwiznet_evb_w5500evb_board.a(board.o)
                0x00001720                Buttons_GetStatus
 .text.Chip_FMC_SetFLASHAccess
                0x00001784       0x2c D:\WIZnet\__Purple\___LPCXpresso_Workspace\wiznet_evb_w5500evb_board\Debug\libwiznet_evb_w5500evb_board.a(board_sysinit.o)
 .text.Chip_Clock_SetupSystemPLL
                0x000017b0       0x34 D:\WIZnet\__Purple\___LPCXpresso_Workspace\wiznet_evb_w5500evb_board\Debug\libwiznet_evb_w5500evb_board.a(board_sysinit.o)
 .text.Chip_Clock_IsSystemPLLLocked
                0x000017e4       0x1c D:\WIZnet\__Purple\___LPCXpresso_Workspace\wiznet_evb_w5500evb_board\Debug\libwiznet_evb_w5500evb_board.a(board_sysinit.o)
 .text.Chip_Clock_SetSysClockDiv
                0x00001800       0x18 D:\WIZnet\__Purple\___LPCXpresso_Workspace\wiznet_evb_w5500evb_board\Debug\libwiznet_evb_w5500evb_board.a(board_sysinit.o)
 .text.Chip_Clock_EnablePeriphClock
                0x00001818       0x30 D:\WIZnet\__Purple\___LPCXpresso_Workspace\wiznet_evb_w5500evb_board\Debug\libwiznet_evb_w5500evb_board.a(board_sysinit.o)
 .text.SystemSetupClocking
                0x00001848       0x64 D:\WIZnet\__Purple\___LPCXpresso_Workspace\wiznet_evb_w5500evb_board\Debug\libwiznet_evb_w5500evb_board.a(board_sysinit.o)
 .text.SystemSetupMuxing
                0x000018ac       0x50 D:\WIZnet\__Purple\___LPCXpresso_Workspace\wiznet_evb_w5500evb_board\Debug\libwiznet_evb_w5500evb_board.a(board_sysinit.o)
 .text.Board_SystemInit
                0x000018fc       0x18 D:\WIZnet\__Purple\___LPCXpresso_Workspace\wiznet_evb_w5500evb_board\Debug\libwiznet_evb_w5500evb_board.a(board_sysinit.o)
                0x000018fc                Board_SystemInit
 .text.Chip_SSP_Enable
                0x00001914       0x1c D:\WIZnet\__Purple\___LPCXpresso_Workspace\wiznet_evb_w5500evb_board\Debug\libwiznet_evb_w5500evb_board.a(w5500_spi.o)
 .text.Chip_SSP_SetFormat
                0x00001930       0x30 D:\WIZnet\__Purple\___LPCXpresso_Workspace\wiznet_evb_w5500evb_board\Debug\libwiznet_evb_w5500evb_board.a(w5500_spi.o)
 .text.Chip_GPIO_SetPinState
                0x00001960       0x34 D:\WIZnet\__Purple\___LPCXpresso_Workspace\wiznet_evb_w5500evb_board\Debug\libwiznet_evb_w5500evb_board.a(w5500_spi.o)
 .text.Chip_GPIO_SetPinDIROutput
                0x00001994       0x44 D:\WIZnet\__Purple\___LPCXpresso_Workspace\wiznet_evb_w5500evb_board\Debug\libwiznet_evb_w5500evb_board.a(w5500_spi.o)
 .text.Init_SSP_PinMux
                0x000019d8       0x60 D:\WIZnet\__Purple\___LPCXpresso_Workspace\wiznet_evb_w5500evb_board\Debug\libwiznet_evb_w5500evb_board.a(w5500_spi.o)
                0x000019d8                Init_SSP_PinMux
 .text.wizchip_select
                0x00001a38       0x18 D:\WIZnet\__Purple\___LPCXpresso_Workspace\wiznet_evb_w5500evb_board\Debug\libwiznet_evb_w5500evb_board.a(w5500_spi.o)
                0x00001a38                wizchip_select
 .text.wizchip_deselect
                0x00001a50       0x18 D:\WIZnet\__Purple\___LPCXpresso_Workspace\wiznet_evb_w5500evb_board\Debug\libwiznet_evb_w5500evb_board.a(w5500_spi.o)
                0x00001a50                wizchip_deselect
 .text.wizchip_read
                0x00001a68       0x24 D:\WIZnet\__Purple\___LPCXpresso_Workspace\wiznet_evb_w5500evb_board\Debug\libwiznet_evb_w5500evb_board.a(w5500_spi.o)
                0x00001a68                wizchip_read
 .text.wizchip_write
                0x00001a8c       0x24 D:\WIZnet\__Purple\___LPCXpresso_Workspace\wiznet_evb_w5500evb_board\Debug\libwiznet_evb_w5500evb_board.a(w5500_spi.o)
                0x00001a8c                wizchip_write
 .text.wizchip_readburst
                0x00001ab0       0x2c D:\WIZnet\__Purple\___LPCXpresso_Workspace\wiznet_evb_w5500evb_board\Debug\libwiznet_evb_w5500evb_board.a(w5500_spi.o)
                0x00001ab0                wizchip_readburst
 .text.wizchip_writeburst
                0x00001adc       0x2c D:\WIZnet\__Purple\___LPCXpresso_Workspace\wiznet_evb_w5500evb_board\Debug\libwiznet_evb_w5500evb_board.a(w5500_spi.o)
                0x00001adc                wizchip_writeburst
 .text.SPI_Init
                0x00001b08       0x48 D:\WIZnet\__Purple\___LPCXpresso_Workspace\wiznet_evb_w5500evb_board\Debug\libwiznet_evb_w5500evb_board.a(w5500_spi.o)
                0x00001b08                SPI_Init
 .text.W5500_Init
                0x00001b50       0xcc D:\WIZnet\__Purple\___LPCXpresso_Workspace\wiznet_evb_w5500evb_board\Debug\libwiznet_evb_w5500evb_board.a(w5500_spi.o)
                0x00001b50                W5500_Init
 .text.Chip_Clock_EnablePeriphClock
                0x00001c1c       0x30 D:\WIZnet\__Purple\___LPCXpresso_Workspace\lpc_chip_11exx\Debug\liblpc_chip_11exx.a(adc_11xx.o)
 .text.getFullConvClk
                0x00001c4c        0xc D:\WIZnet\__Purple\___LPCXpresso_Workspace\lpc_chip_11exx\Debug\liblpc_chip_11exx.a(adc_11xx.o)
 .text.getClkDiv
                0x00001c58       0x74 D:\WIZnet\__Purple\___LPCXpresso_Workspace\lpc_chip_11exx\Debug\liblpc_chip_11exx.a(adc_11xx.o)
 .text.setStartMode
                0x00001ccc       0x30 D:\WIZnet\__Purple\___LPCXpresso_Workspace\lpc_chip_11exx\Debug\liblpc_chip_11exx.a(adc_11xx.o)
                0x00001ccc                setStartMode
 .text.readAdcVal
                0x00001cfc       0x48 D:\WIZnet\__Purple\___LPCXpresso_Workspace\lpc_chip_11exx\Debug\liblpc_chip_11exx.a(adc_11xx.o)
                0x00001cfc                readAdcVal
 .text.Chip_ADC_Init
                0x00001d44       0x8c D:\WIZnet\__Purple\___LPCXpresso_Workspace\lpc_chip_11exx\Debug\liblpc_chip_11exx.a(adc_11xx.o)
                0x00001d44                Chip_ADC_Init
 .text.Chip_ADC_ReadValue
                0x00001dd0       0x30 D:\WIZnet\__Purple\___LPCXpresso_Workspace\lpc_chip_11exx\Debug\liblpc_chip_11exx.a(adc_11xx.o)
                0x00001dd0                Chip_ADC_ReadValue
 .text.Chip_ADC_ReadStatus
                0x00001e00       0x78 D:\WIZnet\__Purple\___LPCXpresso_Workspace\lpc_chip_11exx\Debug\liblpc_chip_11exx.a(adc_11xx.o)
                0x00001e00                Chip_ADC_ReadStatus
 .text.Chip_ADC_SetStartMode
                0x00001e78       0x5c D:\WIZnet\__Purple\___LPCXpresso_Workspace\lpc_chip_11exx\Debug\liblpc_chip_11exx.a(adc_11xx.o)
                0x00001e78                Chip_ADC_SetStartMode
 .text.Chip_ADC_EnableChannel
                0x00001ed4       0x60 D:\WIZnet\__Purple\___LPCXpresso_Workspace\lpc_chip_11exx\Debug\liblpc_chip_11exx.a(adc_11xx.o)
                0x00001ed4                Chip_ADC_EnableChannel
 .text.SystemCoreClockUpdate
                0x00001f34       0x18 D:\WIZnet\__Purple\___LPCXpresso_Workspace\lpc_chip_11exx\Debug\liblpc_chip_11exx.a(chip_11xx.o)
                0x00001f34                SystemCoreClockUpdate
 .text.Chip_Clock_GetMainOscRate
                0x00001f4c       0x14 D:\WIZnet\__Purple\___LPCXpresso_Workspace\lpc_chip_11exx\Debug\liblpc_chip_11exx.a(clock_11xx.o)
 .text.Chip_Clock_GetIntOscRate
                0x00001f60       0x10 D:\WIZnet\__Purple\___LPCXpresso_Workspace\lpc_chip_11exx\Debug\liblpc_chip_11exx.a(clock_11xx.o)
 .text.Chip_Clock_GetWDTLFORate
                0x00001f70       0x48 D:\WIZnet\__Purple\___LPCXpresso_Workspace\lpc_chip_11exx\Debug\liblpc_chip_11exx.a(clock_11xx.o)
 .text.Chip_Clock_GetPLLFreq
                0x00001fb8       0x24 D:\WIZnet\__Purple\___LPCXpresso_Workspace\lpc_chip_11exx\Debug\liblpc_chip_11exx.a(clock_11xx.o)
 .text.Chip_Clock_SetSystemPLLSource
                0x00001fdc       0x2c D:\WIZnet\__Purple\___LPCXpresso_Workspace\lpc_chip_11exx\Debug\liblpc_chip_11exx.a(clock_11xx.o)
                0x00001fdc                Chip_Clock_SetSystemPLLSource
 .text.Chip_Clock_SetMainClockSource
                0x00002008       0x2c D:\WIZnet\__Purple\___LPCXpresso_Workspace\lpc_chip_11exx\Debug\liblpc_chip_11exx.a(clock_11xx.o)
                0x00002008                Chip_Clock_SetMainClockSource
 .text.Chip_Clock_GetWDTOSCRate
                0x00002034       0x1c D:\WIZnet\__Purple\___LPCXpresso_Workspace\lpc_chip_11exx\Debug\liblpc_chip_11exx.a(clock_11xx.o)
                0x00002034                Chip_Clock_GetWDTOSCRate
 .text.Chip_Clock_GetSystemPLLInClockRate
                0x00002050       0x40 D:\WIZnet\__Purple\___LPCXpresso_Workspace\lpc_chip_11exx\Debug\liblpc_chip_11exx.a(clock_11xx.o)
                0x00002050                Chip_Clock_GetSystemPLLInClockRate
 .text.Chip_Clock_GetSystemPLLOutClockRate
                0x00002090       0x24 D:\WIZnet\__Purple\___LPCXpresso_Workspace\lpc_chip_11exx\Debug\liblpc_chip_11exx.a(clock_11xx.o)
                0x00002090                Chip_Clock_GetSystemPLLOutClockRate
 .text.Chip_Clock_GetMainClockRate
                0x000020b4       0x64 D:\WIZnet\__Purple\___LPCXpresso_Workspace\lpc_chip_11exx\Debug\liblpc_chip_11exx.a(clock_11xx.o)
                0x000020b4                Chip_Clock_GetMainClockRate
 .text.Chip_Clock_GetSystemClockRate
                0x00002118       0x24 D:\WIZnet\__Purple\___LPCXpresso_Workspace\lpc_chip_11exx\Debug\liblpc_chip_11exx.a(clock_11xx.o)
                0x00002118                Chip_Clock_GetSystemClockRate
 .text.Chip_Clock_EnablePeriphClock
                0x0000213c       0x30 D:\WIZnet\__Purple\___LPCXpresso_Workspace\lpc_chip_11exx\Debug\liblpc_chip_11exx.a(gpio_11xx_1.o)
 .text.Chip_GPIO_Init
                0x0000216c       0x14 D:\WIZnet\__Purple\___LPCXpresso_Workspace\lpc_chip_11exx\Debug\liblpc_chip_11exx.a(gpio_11xx_1.o)
                0x0000216c                Chip_GPIO_Init
 .text.Chip_IOCON_PinMuxSet
                0x00002180       0x48 D:\WIZnet\__Purple\___LPCXpresso_Workspace\lpc_chip_11exx\Debug\liblpc_chip_11exx.a(iocon_11xx.o)
                0x00002180                Chip_IOCON_PinMuxSet
 .text.Chip_SYSCTL_AssertPeriphReset
                0x000021c8       0x30 D:\WIZnet\__Purple\___LPCXpresso_Workspace\lpc_chip_11exx\Debug\liblpc_chip_11exx.a(ssp_11xx.o)
 .text.Chip_SYSCTL_DeassertPeriphReset
                0x000021f8       0x2c D:\WIZnet\__Purple\___LPCXpresso_Workspace\lpc_chip_11exx\Debug\liblpc_chip_11exx.a(ssp_11xx.o)
 .text.Chip_SYSCTL_PeriphReset
                0x00002224       0x28 D:\WIZnet\__Purple\___LPCXpresso_Workspace\lpc_chip_11exx\Debug\liblpc_chip_11exx.a(ssp_11xx.o)
 .text.Chip_Clock_EnablePeriphClock
                0x0000224c       0x30 D:\WIZnet\__Purple\___LPCXpresso_Workspace\lpc_chip_11exx\Debug\liblpc_chip_11exx.a(ssp_11xx.o)
 .text.Chip_Clock_SetSSP0ClockDiv
                0x0000227c       0x1c D:\WIZnet\__Purple\___LPCXpresso_Workspace\lpc_chip_11exx\Debug\liblpc_chip_11exx.a(ssp_11xx.o)
 .text.Chip_Clock_GetSSP0ClockDiv
                0x00002298       0x14 D:\WIZnet\__Purple\___LPCXpresso_Workspace\lpc_chip_11exx\Debug\liblpc_chip_11exx.a(ssp_11xx.o)
 .text.Chip_Clock_SetSSP1ClockDiv
                0x000022ac       0x1c D:\WIZnet\__Purple\___LPCXpresso_Workspace\lpc_chip_11exx\Debug\liblpc_chip_11exx.a(ssp_11xx.o)
 .text.Chip_Clock_GetSSP1ClockDiv
                0x000022c8       0x14 D:\WIZnet\__Purple\___LPCXpresso_Workspace\lpc_chip_11exx\Debug\liblpc_chip_11exx.a(ssp_11xx.o)
 .text.Chip_SSP_GetStatus
                0x000022dc       0x28 D:\WIZnet\__Purple\___LPCXpresso_Workspace\lpc_chip_11exx\Debug\liblpc_chip_11exx.a(ssp_11xx.o)
 .text.Chip_SSP_GetRawIntStatus
                0x00002304       0x28 D:\WIZnet\__Purple\___LPCXpresso_Workspace\lpc_chip_11exx\Debug\liblpc_chip_11exx.a(ssp_11xx.o)
 .text.Chip_SSP_GetDataSize
                0x0000232c       0x1c D:\WIZnet\__Purple\___LPCXpresso_Workspace\lpc_chip_11exx\Debug\liblpc_chip_11exx.a(ssp_11xx.o)
 .text.Chip_SSP_ClearIntPending
                0x00002348       0x1c D:\WIZnet\__Purple\___LPCXpresso_Workspace\lpc_chip_11exx\Debug\liblpc_chip_11exx.a(ssp_11xx.o)
 .text.Chip_SSP_ReceiveFrame
                0x00002364       0x18 D:\WIZnet\__Purple\___LPCXpresso_Workspace\lpc_chip_11exx\Debug\liblpc_chip_11exx.a(ssp_11xx.o)
 .text.Chip_SSP_SendFrame
                0x0000237c       0x1c D:\WIZnet\__Purple\___LPCXpresso_Workspace\lpc_chip_11exx\Debug\liblpc_chip_11exx.a(ssp_11xx.o)
 .text.Chip_SSP_SetFormat
                0x00002398       0x30 D:\WIZnet\__Purple\___LPCXpresso_Workspace\lpc_chip_11exx\Debug\liblpc_chip_11exx.a(ssp_11xx.o)
 .text.Chip_SSP_Set_Mode
                0x000023c8       0x24 D:\WIZnet\__Purple\___LPCXpresso_Workspace\lpc_chip_11exx\Debug\liblpc_chip_11exx.a(ssp_11xx.o)
 .text.Chip_SSP_GetClockIndex
                0x000023ec       0x34 D:\WIZnet\__Purple\___LPCXpresso_Workspace\lpc_chip_11exx\Debug\liblpc_chip_11exx.a(ssp_11xx.o)
 .text.Chip_SSP_GetResetIndex
                0x00002420       0x34 D:\WIZnet\__Purple\___LPCXpresso_Workspace\lpc_chip_11exx\Debug\liblpc_chip_11exx.a(ssp_11xx.o)
 .text.Chip_SSP_SetSSPClkDivider
                0x00002454       0x30 D:\WIZnet\__Purple\___LPCXpresso_Workspace\lpc_chip_11exx\Debug\liblpc_chip_11exx.a(ssp_11xx.o)
 .text.Chip_SSP_GetPCLKkRate
                0x00002484       0x4c D:\WIZnet\__Purple\___LPCXpresso_Workspace\lpc_chip_11exx\Debug\liblpc_chip_11exx.a(ssp_11xx.o)
 .text.Chip_SSP_SetClockRate
                0x000024d0       0x38 D:\WIZnet\__Purple\___LPCXpresso_Workspace\lpc_chip_11exx\Debug\liblpc_chip_11exx.a(ssp_11xx.o)
                0x000024d0                Chip_SSP_SetClockRate
 .text.Chip_SSP_WriteFrames_Blocking
                0x00002508      0x154 D:\WIZnet\__Purple\___LPCXpresso_Workspace\lpc_chip_11exx\Debug\liblpc_chip_11exx.a(ssp_11xx.o)
                0x00002508                Chip_SSP_WriteFrames_Blocking
 .text.Chip_SSP_ReadFrames_Blocking
                0x0000265c      0x168 D:\WIZnet\__Purple\___LPCXpresso_Workspace\lpc_chip_11exx\Debug\liblpc_chip_11exx.a(ssp_11xx.o)
                0x0000265c                Chip_SSP_ReadFrames_Blocking
 .text.Chip_SSP_SetMaster
                0x000027c4       0x34 D:\WIZnet\__Purple\___LPCXpresso_Workspace\lpc_chip_11exx\Debug\liblpc_chip_11exx.a(ssp_11xx.o)
                0x000027c4                Chip_SSP_SetMaster
 .text.Chip_SSP_SetBitRate
                0x000027f8       0x78 D:\WIZnet\__Purple\___LPCXpresso_Workspace\lpc_chip_11exx\Debug\liblpc_chip_11exx.a(ssp_11xx.o)
                0x000027f8                Chip_SSP_SetBitRate
 .text.Chip_SSP_Init
                0x00002870       0x60 D:\WIZnet\__Purple\___LPCXpresso_Workspace\lpc_chip_11exx\Debug\liblpc_chip_11exx.a(ssp_11xx.o)
                0x00002870                Chip_SSP_Init
 .text.Chip_SYSCTL_PowerDown
                0x000028d0       0x3c D:\WIZnet\__Purple\___LPCXpresso_Workspace\lpc_chip_11exx\Debug\liblpc_chip_11exx.a(sysctl_11xx.o)
                0x000028d0                Chip_SYSCTL_PowerDown
 .text.Chip_SYSCTL_PowerUp
                0x0000290c       0x40 D:\WIZnet\__Purple\___LPCXpresso_Workspace\lpc_chip_11exx\Debug\liblpc_chip_11exx.a(sysctl_11xx.o)
                0x0000290c                Chip_SYSCTL_PowerUp
 .text.Chip_Clock_EnablePeriphClock
                0x0000294c       0x30 D:\WIZnet\__Purple\___LPCXpresso_Workspace\lpc_chip_11exx\Debug\liblpc_chip_11exx.a(timer_11xx.o)
 .text.Chip_TIMER_GetClock
                0x0000297c       0x60 D:\WIZnet\__Purple\___LPCXpresso_Workspace\lpc_chip_11exx\Debug\liblpc_chip_11exx.a(timer_11xx.o)
 .text.Chip_TIMER_Init
                0x000029dc       0x20 D:\WIZnet\__Purple\___LPCXpresso_Workspace\lpc_chip_11exx\Debug\liblpc_chip_11exx.a(timer_11xx.o)
                0x000029dc                Chip_TIMER_Init
 .text.Chip_TIMER_Reset
                0x000029fc       0x38 D:\WIZnet\__Purple\___LPCXpresso_Workspace\lpc_chip_11exx\Debug\liblpc_chip_11exx.a(timer_11xx.o)
                0x000029fc                Chip_TIMER_Reset
 .text.Chip_Clock_EnablePeriphClock
                0x00002a34       0x30 D:\WIZnet\__Purple\___LPCXpresso_Workspace\lpc_chip_11exx\Debug\liblpc_chip_11exx.a(uart_11xx.o)
 .text.Chip_Clock_SetUARTClockDiv
                0x00002a64       0x1c D:\WIZnet\__Purple\___LPCXpresso_Workspace\lpc_chip_11exx\Debug\liblpc_chip_11exx.a(uart_11xx.o)
 .text.Chip_UART_SendByte
                0x00002a80       0x1c D:\WIZnet\__Purple\___LPCXpresso_Workspace\lpc_chip_11exx\Debug\liblpc_chip_11exx.a(uart_11xx.o)
 .text.Chip_UART_SetupFIFOS
                0x00002a9c       0x18 D:\WIZnet\__Purple\___LPCXpresso_Workspace\lpc_chip_11exx\Debug\liblpc_chip_11exx.a(uart_11xx.o)
 .text.Chip_UART_ConfigData
                0x00002ab4       0x18 D:\WIZnet\__Purple\___LPCXpresso_Workspace\lpc_chip_11exx\Debug\liblpc_chip_11exx.a(uart_11xx.o)
 .text.Chip_UART_EnableDivisorAccess
                0x00002acc       0x1c D:\WIZnet\__Purple\___LPCXpresso_Workspace\lpc_chip_11exx\Debug\liblpc_chip_11exx.a(uart_11xx.o)
 .text.Chip_UART_DisableDivisorAccess
                0x00002ae8       0x20 D:\WIZnet\__Purple\___LPCXpresso_Workspace\lpc_chip_11exx\Debug\liblpc_chip_11exx.a(uart_11xx.o)
 .text.Chip_UART_SetDivisorLatches
                0x00002b08       0x28 D:\WIZnet\__Purple\___LPCXpresso_Workspace\lpc_chip_11exx\Debug\liblpc_chip_11exx.a(uart_11xx.o)
 .text.Chip_UART_ReadLineStatus
                0x00002b30       0x14 D:\WIZnet\__Purple\___LPCXpresso_Workspace\lpc_chip_11exx\Debug\liblpc_chip_11exx.a(uart_11xx.o)
 .text.Chip_UART_Init
                0x00002b44       0x34 D:\WIZnet\__Purple\___LPCXpresso_Workspace\lpc_chip_11exx\Debug\liblpc_chip_11exx.a(uart_11xx.o)
                0x00002b44                Chip_UART_Init
 .text.Chip_UART_Send
                0x00002b78       0x54 D:\WIZnet\__Purple\___LPCXpresso_Workspace\lpc_chip_11exx\Debug\liblpc_chip_11exx.a(uart_11xx.o)
                0x00002b78                Chip_UART_Send
 .text.Chip_UART_SendBlocking
                0x00002bcc       0x54 D:\WIZnet\__Purple\___LPCXpresso_Workspace\lpc_chip_11exx\Debug\liblpc_chip_11exx.a(uart_11xx.o)
                0x00002bcc                Chip_UART_SendBlocking
 .text.Chip_UART_SetBaud
                0x00002c20       0x68 D:\WIZnet\__Purple\___LPCXpresso_Workspace\lpc_chip_11exx\Debug\liblpc_chip_11exx.a(uart_11xx.o)
                0x00002c20                Chip_UART_SetBaud
 .text.unescape_http_url
                0x00002c88       0x8c D:\WIZnet\__Purple\___LPCXpresso_Workspace\ioLibrary\Debug\libioLibrary.a(httpParser.o)
                0x00002c88                unescape_http_url
 .text.make_http_response_head
                0x00002d14      0x1b0 D:\WIZnet\__Purple\___LPCXpresso_Workspace\ioLibrary\Debug\libioLibrary.a(httpParser.o)
                0x00002d14                make_http_response_head
 .text.find_http_uri_type
                0x00002ec4      0x390 D:\WIZnet\__Purple\___LPCXpresso_Workspace\ioLibrary\Debug\libioLibrary.a(httpParser.o)
                0x00002ec4                find_http_uri_type
 .text.parse_http_request
                0x00003254      0x120 D:\WIZnet\__Purple\___LPCXpresso_Workspace\ioLibrary\Debug\libioLibrary.a(httpParser.o)
                0x00003254                parse_http_request
 .text.get_http_param_value
                0x00003374      0x150 D:\WIZnet\__Purple\___LPCXpresso_Workspace\ioLibrary\Debug\libioLibrary.a(httpParser.o)
                0x00003374                get_http_param_value
 .text.get_http_uri_name
                0x000034c4       0x80 D:\WIZnet\__Purple\___LPCXpresso_Workspace\ioLibrary\Debug\libioLibrary.a(httpParser.o)
                0x000034c4                get_http_uri_name
 .text.ATOI     0x00003544       0x50 D:\WIZnet\__Purple\___LPCXpresso_Workspace\ioLibrary\Debug\libioLibrary.a(httpParser.o)
                0x00003544                ATOI
 .text.mid      0x00003594       0x74 D:\WIZnet\__Purple\___LPCXpresso_Workspace\ioLibrary\Debug\libioLibrary.a(httpParser.o)
                0x00003594                mid
 .text.replacetochar
                0x00003608       0x4c D:\WIZnet\__Purple\___LPCXpresso_Workspace\ioLibrary\Debug\libioLibrary.a(httpParser.o)
 .text.C2D      0x00003654       0x68 D:\WIZnet\__Purple\___LPCXpresso_Workspace\ioLibrary\Debug\libioLibrary.a(httpParser.o)
 .text.default_mcu_reset
                0x000036bc        0x8 D:\WIZnet\__Purple\___LPCXpresso_Workspace\ioLibrary\Debug\libioLibrary.a(httpServer.o)
                0x000036bc                default_mcu_reset
 .text.default_wdt_reset
                0x000036c4        0x8 D:\WIZnet\__Purple\___LPCXpresso_Workspace\ioLibrary\Debug\libioLibrary.a(httpServer.o)
                0x000036c4                default_wdt_reset
 .text.httpServer_Sockinit
                0x000036cc       0xd4 D:\WIZnet\__Purple\___LPCXpresso_Workspace\ioLibrary\Debug\libioLibrary.a(httpServer.o)
                0x000036cc                httpServer_Sockinit
 .text.getHTTPSocketNum
                0x000037a0       0x20 D:\WIZnet\__Purple\___LPCXpresso_Workspace\ioLibrary\Debug\libioLibrary.a(httpServer.o)
 .text.getHTTPSequenceNum
                0x000037c0       0x58 D:\WIZnet\__Purple\___LPCXpresso_Workspace\ioLibrary\Debug\libioLibrary.a(httpServer.o)
 .text.httpServer_init
                0x00003818       0x38 D:\WIZnet\__Purple\___LPCXpresso_Workspace\ioLibrary\Debug\libioLibrary.a(httpServer.o)
                0x00003818                httpServer_init
 .text.reg_httpServer_cbfunc
                0x00003850       0x30 D:\WIZnet\__Purple\___LPCXpresso_Workspace\ioLibrary\Debug\libioLibrary.a(httpServer.o)
                0x00003850                reg_httpServer_cbfunc
 .text.httpServer_run
                0x00003880      0x428 D:\WIZnet\__Purple\___LPCXpresso_Workspace\ioLibrary\Debug\libioLibrary.a(httpServer.o)
                0x00003880                httpServer_run
 .text.send_http_response_header
                0x00003ca8      0x128 D:\WIZnet\__Purple\___LPCXpresso_Workspace\ioLibrary\Debug\libioLibrary.a(httpServer.o)
 .text.send_http_response_body
                0x00003dd0      0x2b0 D:\WIZnet\__Purple\___LPCXpresso_Workspace\ioLibrary\Debug\libioLibrary.a(httpServer.o)
 .text.send_http_response_cgi
                0x00004080       0x94 D:\WIZnet\__Purple\___LPCXpresso_Workspace\ioLibrary\Debug\libioLibrary.a(httpServer.o)
 .text.http_disconnect
                0x00004114       0x4c D:\WIZnet\__Purple\___LPCXpresso_Workspace\ioLibrary\Debug\libioLibrary.a(httpServer.o)
 .text.http_process_handler
                0x00004160      0x414 D:\WIZnet\__Purple\___LPCXpresso_Workspace\ioLibrary\Debug\libioLibrary.a(httpServer.o)
 .text.httpServer_time_handler
                0x00004574       0x18 D:\WIZnet\__Purple\___LPCXpresso_Workspace\ioLibrary\Debug\libioLibrary.a(httpServer.o)
                0x00004574                httpServer_time_handler
 .text.get_httpServer_timecount
                0x0000458c       0x14 D:\WIZnet\__Purple\___LPCXpresso_Workspace\ioLibrary\Debug\libioLibrary.a(httpServer.o)
                0x0000458c                get_httpServer_timecount
 .text.reg_httpServer_webContent
                0x000045a0       0xc8 D:\WIZnet\__Purple\___LPCXpresso_Workspace\ioLibrary\Debug\libioLibrary.a(httpServer.o)
                0x000045a0                reg_httpServer_webContent
 .text.display_reg_webContent_list
                0x00004668      0x110 D:\WIZnet\__Purple\___LPCXpresso_Workspace\ioLibrary\Debug\libioLibrary.a(httpServer.o)
                0x00004668                display_reg_webContent_list
 .text.find_userReg_webContent
                0x00004778       0xa0 D:\WIZnet\__Purple\___LPCXpresso_Workspace\ioLibrary\Debug\libioLibrary.a(httpServer.o)
                0x00004778                find_userReg_webContent
 .text.read_userReg_webContent
                0x00004818       0xa4 D:\WIZnet\__Purple\___LPCXpresso_Workspace\ioLibrary\Debug\libioLibrary.a(httpServer.o)
                0x00004818                read_userReg_webContent
 .text.http_get_cgi_handler
                0x000048bc       0x78 D:\WIZnet\__Purple\___LPCXpresso_Workspace\ioLibrary\Debug\libioLibrary.a(httpUtil.o)
                0x000048bc                http_get_cgi_handler
 .text.http_post_cgi_handler
                0x00004934       0xac D:\WIZnet\__Purple\___LPCXpresso_Workspace\ioLibrary\Debug\libioLibrary.a(httpUtil.o)
                0x00004934                http_post_cgi_handler
 .text.WIZCHIP_READ
                0x000049e0       0xc4 D:\WIZnet\__Purple\___LPCXpresso_Workspace\ioLibrary\Debug\libioLibrary.a(w5500.o)
                0x000049e0                WIZCHIP_READ
 .text.WIZCHIP_WRITE
                0x00004aa4       0xc8 D:\WIZnet\__Purple\___LPCXpresso_Workspace\ioLibrary\Debug\libioLibrary.a(w5500.o)
                0x00004aa4                WIZCHIP_WRITE
 .text.WIZCHIP_READ_BUF
                0x00004b6c       0xfc D:\WIZnet\__Purple\___LPCXpresso_Workspace\ioLibrary\Debug\libioLibrary.a(w5500.o)
                0x00004b6c                WIZCHIP_READ_BUF
 .text.WIZCHIP_WRITE_BUF
                0x00004c68       0xfc D:\WIZnet\__Purple\___LPCXpresso_Workspace\ioLibrary\Debug\libioLibrary.a(w5500.o)
                0x00004c68                WIZCHIP_WRITE_BUF
 .text.getSn_TX_FSR
                0x00004d64       0xdc D:\WIZnet\__Purple\___LPCXpresso_Workspace\ioLibrary\Debug\libioLibrary.a(w5500.o)
                0x00004d64                getSn_TX_FSR
 .text.getSn_RX_RSR
                0x00004e40       0xdc D:\WIZnet\__Purple\___LPCXpresso_Workspace\ioLibrary\Debug\libioLibrary.a(w5500.o)
                0x00004e40                getSn_RX_RSR
 .text.wiz_send_data
                0x00004f1c       0xf0 D:\WIZnet\__Purple\___LPCXpresso_Workspace\ioLibrary\Debug\libioLibrary.a(w5500.o)
                0x00004f1c                wiz_send_data
 .text.wiz_recv_data
                0x0000500c       0xf0 D:\WIZnet\__Purple\___LPCXpresso_Workspace\ioLibrary\Debug\libioLibrary.a(w5500.o)
                0x0000500c                wiz_recv_data
 .text.socket   0x000050fc      0x21c D:\WIZnet\__Purple\___LPCXpresso_Workspace\ioLibrary\Debug\libioLibrary.a(socket.o)
                0x000050fc                socket
 .text.close    0x00005318       0xd0 D:\WIZnet\__Purple\___LPCXpresso_Workspace\ioLibrary\Debug\libioLibrary.a(socket.o)
                0x00005318                close
 .text.listen   0x000053e8       0xdc D:\WIZnet\__Purple\___LPCXpresso_Workspace\ioLibrary\Debug\libioLibrary.a(socket.o)
                0x000053e8                listen
 .text.disconnect
                0x000054c4      0x104 D:\WIZnet\__Purple\___LPCXpresso_Workspace\ioLibrary\Debug\libioLibrary.a(socket.o)
                0x000054c4                disconnect
 .text.send     0x000055c8      0x27c D:\WIZnet\__Purple\___LPCXpresso_Workspace\ioLibrary\Debug\libioLibrary.a(socket.o)
                0x000055c8                send
 .text.recv     0x00005844      0x1dc D:\WIZnet\__Purple\___LPCXpresso_Workspace\ioLibrary\Debug\libioLibrary.a(socket.o)
                0x00005844                recv
 .text.wizchip_cris_enter
                0x00005a20        0x8 D:\WIZnet\__Purple\___LPCXpresso_Workspace\ioLibrary\Debug\libioLibrary.a(wizchip_conf.o)
                0x00005a20                wizchip_cris_enter
 .text.wizchip_cris_exit
                0x00005a28        0x8 D:\WIZnet\__Purple\___LPCXpresso_Workspace\ioLibrary\Debug\libioLibrary.a(wizchip_conf.o)
                0x00005a28                wizchip_cris_exit
 .text.wizchip_cs_select
                0x00005a30        0x8 D:\WIZnet\__Purple\___LPCXpresso_Workspace\ioLibrary\Debug\libioLibrary.a(wizchip_conf.o)
                0x00005a30                wizchip_cs_select
 .text.wizchip_cs_deselect
                0x00005a38        0x8 D:\WIZnet\__Purple\___LPCXpresso_Workspace\ioLibrary\Debug\libioLibrary.a(wizchip_conf.o)
                0x00005a38                wizchip_cs_deselect
 .text.wizchip_bus_readbyte
                0x00005a40       0x18 D:\WIZnet\__Purple\___LPCXpresso_Workspace\ioLibrary\Debug\libioLibrary.a(wizchip_conf.o)
                0x00005a40                wizchip_bus_readbyte
 .text.wizchip_bus_writebyte
                0x00005a58       0x1c D:\WIZnet\__Purple\___LPCXpresso_Workspace\ioLibrary\Debug\libioLibrary.a(wizchip_conf.o)
                0x00005a58                wizchip_bus_writebyte
 .text.wizchip_spi_readbyte
                0x00005a74        0xc D:\WIZnet\__Purple\___LPCXpresso_Workspace\ioLibrary\Debug\libioLibrary.a(wizchip_conf.o)
                0x00005a74                wizchip_spi_readbyte
 .text.wizchip_spi_writebyte
                0x00005a80       0x14 D:\WIZnet\__Purple\___LPCXpresso_Workspace\ioLibrary\Debug\libioLibrary.a(wizchip_conf.o)
                0x00005a80                wizchip_spi_writebyte
 .text.wizchip_spi_readburst
                0x00005a94       0x14 D:\WIZnet\__Purple\___LPCXpresso_Workspace\ioLibrary\Debug\libioLibrary.a(wizchip_conf.o)
                0x00005a94                wizchip_spi_readburst
 .text.wizchip_spi_writeburst
                0x00005aa8       0x14 D:\WIZnet\__Purple\___LPCXpresso_Workspace\ioLibrary\Debug\libioLibrary.a(wizchip_conf.o)
                0x00005aa8                wizchip_spi_writeburst
 .text.reg_wizchip_cs_cbfunc
                0x00005abc       0x44 D:\WIZnet\__Purple\___LPCXpresso_Workspace\ioLibrary\Debug\libioLibrary.a(wizchip_conf.o)
                0x00005abc                reg_wizchip_cs_cbfunc
 .text.reg_wizchip_spi_cbfunc
                0x00005b00       0x54 D:\WIZnet\__Purple\___LPCXpresso_Workspace\ioLibrary\Debug\libioLibrary.a(wizchip_conf.o)
                0x00005b00                reg_wizchip_spi_cbfunc
 .text.reg_wizchip_spiburst_cbfunc
                0x00005b54       0x54 D:\WIZnet\__Purple\___LPCXpresso_Workspace\ioLibrary\Debug\libioLibrary.a(wizchip_conf.o)
                0x00005b54                reg_wizchip_spiburst_cbfunc
 .text.ctlwizchip
                0x00005ba8      0x1c8 D:\WIZnet\__Purple\___LPCXpresso_Workspace\ioLibrary\Debug\libioLibrary.a(wizchip_conf.o)
                0x00005ba8                ctlwizchip
 .text.ctlnetwork
                0x00005d70       0x78 D:\WIZnet\__Purple\___LPCXpresso_Workspace\ioLibrary\Debug\libioLibrary.a(wizchip_conf.o)
                0x00005d70                ctlnetwork
 .text.wizchip_sw_reset
                0x00005de8       0xa8 D:\WIZnet\__Purple\___LPCXpresso_Workspace\ioLibrary\Debug\libioLibrary.a(wizchip_conf.o)
                0x00005de8                wizchip_sw_reset
 .text.wizchip_init
                0x00005e90      0x184 D:\WIZnet\__Purple\___LPCXpresso_Workspace\ioLibrary\Debug\libioLibrary.a(wizchip_conf.o)
                0x00005e90                wizchip_init
 .text.wizchip_clrinterrupt
                0x00006014       0x54 D:\WIZnet\__Purple\___LPCXpresso_Workspace\ioLibrary\Debug\libioLibrary.a(wizchip_conf.o)
                0x00006014                wizchip_clrinterrupt
 .text.wizchip_getinterrupt
                0x00006068       0x68 D:\WIZnet\__Purple\___LPCXpresso_Workspace\ioLibrary\Debug\libioLibrary.a(wizchip_conf.o)
                0x00006068                wizchip_getinterrupt
 .text.wizchip_setinterruptmask
                0x000060d0       0x50 D:\WIZnet\__Purple\___LPCXpresso_Workspace\ioLibrary\Debug\libioLibrary.a(wizchip_conf.o)
                0x000060d0                wizchip_setinterruptmask
 .text.wizchip_getinterruptmask
                0x00006120       0x60 D:\WIZnet\__Purple\___LPCXpresso_Workspace\ioLibrary\Debug\libioLibrary.a(wizchip_conf.o)
                0x00006120                wizchip_getinterruptmask
 .text.wizphy_getphylink
                0x00006180       0x38 D:\WIZnet\__Purple\___LPCXpresso_Workspace\ioLibrary\Debug\libioLibrary.a(wizchip_conf.o)
                0x00006180                wizphy_getphylink
 .text.wizphy_getphypmode
                0x000061b8       0x3c D:\WIZnet\__Purple\___LPCXpresso_Workspace\ioLibrary\Debug\libioLibrary.a(wizchip_conf.o)
                0x000061b8                wizphy_getphypmode
 .text.wizphy_reset
                0x000061f4       0x68 D:\WIZnet\__Purple\___LPCXpresso_Workspace\ioLibrary\Debug\libioLibrary.a(wizchip_conf.o)
                0x000061f4                wizphy_reset
 .text.wizphy_setphyconf
                0x0000625c       0xcc D:\WIZnet\__Purple\___LPCXpresso_Workspace\ioLibrary\Debug\libioLibrary.a(wizchip_conf.o)
                0x0000625c                wizphy_setphyconf
 .text.wizphy_getphyconf
                0x00006328       0xac D:\WIZnet\__Purple\___LPCXpresso_Workspace\ioLibrary\Debug\libioLibrary.a(wizchip_conf.o)
                0x00006328                wizphy_getphyconf
 .text.wizphy_setphypmode
                0x000063d4       0xcc D:\WIZnet\__Purple\___LPCXpresso_Workspace\ioLibrary\Debug\libioLibrary.a(wizchip_conf.o)
                0x000063d4                wizphy_setphypmode
 .text.wizchip_setnetinfo
                0x000064a0       0x84 D:\WIZnet\__Purple\___LPCXpresso_Workspace\ioLibrary\Debug\libioLibrary.a(wizchip_conf.o)
                0x000064a0                wizchip_setnetinfo
 .text.wizchip_getnetinfo
                0x00006524       0x84 D:\WIZnet\__Purple\___LPCXpresso_Workspace\ioLibrary\Debug\libioLibrary.a(wizchip_conf.o)
                0x00006524                wizchip_getnetinfo
 .text.wizchip_setnetmode
                0x000065a8       0x5c D:\WIZnet\__Purple\___LPCXpresso_Workspace\ioLibrary\Debug\libioLibrary.a(wizchip_conf.o)
                0x000065a8                wizchip_setnetmode
 .text.wizchip_getnetmode
                0x00006604       0x14 D:\WIZnet\__Purple\___LPCXpresso_Workspace\ioLibrary\Debug\libioLibrary.a(wizchip_conf.o)
                0x00006604                wizchip_getnetmode
 .text.wizchip_settimeout
                0x00006618       0x48 D:\WIZnet\__Purple\___LPCXpresso_Workspace\ioLibrary\Debug\libioLibrary.a(wizchip_conf.o)
                0x00006618                wizchip_settimeout
 .text.wizchip_gettimeout
                0x00006660       0x44 D:\WIZnet\__Purple\___LPCXpresso_Workspace\ioLibrary\Debug\libioLibrary.a(wizchip_conf.o)
                0x00006660                wizchip_gettimeout
 .text.__main   0x000066a4       0x12 c:/nxp/lpcxpresso_7.0.0_92/lpcxpresso/tools/bin/../lib/gcc/arm-none-eabi/4.8.3/../../../../arm-none-eabi/lib/armv6-m\libcr_nohost.a(_cr__main.o)
                0x000066a4                __main
 .text.memcpy   0x000066b6        0x8 c:/nxp/lpcxpresso_7.0.0_92/lpcxpresso/tools/bin/../lib/gcc/arm-none-eabi/4.8.3/../../../../arm-none-eabi/lib/armv6-m\libcr_c.a(memcpy.o)
                0x000066b6                memcpy
 .text.memset   0x000066be        0x8 c:/nxp/lpcxpresso_7.0.0_92/lpcxpresso/tools/bin/../lib/gcc/arm-none-eabi/4.8.3/../../../../arm-none-eabi/lib/armv6-m\libcr_c.a(memset.o)
                0x000066be                memset
 *fill*         0x000066c6        0x2 
 .text.malloc   0x000066c8       0xc0 c:/nxp/lpcxpresso_7.0.0_92/lpcxpresso/tools/bin/../lib/gcc/arm-none-eabi/4.8.3/../../../../arm-none-eabi/lib/armv6-m\libcr_c.a(alloc.o)
                0x000066c8                malloc
 .text.free     0x00006788        0xe c:/nxp/lpcxpresso_7.0.0_92/lpcxpresso/tools/bin/../lib/gcc/arm-none-eabi/4.8.3/../../../../arm-none-eabi/lib/armv6-m\libcr_c.a(alloc.o)
                0x00006788                free
 *fill*         0x00006796        0x2 
 .text._Csys_alloc
                0x00006798       0x20 c:/nxp/lpcxpresso_7.0.0_92/lpcxpresso/tools/bin/../lib/gcc/arm-none-eabi/4.8.3/../../../../arm-none-eabi/lib/armv6-m\libcr_c.a(alloc.o)
                0x00006798                _Csys_alloc
 .text.fp_round
                0x000067b8       0x48 c:/nxp/lpcxpresso_7.0.0_92/lpcxpresso/tools/bin/../lib/gcc/arm-none-eabi/4.8.3/../../../../arm-none-eabi/lib/armv6-m\libcr_c.a(fpprintf.o)
 .text.pr_dec.constprop.1
                0x00006800       0x28 c:/nxp/lpcxpresso_7.0.0_92/lpcxpresso/tools/bin/../lib/gcc/arm-none-eabi/4.8.3/../../../../arm-none-eabi/lib/armv6-m\libcr_c.a(fpprintf.o)
 .text.sprintf  0x00006828       0x70 c:/nxp/lpcxpresso_7.0.0_92/lpcxpresso/tools/bin/../lib/gcc/arm-none-eabi/4.8.3/../../../../arm-none-eabi/lib/armv6-m\libcr_c.a(fpprintf.o)
                0x00006828                sprintf
 .text.fp_display
                0x00006898      0x980 c:/nxp/lpcxpresso_7.0.0_92/lpcxpresso/tools/bin/../lib/gcc/arm-none-eabi/4.8.3/../../../../arm-none-eabi/lib/armv6-m\libcr_c.a(fpprintf.o)
 .text.vsnprintf
                0x00007218       0x5c c:/nxp/lpcxpresso_7.0.0_92/lpcxpresso/tools/bin/../lib/gcc/arm-none-eabi/4.8.3/../../../../arm-none-eabi/lib/armv6-m\libcr_c.a(fpprintf.o)
                0x00007218                vsnprintf
 .text.printf   0x00007274       0x50 c:/nxp/lpcxpresso_7.0.0_92/lpcxpresso/tools/bin/../lib/gcc/arm-none-eabi/4.8.3/../../../../arm-none-eabi/lib/armv6-m\libcr_c.a(fpprintf.o)
                0x00007274                printf
 .text._initio  0x000072c4       0xa4 c:/nxp/lpcxpresso_7.0.0_92/lpcxpresso/tools/bin/../lib/gcc/arm-none-eabi/4.8.3/../../../../arm-none-eabi/lib/armv6-m\libcr_c.a(initio.o)
                0x000072c4                _initio
 .text.__vfprintf
                0x00007368      0xd4c c:/nxp/lpcxpresso_7.0.0_92/lpcxpresso/tools/bin/../lib/gcc/arm-none-eabi/4.8.3/../../../../arm-none-eabi/lib/armv6-m\libcr_c.a(printf.o)
                0x00007368                __vfprintf
 .text.setvbuf  0x000080b4       0x48 c:/nxp/lpcxpresso_7.0.0_92/lpcxpresso/tools/bin/../lib/gcc/arm-none-eabi/4.8.3/../../../../arm-none-eabi/lib/armv6-m\libcr_c.a(setvbuf.o)
                0x000080b4                setvbuf
 .text.strcat   0x000080fc       0x1a c:/nxp/lpcxpresso_7.0.0_92/lpcxpresso/tools/bin/../lib/gcc/arm-none-eabi/4.8.3/../../../../arm-none-eabi/lib/armv6-m\libcr_c.a(strcat.o)
                0x000080fc                strcat
 *fill*         0x00008116        0x2 
 .text.strcmp   0x00008118       0x44 c:/nxp/lpcxpresso_7.0.0_92/lpcxpresso/tools/bin/../lib/gcc/arm-none-eabi/4.8.3/../../../../arm-none-eabi/lib/armv6-m\libcr_c.a(strcmp.o)
                0x00008118                strcmp
 .text.strcpy   0x0000815c       0x44 c:/nxp/lpcxpresso_7.0.0_92/lpcxpresso/tools/bin/../lib/gcc/arm-none-eabi/4.8.3/../../../../arm-none-eabi/lib/armv6-m\libcr_c.a(strcpy.o)
                0x0000815c                strcpy
 .text.strlen   0x000081a0       0x54 c:/nxp/lpcxpresso_7.0.0_92/lpcxpresso/tools/bin/../lib/gcc/arm-none-eabi/4.8.3/../../../../arm-none-eabi/lib/armv6-m\libcr_c.a(strlen.o)
                0x000081a0                strlen
 .text.strncpy  0x000081f4       0x58 c:/nxp/lpcxpresso_7.0.0_92/lpcxpresso/tools/bin/../lib/gcc/arm-none-eabi/4.8.3/../../../../arm-none-eabi/lib/armv6-m\libcr_c.a(strncpy.o)
                0x000081f4                strncpy
 .text.strstr   0x0000824c       0x22 c:/nxp/lpcxpresso_7.0.0_92/lpcxpresso/tools/bin/../lib/gcc/arm-none-eabi/4.8.3/../../../../arm-none-eabi/lib/armv6-m\libcr_c.a(strstr.o)
                0x0000824c                strstr
 *fill*         0x0000826e        0x2 
 .text.strtok   0x00008270       0x44 c:/nxp/lpcxpresso_7.0.0_92/lpcxpresso/tools/bin/../lib/gcc/arm-none-eabi/4.8.3/../../../../arm-none-eabi/lib/armv6-m\libcr_c.a(strtok.o)
                0x00008270                strtok
 .text._sbrk    0x000082b4       0x40 c:/nxp/lpcxpresso_7.0.0_92/lpcxpresso/tools/bin/../lib/gcc/arm-none-eabi/4.8.3/../../../../arm-none-eabi/lib/armv6-m\libcr_c.a(_cr_sbrk.o)
                0x000082b4                _sbrk
 .text._deferredlazyseek
                0x000082f4       0x44 c:/nxp/lpcxpresso_7.0.0_92/lpcxpresso/tools/bin/../lib/gcc/arm-none-eabi/4.8.3/../../../../arm-none-eabi/lib/armv6-m\libcr_c.a(_deferredlazyseek.o)
                0x000082f4                _deferredlazyseek
 .text.__flsbuf
                0x00008338      0x154 c:/nxp/lpcxpresso_7.0.0_92/lpcxpresso/tools/bin/../lib/gcc/arm-none-eabi/4.8.3/../../../../arm-none-eabi/lib/armv6-m\libcr_c.a(_deferredlazyseek.o)
                0x00008338                __flsbuf
 .text._fdopen  0x0000848c       0x68 c:/nxp/lpcxpresso_7.0.0_92/lpcxpresso/tools/bin/../lib/gcc/arm-none-eabi/4.8.3/../../../../arm-none-eabi/lib/armv6-m\libcr_c.a(_fdopen.o)
                0x0000848c                _fdopen
 .text._fflush  0x000084f4       0x64 c:/nxp/lpcxpresso_7.0.0_92/lpcxpresso/tools/bin/../lib/gcc/arm-none-eabi/4.8.3/../../../../arm-none-eabi/lib/armv6-m\libcr_c.a(_fflush.o)
                0x000084f4                _fflush
 .text._frexpl  0x00008558       0x80 c:/nxp/lpcxpresso_7.0.0_92/lpcxpresso/tools/bin/../lib/gcc/arm-none-eabi/4.8.3/../../../../arm-none-eabi/lib/armv6-m\libcr_c.a(_frexpl.o)
                0x00008558                _frexpl
 .text._ldexpl  0x000085d8       0x60 c:/nxp/lpcxpresso_7.0.0_92/lpcxpresso/tools/bin/../lib/gcc/arm-none-eabi/4.8.3/../../../../arm-none-eabi/lib/armv6-m\libcr_c.a(_ldexpl.o)
                0x000085d8                _ldexpl
 .text._Cwritebuf
                0x00008638       0x6c c:/nxp/lpcxpresso_7.0.0_92/lpcxpresso/tools/bin/../lib/gcc/arm-none-eabi/4.8.3/../../../../arm-none-eabi/lib/armv6-m\libcr_c.a(_writebuf.o)
                0x00008638                _Cwritebuf
 .text.fclose   0x000086a4       0x70 c:/nxp/lpcxpresso_7.0.0_92/lpcxpresso/tools/bin/../lib/gcc/arm-none-eabi/4.8.3/../../../../arm-none-eabi/lib/armv6-m\libcr_c.a(fclose.o)
                0x000086a4                fclose
 .text.fflush   0x00008714       0x34 c:/nxp/lpcxpresso_7.0.0_92/lpcxpresso/tools/bin/../lib/gcc/arm-none-eabi/4.8.3/../../../../arm-none-eabi/lib/armv6-m\libcr_c.a(fflush.o)
                0x00008714                fflush
 .text.fseek    0x00008748       0xf8 c:/nxp/lpcxpresso_7.0.0_92/lpcxpresso/tools/bin/../lib/gcc/arm-none-eabi/4.8.3/../../../../arm-none-eabi/lib/armv6-m\libcr_c.a(fseek.o)
                0x00008748                fseek
 .text.ftell    0x00008840       0x4c c:/nxp/lpcxpresso_7.0.0_92/lpcxpresso/tools/bin/../lib/gcc/arm-none-eabi/4.8.3/../../../../arm-none-eabi/lib/armv6-m\libcr_c.a(ftell.o)
                0x00008840                ftell
 .text.remove   0x0000888c       0x12 c:/nxp/lpcxpresso_7.0.0_92/lpcxpresso/tools/bin/../lib/gcc/arm-none-eabi/4.8.3/../../../../arm-none-eabi/lib/armv6-m\libcr_c.a(remove.o)
                0x0000888c                remove
 .text.strcspn  0x0000889e       0x22 c:/nxp/lpcxpresso_7.0.0_92/lpcxpresso/tools/bin/../lib/gcc/arm-none-eabi/4.8.3/../../../../arm-none-eabi/lib/armv6-m\libcr_c.a(strcspn.o)
                0x0000889e                strcspn
 .text.strspn   0x000088c0       0x22 c:/nxp/lpcxpresso_7.0.0_92/lpcxpresso/tools/bin/../lib/gcc/arm-none-eabi/4.8.3/../../../../arm-none-eabi/lib/armv6-m\libcr_c.a(strspn.o)
                0x000088c0                strspn
 *fill*         0x000088e2        0x2 
 .text.__check_heap_overflow
                0x000088e4       0x2c c:/nxp/lpcxpresso_7.0.0_92/lpcxpresso/tools/bin/../lib/gcc/arm-none-eabi/4.8.3/../../../../arm-none-eabi/lib/armv6-m\libcr_c.a(_cr_check_heap.o)
                0x000088e4                __check_heap_overflow
 .text._do_fflush
                0x00008910       0x48 c:/nxp/lpcxpresso_7.0.0_92/lpcxpresso/tools/bin/../lib/gcc/arm-none-eabi/4.8.3/../../../../arm-none-eabi/lib/armv6-m\libcr_c.a(_do_fflush.o)
                0x00008910                _do_fflush
 .text.__aeabi_dmul
                0x00008958      0x188 c:/nxp/lpcxpresso_7.0.0_92/lpcxpresso/tools/bin/../lib/gcc/arm-none-eabi/4.8.3/armv6-m\libcr_eabihelpers.a(double.o)
                0x00008958                __aeabi_dmul
 .text.__aeabi_ddiv
                0x00008ae0      0x160 c:/nxp/lpcxpresso_7.0.0_92/lpcxpresso/tools/bin/../lib/gcc/arm-none-eabi/4.8.3/armv6-m\libcr_eabihelpers.a(double.o)
                0x00008ae0                __aeabi_ddiv
 .text.__aeabi_dsub
                0x00008c40      0x1e8 c:/nxp/lpcxpresso_7.0.0_92/lpcxpresso/tools/bin/../lib/gcc/arm-none-eabi/4.8.3/armv6-m\libcr_eabihelpers.a(double.o)
                0x00008c40                __aeabi_dsub
 .text.__aeabi_dadd
                0x00008e28      0x148 c:/nxp/lpcxpresso_7.0.0_92/lpcxpresso/tools/bin/../lib/gcc/arm-none-eabi/4.8.3/armv6-m\libcr_eabihelpers.a(double.o)
                0x00008e28                __aeabi_dadd
 .text.__aeabi_d2iz
                0x00008f70       0x48 c:/nxp/lpcxpresso_7.0.0_92/lpcxpresso/tools/bin/../lib/gcc/arm-none-eabi/4.8.3/armv6-m\libcr_eabihelpers.a(double.o)
                0x00008f70                __aeabi_d2iz
 .text.__bhs_ui2d
                0x00008fb8       0x5e c:/nxp/lpcxpresso_7.0.0_92/lpcxpresso/tools/bin/../lib/gcc/arm-none-eabi/4.8.3/armv6-m\libcr_eabihelpers.a(double.o)
                0x00008fb8                __bhs_ui2d
 .text.__aeabi_i2d
                0x00009016       0x16 c:/nxp/lpcxpresso_7.0.0_92/lpcxpresso/tools/bin/../lib/gcc/arm-none-eabi/4.8.3/armv6-m\libcr_eabihelpers.a(double.o)
                0x00009016                __aeabi_i2d
 .text.__aeabi_dcmpeq
                0x0000902c       0x38 c:/nxp/lpcxpresso_7.0.0_92/lpcxpresso/tools/bin/../lib/gcc/arm-none-eabi/4.8.3/armv6-m\libcr_eabihelpers.a(double.o)
                0x0000902c                __aeabi_dcmpeq
 .text.__aeabi_dcmplt
                0x00009064       0x78 c:/nxp/lpcxpresso_7.0.0_92/lpcxpresso/tools/bin/../lib/gcc/arm-none-eabi/4.8.3/armv6-m\libcr_eabihelpers.a(double.o)
                0x00009064                __aeabi_dcmplt
 .text.__aeabi_dcmple
                0x000090dc       0x74 c:/nxp/lpcxpresso_7.0.0_92/lpcxpresso/tools/bin/../lib/gcc/arm-none-eabi/4.8.3/armv6-m\libcr_eabihelpers.a(double.o)
                0x000090dc                __aeabi_dcmple
 .text.__aeabi_dcmpge
                0x00009150       0x6c c:/nxp/lpcxpresso_7.0.0_92/lpcxpresso/tools/bin/../lib/gcc/arm-none-eabi/4.8.3/armv6-m\libcr_eabihelpers.a(double.o)
                0x00009150                __aeabi_dcmpge
 .text.__aeabi_llong_lmul
                0x000091bc       0x2e c:/nxp/lpcxpresso_7.0.0_92/lpcxpresso/tools/bin/../lib/gcc/arm-none-eabi/4.8.3/armv6-m\libcr_eabihelpers.a(llong.o)
                0x000091bc                __aeabi_lmul
 .text.__aeabi_memcpy
                0x000091ea       0x2c c:/nxp/lpcxpresso_7.0.0_92/lpcxpresso/tools/bin/../lib/gcc/arm-none-eabi/4.8.3/armv6-m\libcr_eabihelpers.a(memcpy.o)
                0x000091ea                __aeabi_memcpy4
                0x000091ea                __aeabi_memcpy8
                0x000091ea                __aeabi_memcpy
 .text.__aeabi_memset_lowlevel
                0x00009216       0x2a c:/nxp/lpcxpresso_7.0.0_92/lpcxpresso/tools/bin/../lib/gcc/arm-none-eabi/4.8.3/armv6-m\libcr_eabihelpers.a(memcpy.o)
                0x00009216                __aeabi_lowlevel_memset
 .text.__sys_appexit
                0x00009240        0x2 c:/nxp/lpcxpresso_7.0.0_92/lpcxpresso/tools/bin/../lib/gcc/arm-none-eabi/4.8.3/../../../../arm-none-eabi/lib/armv6-m\libcr_nohost.a(__sys_appexit.o)
                0x00009240                __sys_appexit
                0x00009240                __exit
 .text.__sys_close
                0x00009242        0x6 c:/nxp/lpcxpresso_7.0.0_92/lpcxpresso/tools/bin/../lib/gcc/arm-none-eabi/4.8.3/../../../../arm-none-eabi/lib/armv6-m\libcr_nohost.a(__sys_close.o)
                0x00009242                __sys_close
 .text.__sys_flen
                0x00009248        0x6 c:/nxp/lpcxpresso_7.0.0_92/lpcxpresso/tools/bin/../lib/gcc/arm-none-eabi/4.8.3/../../../../arm-none-eabi/lib/armv6-m\libcr_nohost.a(__sys_flen.o)
                0x00009248                __sys_flen
 .text.__sys_istty
                0x0000924e        0x6 c:/nxp/lpcxpresso_7.0.0_92/lpcxpresso/tools/bin/../lib/gcc/arm-none-eabi/4.8.3/../../../../arm-none-eabi/lib/armv6-m\libcr_nohost.a(__sys_istty.o)
                0x0000924e                __sys_istty
 .text.__sys_remove
                0x00009254        0x6 c:/nxp/lpcxpresso_7.0.0_92/lpcxpresso/tools/bin/../lib/gcc/arm-none-eabi/4.8.3/../../../../arm-none-eabi/lib/armv6-m\libcr_nohost.a(__sys_remove.o)
                0x00009254                __sys_remove
 .text.__sys_seek
                0x0000925a        0x6 c:/nxp/lpcxpresso_7.0.0_92/lpcxpresso/tools/bin/../lib/gcc/arm-none-eabi/4.8.3/../../../../arm-none-eabi/lib/armv6-m\libcr_nohost.a(__sys_seek.o)
                0x0000925a                __sys_seek
 .text.__sys_tmpnam
                0x00009260        0x6 c:/nxp/lpcxpresso_7.0.0_92/lpcxpresso/tools/bin/../lib/gcc/arm-none-eabi/4.8.3/../../../../arm-none-eabi/lib/armv6-m\libcr_nohost.a(__sys_tmpnam.o)
                0x00009260                __sys_tmpnam
 *(.rodata .rodata.* .constdata .constdata.*)
 *fill*         0x00009266        0x2 
 .rodata        0x00009268     0x10a8 ./src/main.o
 .rodata        0x0000a310       0xf4 ./src/userHandler.o
 .rodata.OscRateIn
                0x0000a404        0x4 D:\WIZnet\__Purple\___LPCXpresso_Workspace\wiznet_evb_w5500evb_board\Debug\libwiznet_evb_w5500evb_board.a(board.o)
                0x0000a404                OscRateIn
 .rodata.dio_pins
                0x0000a408       0x10 D:\WIZnet\__Purple\___LPCXpresso_Workspace\wiznet_evb_w5500evb_board\Debug\libwiznet_evb_w5500evb_board.a(board.o)
                0x0000a408                dio_pins
 .rodata.dio_ports
                0x0000a418       0x10 D:\WIZnet\__Purple\___LPCXpresso_Workspace\wiznet_evb_w5500evb_board\Debug\libwiznet_evb_w5500evb_board.a(board.o)
                0x0000a418                dio_ports
 .rodata.ain_pins
                0x0000a428        0x8 D:\WIZnet\__Purple\___LPCXpresso_Workspace\wiznet_evb_w5500evb_board\Debug\libwiznet_evb_w5500evb_board.a(board.o)
                0x0000a428                ain_pins
 .rodata.adc_channels
                0x0000a430        0x8 D:\WIZnet\__Purple\___LPCXpresso_Workspace\wiznet_evb_w5500evb_board\Debug\libwiznet_evb_w5500evb_board.a(board.o)
                0x0000a430                adc_channels
 .rodata.ledports
                0x0000a438        0x4 D:\WIZnet\__Purple\___LPCXpresso_Workspace\wiznet_evb_w5500evb_board\Debug\libwiznet_evb_w5500evb_board.a(board.o)
 .rodata.ledpins
                0x0000a43c        0x4 D:\WIZnet\__Purple\___LPCXpresso_Workspace\wiznet_evb_w5500evb_board\Debug\libwiznet_evb_w5500evb_board.a(board.o)
 .rodata.pinmuxing
                0x0000a440       0x40 D:\WIZnet\__Purple\___LPCXpresso_Workspace\wiznet_evb_w5500evb_board\Debug\libwiznet_evb_w5500evb_board.a(board_sysinit.o)
 .rodata        0x0000a480       0x2c D:\WIZnet\__Purple\___LPCXpresso_Workspace\wiznet_evb_w5500evb_board\Debug\libwiznet_evb_w5500evb_board.a(w5500_spi.o)
 .rodata.wdtOSCRate
                0x0000a4ac       0x40 D:\WIZnet\__Purple\___LPCXpresso_Workspace\lpc_chip_11exx\Debug\liblpc_chip_11exx.a(clock_11xx.o)
 .rodata        0x0000a4ec      0x600 D:\WIZnet\__Purple\___LPCXpresso_Workspace\ioLibrary\Debug\libioLibrary.a(httpParser.o)
 .rodata.ERROR_HTML_PAGE
                0x0000aaec       0x9c D:\WIZnet\__Purple\___LPCXpresso_Workspace\ioLibrary\Debug\libioLibrary.a(httpServer.o)
 .rodata.ERROR_REQUEST_PAGE
                0x0000ab88       0x78 D:\WIZnet\__Purple\___LPCXpresso_Workspace\ioLibrary\Debug\libioLibrary.a(httpServer.o)
 .rodata        0x0000ac00      0x7cc D:\WIZnet\__Purple\___LPCXpresso_Workspace\ioLibrary\Debug\libioLibrary.a(httpServer.o)
 .rodata.httpServer_run
                0x0000b3cc       0x74 D:\WIZnet\__Purple\___LPCXpresso_Workspace\ioLibrary\Debug\libioLibrary.a(httpServer.o)
 .rodata        0x0000b440       0x10 D:\WIZnet\__Purple\___LPCXpresso_Workspace\ioLibrary\Debug\libioLibrary.a(httpUtil.o)
 .rodata.ctlwizchip
                0x0000b450       0x40 D:\WIZnet\__Purple\___LPCXpresso_Workspace\ioLibrary\Debug\libioLibrary.a(wizchip_conf.o)
 .rodata.ctlnetwork
                0x0000b490       0x18 D:\WIZnet\__Purple\___LPCXpresso_Workspace\ioLibrary\Debug\libioLibrary.a(wizchip_conf.o)
 .rodata.str1.1
                0x0000b4a8       0x18 c:/nxp/lpcxpresso_7.0.0_92/lpcxpresso/tools/bin/../lib/gcc/arm-none-eabi/4.8.3/../../../../arm-none-eabi/lib/armv6-m\libcr_c.a(alloc.o)
 .rodata.str1.1
                0x0000b4c0       0x34 c:/nxp/lpcxpresso_7.0.0_92/lpcxpresso/tools/bin/../lib/gcc/arm-none-eabi/4.8.3/../../../../arm-none-eabi/lib/armv6-m\libcr_c.a(fpprintf.o)
                                 0x35 (size before relaxing)
 .rodata.str1.1
                0x0000b4f4        0x4 c:/nxp/lpcxpresso_7.0.0_92/lpcxpresso/tools/bin/../lib/gcc/arm-none-eabi/4.8.3/../../../../arm-none-eabi/lib/armv6-m\libcr_c.a(initio.o)
 .rodata.str1.1
                0x0000b4f8       0x31 c:/nxp/lpcxpresso_7.0.0_92/lpcxpresso/tools/bin/../lib/gcc/arm-none-eabi/4.8.3/../../../../arm-none-eabi/lib/armv6-m\libcr_c.a(printf.o)
                                 0x38 (size before relaxing)
 .rodata.str1.1
                0x00000000        0x1 c:/nxp/lpcxpresso_7.0.0_92/lpcxpresso/tools/bin/../lib/gcc/arm-none-eabi/4.8.3/../../../../arm-none-eabi/lib/armv6-m\libcr_c.a(strtok.o)
 *fill*         0x0000b529        0x7 
 .rodata.__huge_vall
                0x0000b530        0x8 c:/nxp/lpcxpresso_7.0.0_92/lpcxpresso/tools/bin/../lib/gcc/arm-none-eabi/4.8.3/../../../../arm-none-eabi/lib/armv6-m\libcr_c.a(_hugeval.o)
                0x0000b530                __huge_vall
                0x0000b538                . = ALIGN (0x4)

.glue_7         0x0000b538        0x0
 .glue_7        0x00000000        0x0 linker stubs

.glue_7t        0x0000b538        0x0
 .glue_7t       0x00000000        0x0 linker stubs

.vfp11_veneer   0x0000b538        0x0
 .vfp11_veneer  0x00000000        0x0 linker stubs

.v4_bx          0x0000b538        0x0
 .v4_bx         0x00000000        0x0 linker stubs

.iplt           0x0000b538        0x0
 .iplt          0x00000000        0x0 ./src/adcHandler.o

.rel.dyn        0x0000b538        0x0
 .rel.iplt      0x00000000        0x0 ./src/adcHandler.o

.ARM.extab
 *(.ARM.extab* .gnu.linkonce.armextab.*)
                0x0000b538                __exidx_start = .

.ARM.exidx
 *(.ARM.exidx* .gnu.linkonce.armexidx.*)
                0x0000b538                __exidx_end = .
                0x0000b538                _etext = .

.data_RAM2      0x20000000        0x0 load address 0x0000b538
 FILL mask 0xff
 *(.data.$RAM2*)
 *(.data.$RamPeriph2*)
                0x20000000                . = ALIGN (0x4)

.data_RAM3      0x20004000        0x0 load address 0x0000b538
 FILL mask 0xff
 *(.data.$RAM3*)
 *(.data.$SRAM1_2*)
                0x20004000                . = ALIGN (0x4)

.uninit_RESERVED
                0x10000000        0x0
 *(.bss.$RESERVED*)
                0x10000000                . = ALIGN (0x4)
                0x10000000                _end_uninit_RESERVED = .

.data           0x10000000      0x164 load address 0x0000b538
 FILL mask 0xff
                0x10000000                _data = .
 *(vtable)
 *(.data*)
 .data.socknumlist
                0x10000000        0x8 ./src/main.o
                0x10000000                socknumlist
 .data.gWIZNETINFO
                0x10000008       0x18 ./src/main.o
                0x10000008                gWIZNETINFO
 .data.PHYStatus_check_flag
                0x10000020        0x1 ./src/main.o
                0x10000020                PHYStatus_check_flag
 *fill*         0x10000021        0x3 
 .data.index_page_array
                0x10000024      0x108 ./src/webpage.o
                0x10000024                index_page_array
 .data.HTTPServer_ReStart
                0x1000012c        0x4 D:\WIZnet\__Purple\___LPCXpresso_Workspace\ioLibrary\Debug\libioLibrary.a(httpServer.o)
                0x1000012c                HTTPServer_ReStart
 .data.HTTPServer_WDT_Reset
                0x10000130        0x4 D:\WIZnet\__Purple\___LPCXpresso_Workspace\ioLibrary\Debug\libioLibrary.a(httpServer.o)
                0x10000130                HTTPServer_WDT_Reset
 .data.sock_any_port
                0x10000134        0x2 D:\WIZnet\__Purple\___LPCXpresso_Workspace\ioLibrary\Debug\libioLibrary.a(socket.o)
 *fill*         0x10000136        0x2 
 .data.WIZCHIP  0x10000138       0x28 D:\WIZnet\__Purple\___LPCXpresso_Workspace\ioLibrary\Debug\libioLibrary.a(wizchip_conf.o)
                0x10000138                WIZCHIP
 .data.saves1.3838
                0x10000160        0x4 c:/nxp/lpcxpresso_7.0.0_92/lpcxpresso/tools/bin/../lib/gcc/arm-none-eabi/4.8.3/../../../../arm-none-eabi/lib/armv6-m\libcr_c.a(strtok.o)
                0x10000164                . = ALIGN (0x4)
                0x10000164                _edata = .

.igot.plt       0x10000164        0x0 load address 0x0000b69c
 .igot.plt      0x00000000        0x0 ./src/adcHandler.o

.bss_RAM2       0x20000000        0x0
 *(.bss.$RAM2*)
 *(.bss.$RamPeriph2*)
                0x20000000                . = ALIGN (0x4)

.bss_RAM3       0x20004000        0x0
 *(.bss.$RAM3*)
 *(.bss.$SRAM1_2*)
                0x20004000                . = ALIGN (0x4)

.bss            0x10000164     0x13bc
                0x10000164                _bss = .
 *(.bss*)
 .bss.enabled_adc_channel
                0x10000164        0x8 ./src/adcHandler.o
 .bss.ADCSetup.5989
                0x1000016c        0x8 ./src/adcHandler.o
 .bss.PHYStatus_check_enable
                0x10000174        0x1 ./src/main.o
                0x10000174                PHYStatus_check_enable
 .bss.RGBLED_enable
                0x10000175        0x1 ./src/main.o
 .bss.button1_enable
                0x10000176        0x1 ./src/main.o
                0x10000176                button1_enable
 .bss.button1_pressed_flag
                0x10000177        0x1 ./src/main.o
                0x10000177                button1_pressed_flag
 .bss.LED_status_backup.6306
                0x10000178        0x1 ./src/main.o
 .bss.buttons_status.6312
                0x10000179        0x1 ./src/main.o
 .bss.ret.6313  0x1000017a        0x1 ./src/main.o
 .bss.button1_press_detected.6320
                0x1000017b        0x1 ./src/main.o
 .bss.button1_pressed_check_cnt.6318
                0x1000017c        0x2 ./src/main.o
 .bss.led_state.6319
                0x1000017e        0x1 ./src/main.o
 *fill*         0x1000017f        0x1 
 .bss.phystatus_check_cnt.6317
                0x10000180        0x2 ./src/main.o
 *fill*         0x10000182        0x2 
 .bss.HTTPSock_Num
                0x10000184        0x8 D:\WIZnet\__Purple\___LPCXpresso_Workspace\ioLibrary\Debug\libioLibrary.a(httpServer.o)
 .bss.http_request
                0x1000018c        0x4 D:\WIZnet\__Purple\___LPCXpresso_Workspace\ioLibrary\Debug\libioLibrary.a(httpServer.o)
 .bss.parsed_http_request
                0x10000190        0x4 D:\WIZnet\__Purple\___LPCXpresso_Workspace\ioLibrary\Debug\libioLibrary.a(httpServer.o)
 .bss.http_response
                0x10000194        0x4 D:\WIZnet\__Purple\___LPCXpresso_Workspace\ioLibrary\Debug\libioLibrary.a(httpServer.o)
 .bss.total_content_cnt
                0x10000198        0x2 D:\WIZnet\__Purple\___LPCXpresso_Workspace\ioLibrary\Debug\libioLibrary.a(httpServer.o)
 *fill*         0x1000019a        0x2 
 .bss.httpServer_tick_1s
                0x1000019c        0x4 D:\WIZnet\__Purple\___LPCXpresso_Workspace\ioLibrary\Debug\libioLibrary.a(httpServer.o)
                0x1000019c                httpServer_tick_1s
 .bss.sock_io_mode
                0x100001a0        0x2 D:\WIZnet\__Purple\___LPCXpresso_Workspace\ioLibrary\Debug\libioLibrary.a(socket.o)
 .bss.sock_is_sending
                0x100001a2        0x2 D:\WIZnet\__Purple\___LPCXpresso_Workspace\ioLibrary\Debug\libioLibrary.a(socket.o)
 .bss.sock_remained_size
                0x100001a4       0x10 D:\WIZnet\__Purple\___LPCXpresso_Workspace\ioLibrary\Debug\libioLibrary.a(socket.o)
 .bss.sock_pack_info
                0x100001b4        0x8 D:\WIZnet\__Purple\___LPCXpresso_Workspace\ioLibrary\Debug\libioLibrary.a(socket.o)
 .bss._DNS_     0x100001bc        0x4 D:\WIZnet\__Purple\___LPCXpresso_Workspace\ioLibrary\Debug\libioLibrary.a(wizchip_conf.o)
 .bss._DHCP_    0x100001c0        0x1 D:\WIZnet\__Purple\___LPCXpresso_Workspace\ioLibrary\Debug\libioLibrary.a(wizchip_conf.o)
 *fill*         0x100001c1        0x3 
 .bss.errno     0x100001c4        0x4 c:/nxp/lpcxpresso_7.0.0_92/lpcxpresso/tools/bin/../lib/gcc/arm-none-eabi/4.8.3/../../../../arm-none-eabi/lib/armv6-m\libcr_c.a(errno.o)
                0x100001c4                errno
 *(COMMON)
 COMMON         0x100001c8        0x8 ./src/cr_startup_lpc11exx.o
                0x100001c8                pDivRom_uidiv
                0x100001cc                pDivRom_idiv
 COMMON         0x100001d0     0x1004 ./src/main.o
                0x100001d0                RX_BUF
                0x100009d0                TX_BUF
                0x100011d0                msTicks
 COMMON         0x100011d4        0x4 D:\WIZnet\__Purple\___LPCXpresso_Workspace\lpc_chip_11exx\Debug\liblpc_chip_11exx.a(chip_11xx.o)
                0x100011d4                SystemCoreClock
 COMMON         0x100011d8      0x100 D:\WIZnet\__Purple\___LPCXpresso_Workspace\ioLibrary\Debug\libioLibrary.a(httpParser.o)
                0x100011d8                BUFPUB
 COMMON         0x100012d8       0xfc D:\WIZnet\__Purple\___LPCXpresso_Workspace\ioLibrary\Debug\libioLibrary.a(httpServer.o)
                0x100012d8                pHTTP_TX
                0x100012dc                HTTPSock_Status
                0x100012e0                pHTTP_RX
                0x100012e4                web_content
 COMMON         0x100013d4        0x4 c:/nxp/lpcxpresso_7.0.0_92/lpcxpresso/tools/bin/../lib/gcc/arm-none-eabi/4.8.3/../../../../arm-none-eabi/lib/armv6-m\libcr_c.a(initio.o)
                0x100013d4                _extra
 COMMON         0x100013d8      0x140 c:/nxp/lpcxpresso_7.0.0_92/lpcxpresso/tools/bin/../lib/gcc/arm-none-eabi/4.8.3/../../../../arm-none-eabi/lib/armv6-m\libcr_c.a(stdio.o)
                0x100013d8                __Ciob
 COMMON         0x10001518        0x8 c:/nxp/lpcxpresso_7.0.0_92/lpcxpresso/tools/bin/../lib/gcc/arm-none-eabi/4.8.3/../../../../arm-none-eabi/lib/armv6-m\libcr_c.a(__init_alloc.o)
                0x10001518                __heaps
                0x1000151c                __end_of_heap
                0x10001520                . = ALIGN (0x4)
                0x10001520                _ebss = .
                0x10001520                PROVIDE (end, .)

.noinit_RAM2    0x20000000        0x0
 *(.noinit.$RAM2*)
 *(.noinit.$RamPeriph2*)
                0x20000000                . = ALIGN (0x4)

.noinit_RAM3    0x20004000        0x0
 *(.noinit.$RAM3*)
 *(.noinit.$SRAM1_2*)
                0x20004000                . = ALIGN (0x4)

.noinit         0x10001520        0x0
                0x10001520                _noinit = .
 *(.noinit*)
                0x10001520                . = ALIGN (0x4)
                0x10001520                _end_noinit = .
                0x10001520                PROVIDE (_pvHeapStart, .)
                0x10002000                PROVIDE (_vStackTop, (__top_RamLoc8 - 0x0))
OUTPUT(w5500evb_internet_http_server.axf elf32-littlearm)

.debug_info     0x00000000     0xa4d6
 .debug_info    0x00000000      0x366 ./src/adcHandler.o
 .debug_info    0x00000366       0x8f ./src/aeabi_romdiv_patch.o
 .debug_info    0x000003f5      0x280 ./src/cr_startup_lpc11exx.o
 .debug_info    0x00000675       0x3f ./src/crp.o
 .debug_info    0x000006b4      0xa74 ./src/main.o
 .debug_info    0x00001128       0xb8 ./src/sysinit.o
 .debug_info    0x000011e0      0x60a ./src/userHandler.o
 .debug_info    0x000017ea       0x9c ./src/webpage.o
 .debug_info    0x00001886      0x8bc D:\WIZnet\__Purple\___LPCXpresso_Workspace\wiznet_evb_w5500evb_board\Debug\libwiznet_evb_w5500evb_board.a(board.o)
 .debug_info    0x00002142      0x915 D:\WIZnet\__Purple\___LPCXpresso_Workspace\wiznet_evb_w5500evb_board\Debug\libwiznet_evb_w5500evb_board.a(board_sysinit.o)
 .debug_info    0x00002a57      0x5f0 D:\WIZnet\__Purple\___LPCXpresso_Workspace\wiznet_evb_w5500evb_board\Debug\libwiznet_evb_w5500evb_board.a(w5500_spi.o)
 .debug_info    0x00003047      0xc45 D:\WIZnet\__Purple\___LPCXpresso_Workspace\lpc_chip_11exx\Debug\liblpc_chip_11exx.a(adc_11xx.o)
 .debug_info    0x00003c8c       0xc2 D:\WIZnet\__Purple\___LPCXpresso_Workspace\lpc_chip_11exx\Debug\liblpc_chip_11exx.a(chip_11xx.o)
 .debug_info    0x00003d4e      0x86f D:\WIZnet\__Purple\___LPCXpresso_Workspace\lpc_chip_11exx\Debug\liblpc_chip_11exx.a(clock_11xx.o)
 .debug_info    0x000045bd      0x96f D:\WIZnet\__Purple\___LPCXpresso_Workspace\lpc_chip_11exx\Debug\liblpc_chip_11exx.a(gpio_11xx_1.o)
 .debug_info    0x00004f2c      0x155 D:\WIZnet\__Purple\___LPCXpresso_Workspace\lpc_chip_11exx\Debug\liblpc_chip_11exx.a(iocon_11xx.o)
 .debug_info    0x00005081     0x10c0 D:\WIZnet\__Purple\___LPCXpresso_Workspace\lpc_chip_11exx\Debug\liblpc_chip_11exx.a(ssp_11xx.o)
 .debug_info    0x00006141      0x583 D:\WIZnet\__Purple\___LPCXpresso_Workspace\lpc_chip_11exx\Debug\liblpc_chip_11exx.a(sysctl_11xx.o)
 .debug_info    0x000066c4      0x81b D:\WIZnet\__Purple\___LPCXpresso_Workspace\lpc_chip_11exx\Debug\liblpc_chip_11exx.a(timer_11xx.o)
 .debug_info    0x00006edf      0xea4 D:\WIZnet\__Purple\___LPCXpresso_Workspace\lpc_chip_11exx\Debug\liblpc_chip_11exx.a(uart_11xx.o)
 .debug_info    0x00007d83      0x562 D:\WIZnet\__Purple\___LPCXpresso_Workspace\ioLibrary\Debug\libioLibrary.a(httpParser.o)
 .debug_info    0x000082e5      0x8aa D:\WIZnet\__Purple\___LPCXpresso_Workspace\ioLibrary\Debug\libioLibrary.a(httpServer.o)
 .debug_info    0x00008b8f      0x22e D:\WIZnet\__Purple\___LPCXpresso_Workspace\ioLibrary\Debug\libioLibrary.a(httpUtil.o)
 .debug_info    0x00008dbd      0x52c D:\WIZnet\__Purple\___LPCXpresso_Workspace\ioLibrary\Debug\libioLibrary.a(w5500.o)
 .debug_info    0x000092e9      0x61a D:\WIZnet\__Purple\___LPCXpresso_Workspace\ioLibrary\Debug\libioLibrary.a(socket.o)
 .debug_info    0x00009903      0xbd3 D:\WIZnet\__Purple\___LPCXpresso_Workspace\ioLibrary\Debug\libioLibrary.a(wizchip_conf.o)

.debug_abbrev   0x00000000     0x2578
 .debug_abbrev  0x00000000      0x12c ./src/adcHandler.o
 .debug_abbrev  0x0000012c       0x12 ./src/aeabi_romdiv_patch.o
 .debug_abbrev  0x0000013e      0x10d ./src/cr_startup_lpc11exx.o
 .debug_abbrev  0x0000024b       0x36 ./src/crp.o
 .debug_abbrev  0x00000281      0x2df ./src/main.o
 .debug_abbrev  0x00000560       0x6a ./src/sysinit.o
 .debug_abbrev  0x000005ca      0x176 ./src/userHandler.o
 .debug_abbrev  0x00000740       0x59 ./src/webpage.o
 .debug_abbrev  0x00000799      0x21c D:\WIZnet\__Purple\___LPCXpresso_Workspace\wiznet_evb_w5500evb_board\Debug\libwiznet_evb_w5500evb_board.a(board.o)
 .debug_abbrev  0x000009b5      0x1cb D:\WIZnet\__Purple\___LPCXpresso_Workspace\wiznet_evb_w5500evb_board\Debug\libwiznet_evb_w5500evb_board.a(board_sysinit.o)
 .debug_abbrev  0x00000b80      0x1e4 D:\WIZnet\__Purple\___LPCXpresso_Workspace\wiznet_evb_w5500evb_board\Debug\libwiznet_evb_w5500evb_board.a(w5500_spi.o)
 .debug_abbrev  0x00000d64      0x1e8 D:\WIZnet\__Purple\___LPCXpresso_Workspace\lpc_chip_11exx\Debug\liblpc_chip_11exx.a(adc_11xx.o)
 .debug_abbrev  0x00000f4c       0x7b D:\WIZnet\__Purple\___LPCXpresso_Workspace\lpc_chip_11exx\Debug\liblpc_chip_11exx.a(chip_11xx.o)
 .debug_abbrev  0x00000fc7      0x1bc D:\WIZnet\__Purple\___LPCXpresso_Workspace\lpc_chip_11exx\Debug\liblpc_chip_11exx.a(clock_11xx.o)
 .debug_abbrev  0x00001183      0x173 D:\WIZnet\__Purple\___LPCXpresso_Workspace\lpc_chip_11exx\Debug\liblpc_chip_11exx.a(gpio_11xx_1.o)
 .debug_abbrev  0x000012f6       0xc8 D:\WIZnet\__Purple\___LPCXpresso_Workspace\lpc_chip_11exx\Debug\liblpc_chip_11exx.a(iocon_11xx.o)
 .debug_abbrev  0x000013be      0x2b0 D:\WIZnet\__Purple\___LPCXpresso_Workspace\lpc_chip_11exx\Debug\liblpc_chip_11exx.a(ssp_11xx.o)
 .debug_abbrev  0x0000166e       0xce D:\WIZnet\__Purple\___LPCXpresso_Workspace\lpc_chip_11exx\Debug\liblpc_chip_11exx.a(sysctl_11xx.o)
 .debug_abbrev  0x0000173c      0x191 D:\WIZnet\__Purple\___LPCXpresso_Workspace\lpc_chip_11exx\Debug\liblpc_chip_11exx.a(timer_11xx.o)
 .debug_abbrev  0x000018cd      0x201 D:\WIZnet\__Purple\___LPCXpresso_Workspace\lpc_chip_11exx\Debug\liblpc_chip_11exx.a(uart_11xx.o)
 .debug_abbrev  0x00001ace      0x1e4 D:\WIZnet\__Purple\___LPCXpresso_Workspace\ioLibrary\Debug\libioLibrary.a(httpParser.o)
 .debug_abbrev  0x00001cb2      0x25f D:\WIZnet\__Purple\___LPCXpresso_Workspace\ioLibrary\Debug\libioLibrary.a(httpServer.o)
 .debug_abbrev  0x00001f11       0xea D:\WIZnet\__Purple\___LPCXpresso_Workspace\ioLibrary\Debug\libioLibrary.a(httpUtil.o)
 .debug_abbrev  0x00001ffb      0x16f D:\WIZnet\__Purple\___LPCXpresso_Workspace\ioLibrary\Debug\libioLibrary.a(w5500.o)
 .debug_abbrev  0x0000216a      0x150 D:\WIZnet\__Purple\___LPCXpresso_Workspace\ioLibrary\Debug\libioLibrary.a(socket.o)
 .debug_abbrev  0x000022ba      0x2be D:\WIZnet\__Purple\___LPCXpresso_Workspace\ioLibrary\Debug\libioLibrary.a(wizchip_conf.o)

.debug_aranges  0x00000000      0xbb0
 .debug_aranges
                0x00000000       0x28 ./src/adcHandler.o
 .debug_aranges
                0x00000028       0x28 ./src/aeabi_romdiv_patch.o
 .debug_aranges
                0x00000050       0x60 ./src/cr_startup_lpc11exx.o
 .debug_aranges
                0x000000b0       0x18 ./src/crp.o
 .debug_aranges
                0x000000c8       0xb0 ./src/main.o
 .debug_aranges
                0x00000178       0x20 ./src/sysinit.o
 .debug_aranges
                0x00000198       0x70 ./src/userHandler.o
 .debug_aranges
                0x00000208       0x18 ./src/webpage.o
 .debug_aranges
                0x00000220       0xc8 D:\WIZnet\__Purple\___LPCXpresso_Workspace\wiznet_evb_w5500evb_board\Debug\libwiznet_evb_w5500evb_board.a(board.o)
 .debug_aranges
                0x000002e8       0x58 D:\WIZnet\__Purple\___LPCXpresso_Workspace\wiznet_evb_w5500evb_board\Debug\libwiznet_evb_w5500evb_board.a(board_sysinit.o)
 .debug_aranges
                0x00000340       0x80 D:\WIZnet\__Purple\___LPCXpresso_Workspace\wiznet_evb_w5500evb_board\Debug\libwiznet_evb_w5500evb_board.a(w5500_spi.o)
 .debug_aranges
                0x000003c0       0xa0 D:\WIZnet\__Purple\___LPCXpresso_Workspace\lpc_chip_11exx\Debug\liblpc_chip_11exx.a(adc_11xx.o)
 .debug_aranges
                0x00000460       0x20 D:\WIZnet\__Purple\___LPCXpresso_Workspace\lpc_chip_11exx\Debug\liblpc_chip_11exx.a(chip_11xx.o)
 .debug_aranges
                0x00000480       0x88 D:\WIZnet\__Purple\___LPCXpresso_Workspace\lpc_chip_11exx\Debug\liblpc_chip_11exx.a(clock_11xx.o)
 .debug_aranges
                0x00000508       0x78 D:\WIZnet\__Purple\___LPCXpresso_Workspace\lpc_chip_11exx\Debug\liblpc_chip_11exx.a(gpio_11xx_1.o)
 .debug_aranges
                0x00000580       0x20 D:\WIZnet\__Purple\___LPCXpresso_Workspace\lpc_chip_11exx\Debug\liblpc_chip_11exx.a(iocon_11xx.o)
 .debug_aranges
                0x000005a0      0x140 D:\WIZnet\__Purple\___LPCXpresso_Workspace\lpc_chip_11exx\Debug\liblpc_chip_11exx.a(ssp_11xx.o)
 .debug_aranges
                0x000006e0       0x38 D:\WIZnet\__Purple\___LPCXpresso_Workspace\lpc_chip_11exx\Debug\liblpc_chip_11exx.a(sysctl_11xx.o)
 .debug_aranges
                0x00000718       0x50 D:\WIZnet\__Purple\___LPCXpresso_Workspace\lpc_chip_11exx\Debug\liblpc_chip_11exx.a(timer_11xx.o)
 .debug_aranges
                0x00000768       0xf0 D:\WIZnet\__Purple\___LPCXpresso_Workspace\lpc_chip_11exx\Debug\liblpc_chip_11exx.a(uart_11xx.o)
 .debug_aranges
                0x00000858       0x70 D:\WIZnet\__Purple\___LPCXpresso_Workspace\ioLibrary\Debug\libioLibrary.a(httpParser.o)
 .debug_aranges
                0x000008c8       0xb0 D:\WIZnet\__Purple\___LPCXpresso_Workspace\ioLibrary\Debug\libioLibrary.a(httpServer.o)
 .debug_aranges
                0x00000978       0x28 D:\WIZnet\__Purple\___LPCXpresso_Workspace\ioLibrary\Debug\libioLibrary.a(httpUtil.o)
 .debug_aranges
                0x000009a0       0x60 D:\WIZnet\__Purple\___LPCXpresso_Workspace\ioLibrary\Debug\libioLibrary.a(w5500.o)
 .debug_aranges
                0x00000a00       0x78 D:\WIZnet\__Purple\___LPCXpresso_Workspace\ioLibrary\Debug\libioLibrary.a(socket.o)
 .debug_aranges
                0x00000a78      0x138 D:\WIZnet\__Purple\___LPCXpresso_Workspace\ioLibrary\Debug\libioLibrary.a(wizchip_conf.o)

.debug_ranges   0x00000000      0xa08
 .debug_ranges  0x00000000       0x18 ./src/adcHandler.o
 .debug_ranges  0x00000018       0x20 ./src/aeabi_romdiv_patch.o
 .debug_ranges  0x00000038       0x50 ./src/cr_startup_lpc11exx.o
 .debug_ranges  0x00000088       0xa0 ./src/main.o
 .debug_ranges  0x00000128       0x10 ./src/sysinit.o
 .debug_ranges  0x00000138       0x60 ./src/userHandler.o
 .debug_ranges  0x00000198       0xb8 D:\WIZnet\__Purple\___LPCXpresso_Workspace\wiznet_evb_w5500evb_board\Debug\libwiznet_evb_w5500evb_board.a(board.o)
 .debug_ranges  0x00000250       0x48 D:\WIZnet\__Purple\___LPCXpresso_Workspace\wiznet_evb_w5500evb_board\Debug\libwiznet_evb_w5500evb_board.a(board_sysinit.o)
 .debug_ranges  0x00000298       0x70 D:\WIZnet\__Purple\___LPCXpresso_Workspace\wiznet_evb_w5500evb_board\Debug\libwiznet_evb_w5500evb_board.a(w5500_spi.o)
 .debug_ranges  0x00000308       0x90 D:\WIZnet\__Purple\___LPCXpresso_Workspace\lpc_chip_11exx\Debug\liblpc_chip_11exx.a(adc_11xx.o)
 .debug_ranges  0x00000398       0x10 D:\WIZnet\__Purple\___LPCXpresso_Workspace\lpc_chip_11exx\Debug\liblpc_chip_11exx.a(chip_11xx.o)
 .debug_ranges  0x000003a8       0x78 D:\WIZnet\__Purple\___LPCXpresso_Workspace\lpc_chip_11exx\Debug\liblpc_chip_11exx.a(clock_11xx.o)
 .debug_ranges  0x00000420       0x68 D:\WIZnet\__Purple\___LPCXpresso_Workspace\lpc_chip_11exx\Debug\liblpc_chip_11exx.a(gpio_11xx_1.o)
 .debug_ranges  0x00000488       0x10 D:\WIZnet\__Purple\___LPCXpresso_Workspace\lpc_chip_11exx\Debug\liblpc_chip_11exx.a(iocon_11xx.o)
 .debug_ranges  0x00000498      0x130 D:\WIZnet\__Purple\___LPCXpresso_Workspace\lpc_chip_11exx\Debug\liblpc_chip_11exx.a(ssp_11xx.o)
 .debug_ranges  0x000005c8       0x28 D:\WIZnet\__Purple\___LPCXpresso_Workspace\lpc_chip_11exx\Debug\liblpc_chip_11exx.a(sysctl_11xx.o)
 .debug_ranges  0x000005f0       0x40 D:\WIZnet\__Purple\___LPCXpresso_Workspace\lpc_chip_11exx\Debug\liblpc_chip_11exx.a(timer_11xx.o)
 .debug_ranges  0x00000630       0xe0 D:\WIZnet\__Purple\___LPCXpresso_Workspace\lpc_chip_11exx\Debug\liblpc_chip_11exx.a(uart_11xx.o)
 .debug_ranges  0x00000710       0x60 D:\WIZnet\__Purple\___LPCXpresso_Workspace\ioLibrary\Debug\libioLibrary.a(httpParser.o)
 .debug_ranges  0x00000770       0xa0 D:\WIZnet\__Purple\___LPCXpresso_Workspace\ioLibrary\Debug\libioLibrary.a(httpServer.o)
 .debug_ranges  0x00000810       0x18 D:\WIZnet\__Purple\___LPCXpresso_Workspace\ioLibrary\Debug\libioLibrary.a(httpUtil.o)
 .debug_ranges  0x00000828       0x50 D:\WIZnet\__Purple\___LPCXpresso_Workspace\ioLibrary\Debug\libioLibrary.a(w5500.o)
 .debug_ranges  0x00000878       0x68 D:\WIZnet\__Purple\___LPCXpresso_Workspace\ioLibrary\Debug\libioLibrary.a(socket.o)
 .debug_ranges  0x000008e0      0x128 D:\WIZnet\__Purple\___LPCXpresso_Workspace\ioLibrary\Debug\libioLibrary.a(wizchip_conf.o)

.debug_macro    0x00000000     0x6a7a
 .debug_macro   0x00000000      0x1b0 ./src/adcHandler.o
 .debug_macro   0x000001b0      0x82c ./src/adcHandler.o
 .debug_macro   0x000009dc       0x10 ./src/adcHandler.o
 .debug_macro   0x000009ec      0x122 ./src/adcHandler.o
 .debug_macro   0x00000b0e      0x5b9 ./src/adcHandler.o
 .debug_macro   0x000010c7       0x22 ./src/adcHandler.o
 .debug_macro   0x000010e9       0x7b ./src/adcHandler.o
 .debug_macro   0x00001164       0x10 ./src/adcHandler.o
 .debug_macro   0x00001174       0x1f ./src/adcHandler.o
 .debug_macro   0x00001193       0x3a ./src/adcHandler.o
 .debug_macro   0x000011cd       0x1f ./src/adcHandler.o
 .debug_macro   0x000011ec      0x242 ./src/adcHandler.o
 .debug_macro   0x0000142e      0x12c ./src/adcHandler.o
 .debug_macro   0x0000155a       0x2e ./src/adcHandler.o
 .debug_macro   0x00001588       0xd5 ./src/adcHandler.o
 .debug_macro   0x0000165d       0x10 ./src/adcHandler.o
 .debug_macro   0x0000166d      0x137 ./src/adcHandler.o
 .debug_macro   0x000017a4       0x4c ./src/adcHandler.o
 .debug_macro   0x000017f0       0x16 ./src/adcHandler.o
 .debug_macro   0x00001806      0x31a ./src/adcHandler.o
 .debug_macro   0x00001b20       0x4f ./src/adcHandler.o
 .debug_macro   0x00001b6f       0xb8 ./src/adcHandler.o
 .debug_macro   0x00001c27       0x18 ./src/adcHandler.o
 .debug_macro   0x00001c3f       0xca ./src/adcHandler.o
 .debug_macro   0x00001d09       0x7c ./src/adcHandler.o
 .debug_macro   0x00001d85       0x1c ./src/adcHandler.o
 .debug_macro   0x00001da1       0x40 ./src/adcHandler.o
 .debug_macro   0x00001de1      0x18a ./src/adcHandler.o
 .debug_macro   0x00001f6b       0x88 ./src/adcHandler.o
 .debug_macro   0x00001ff3       0x40 ./src/adcHandler.o
 .debug_macro   0x00002033       0x2e ./src/adcHandler.o
 .debug_macro   0x00002061      0x148 ./src/adcHandler.o
 .debug_macro   0x000021a9       0x9a ./src/adcHandler.o
 .debug_macro   0x00002243       0x20 ./src/adcHandler.o
 .debug_macro   0x00002263       0x23 ./src/cr_startup_lpc11exx.o
 .debug_macro   0x00002286      0x832 ./src/cr_startup_lpc11exx.o
 .debug_macro   0x00002ab8       0x1a ./src/crp.o
 .debug_macro   0x00002ad2       0x34 ./src/crp.o
 .debug_macro   0x00002b06      0x252 ./src/main.o
 .debug_macro   0x00002d58       0x76 ./src/main.o
 .debug_macro   0x00002dce       0x46 ./src/main.o
 .debug_macro   0x00002e14      0x5e0 ./src/main.o
 .debug_macro   0x000033f4       0x66 ./src/main.o
 .debug_macro   0x0000345a       0x5e ./src/main.o
 .debug_macro   0x000034b8       0x28 ./src/main.o
 .debug_macro   0x000034e0      0x1b0 ./src/sysinit.o
 .debug_macro   0x00003690      0x201 ./src/userHandler.o
 .debug_macro   0x00003891       0xa0 ./src/userHandler.o
 .debug_macro   0x00003931       0x22 ./src/userHandler.o
 .debug_macro   0x00003953       0x74 ./src/userHandler.o
 .debug_macro   0x000039c7      0x172 ./src/userHandler.o
 .debug_macro   0x00003b39       0x3c ./src/webpage.o
 .debug_macro   0x00003b75      0x1db D:\WIZnet\__Purple\___LPCXpresso_Workspace\wiznet_evb_w5500evb_board\Debug\libwiznet_evb_w5500evb_board.a(board.o)
 .debug_macro   0x00003d50      0x81a D:\WIZnet\__Purple\___LPCXpresso_Workspace\wiznet_evb_w5500evb_board\Debug\libwiznet_evb_w5500evb_board.a(board.o)
 .debug_macro   0x0000456a       0x12 D:\WIZnet\__Purple\___LPCXpresso_Workspace\wiznet_evb_w5500evb_board\Debug\libwiznet_evb_w5500evb_board.a(board.o)
 .debug_macro   0x0000457c      0x1be D:\WIZnet\__Purple\___LPCXpresso_Workspace\wiznet_evb_w5500evb_board\Debug\libwiznet_evb_w5500evb_board.a(board_sysinit.o)
 .debug_macro   0x0000473a      0x1e1 D:\WIZnet\__Purple\___LPCXpresso_Workspace\wiznet_evb_w5500evb_board\Debug\libwiznet_evb_w5500evb_board.a(w5500_spi.o)
 .debug_macro   0x0000491b       0x40 D:\WIZnet\__Purple\___LPCXpresso_Workspace\wiznet_evb_w5500evb_board\Debug\libwiznet_evb_w5500evb_board.a(w5500_spi.o)
 .debug_macro   0x0000495b      0x17a D:\WIZnet\__Purple\___LPCXpresso_Workspace\lpc_chip_11exx\Debug\liblpc_chip_11exx.a(adc_11xx.o)
 .debug_macro   0x00004ad5      0x17a D:\WIZnet\__Purple\___LPCXpresso_Workspace\lpc_chip_11exx\Debug\liblpc_chip_11exx.a(chip_11xx.o)
 .debug_macro   0x00004c4f      0x17a D:\WIZnet\__Purple\___LPCXpresso_Workspace\lpc_chip_11exx\Debug\liblpc_chip_11exx.a(clock_11xx.o)
 .debug_macro   0x00004dc9      0x17a D:\WIZnet\__Purple\___LPCXpresso_Workspace\lpc_chip_11exx\Debug\liblpc_chip_11exx.a(gpio_11xx_1.o)
 .debug_macro   0x00004f43      0x17a D:\WIZnet\__Purple\___LPCXpresso_Workspace\lpc_chip_11exx\Debug\liblpc_chip_11exx.a(iocon_11xx.o)
 .debug_macro   0x000050bd      0x17a D:\WIZnet\__Purple\___LPCXpresso_Workspace\lpc_chip_11exx\Debug\liblpc_chip_11exx.a(ssp_11xx.o)
 .debug_macro   0x00005237      0x1a4 D:\WIZnet\__Purple\___LPCXpresso_Workspace\lpc_chip_11exx\Debug\liblpc_chip_11exx.a(sysctl_11xx.o)
 .debug_macro   0x000053db      0x17a D:\WIZnet\__Purple\___LPCXpresso_Workspace\lpc_chip_11exx\Debug\liblpc_chip_11exx.a(timer_11xx.o)
 .debug_macro   0x00005555      0x17a D:\WIZnet\__Purple\___LPCXpresso_Workspace\lpc_chip_11exx\Debug\liblpc_chip_11exx.a(uart_11xx.o)
 .debug_macro   0x000056cf      0x1fd D:\WIZnet\__Purple\___LPCXpresso_Workspace\ioLibrary\Debug\libioLibrary.a(httpParser.o)
 .debug_macro   0x000058cc      0x820 D:\WIZnet\__Purple\___LPCXpresso_Workspace\ioLibrary\Debug\libioLibrary.a(httpParser.o)
 .debug_macro   0x000060ec       0xcf D:\WIZnet\__Purple\___LPCXpresso_Workspace\ioLibrary\Debug\libioLibrary.a(httpParser.o)
 .debug_macro   0x000061bb      0x235 D:\WIZnet\__Purple\___LPCXpresso_Workspace\ioLibrary\Debug\libioLibrary.a(httpServer.o)
 .debug_macro   0x000063f0       0x8c D:\WIZnet\__Purple\___LPCXpresso_Workspace\ioLibrary\Debug\libioLibrary.a(httpUtil.o)
 .debug_macro   0x0000647c      0x1e9 D:\WIZnet\__Purple\___LPCXpresso_Workspace\ioLibrary\Debug\libioLibrary.a(w5500.o)
 .debug_macro   0x00006665      0x204 D:\WIZnet\__Purple\___LPCXpresso_Workspace\ioLibrary\Debug\libioLibrary.a(socket.o)
 .debug_macro   0x00006869      0x1ea D:\WIZnet\__Purple\___LPCXpresso_Workspace\ioLibrary\Debug\libioLibrary.a(wizchip_conf.o)
 .debug_macro   0x00006a53       0x16 D:\WIZnet\__Purple\___LPCXpresso_Workspace\ioLibrary\Debug\libioLibrary.a(wizchip_conf.o)
 .debug_macro   0x00006a69       0x11 D:\WIZnet\__Purple\___LPCXpresso_Workspace\ioLibrary\Debug\libioLibrary.a(wizchip_conf.o)

.debug_line     0x00000000     0x728c
 .debug_line    0x00000000      0x3b9 ./src/adcHandler.o
 .debug_line    0x000003b9       0x65 ./src/aeabi_romdiv_patch.o
 .debug_line    0x0000041e       0xa7 ./src/cr_startup_lpc11exx.o
 .debug_line    0x000004c5       0x77 ./src/crp.o
 .debug_line    0x0000053c      0x822 ./src/main.o
 .debug_line    0x00000d5e      0x362 ./src/sysinit.o
 .debug_line    0x000010c0      0x55d ./src/userHandler.o
 .debug_line    0x0000161d       0xed ./src/webpage.o
 .debug_line    0x0000170a      0x55b D:\WIZnet\__Purple\___LPCXpresso_Workspace\wiznet_evb_w5500evb_board\Debug\libwiznet_evb_w5500evb_board.a(board.o)
 .debug_line    0x00001c65      0x43a D:\WIZnet\__Purple\___LPCXpresso_Workspace\wiznet_evb_w5500evb_board\Debug\libwiznet_evb_w5500evb_board.a(board_sysinit.o)
 .debug_line    0x0000209f      0x5e1 D:\WIZnet\__Purple\___LPCXpresso_Workspace\wiznet_evb_w5500evb_board\Debug\libwiznet_evb_w5500evb_board.a(w5500_spi.o)
 .debug_line    0x00002680      0x473 D:\WIZnet\__Purple\___LPCXpresso_Workspace\lpc_chip_11exx\Debug\liblpc_chip_11exx.a(adc_11xx.o)
 .debug_line    0x00002af3      0x2f6 D:\WIZnet\__Purple\___LPCXpresso_Workspace\lpc_chip_11exx\Debug\liblpc_chip_11exx.a(chip_11xx.o)
 .debug_line    0x00002de9      0x421 D:\WIZnet\__Purple\___LPCXpresso_Workspace\lpc_chip_11exx\Debug\liblpc_chip_11exx.a(clock_11xx.o)
 .debug_line    0x0000320a      0x3e1 D:\WIZnet\__Purple\___LPCXpresso_Workspace\lpc_chip_11exx\Debug\liblpc_chip_11exx.a(gpio_11xx_1.o)